[udvash.com/Branch.html]
[backblue.gif]
[fade.gif]
[index.html]
[udvash.com/media/Images/UDVASH/Common/favicon.png]
[udvash.com/Themes/NewUdvashUnmeshTheme/lib/bootstrap/css/bootstrap.min5488.css]
[udvash.com/Themes/NewUdvashUnmeshTheme/lib/bootstrap-icons/bootstrap-icons.css]
[udvash.com/Themes/NewUdvashUnmeshTheme/lib/aos/aos.css]
[udvash.com/Themes/NewUdvashUnmeshTheme/lib/swiper/swiper-bundle.min.css]
[udvash.com/Themes/NewUdvashUnmeshTheme/lib/glightbox/css/glightbox.min.css]
[udvash.com/css/ncc-common.css]
[udvash.com/lib/css-loader/dist/css-loader.css]
[udvash.com/Themes/NewUdvashUnmeshTheme/css/style.css]
[udvash.com/Themes/NewUdvashUnmeshTheme/css/udm_custom23cb.css]
[udvash.com/media/Images/UDVASH/Common/Udvash-Logo.png]
[udvash.com/Program.html]
[udvash.com/media/Images/UDVASH/Common/callusicon.png]
[udvash.com/UMS.UdvashUnmesh/lib/bootstrap/css/bootstrap.min.css]
[udvash.com/UMS.UdvashUnmesh/lib/bootstrap-icons/bootstrap-icons.css]
[udvash.com/UMS.UdvashUnmesh/lib/aos/aos.css]
[udvash.com/UMS.UdvashUnmesh/lib/swiper/swiper-bundle.min.css]
[udvash.com/UMS.UdvashUnmesh/lib/glightbox/css/glightbox.min.css]
[udvash.com/UMS.UdvashUnmesh/css/uuu_custom.css]
[udvash.com/UMS.UdvashUnmesh/lib/jquery/jquery.min.js]
[udvash.com/UMS.UdvashUnmesh/lib/bootstrap/js/bootstrap.bundle.min.js]
[udvash.com/UMS.UdvashUnmesh/lib/aos/aos.js]
[udvash.com/UMS.UdvashUnmesh/lib/swiper/swiper-bundle.min.js]
[udvash.com/UMS.UdvashUnmesh/lib/purecounter/purecounter.js]
[udvash.com/UMS.UdvashUnmesh/lib/glightbox/js/glightbox.min.js]
[udvash.com/Branch/Details/23.html]
[udvash.com/media/Images/Udvash/Common/mapicon.png]
[udvash.com/Branch/Details/13.html]
[udvash.com/Branch/Details/18.html]
[udvash.com/Branch/Details/17.html]
[udvash.com/Branch/Details/16.html]
[udvash.com/Branch/Details/1.html]
[udvash.com/Branch/Details/2.html]
[udvash.com/Branch/Details/10.html]
[udvash.com/Branch/Details/65.html]
[udvash.com/Branch/Details/15.html]
[udvash.com/Branch/Details/8.html]
[udvash.com/Branch/Details/7.html]
[udvash.com/Branch/Details/12.html]
[udvash.com/Branch/Details/5.html]
[udvash.com/Branch/Details/3.html]
[udvash.com/Branch/Details/21.html]
[udvash.com/Branch/Details/14.html]
[udvash.com/Branch/Details/6.html]
[udvash.com/Branch/Details/4.html]
[udvash.com/Branch/Details/9.html]
[udvash.com/Branch/Details/27.html]
[udvash.com/Branch/Details/19.html]
[udvash.com/Branch/Details/22.html]
[udvash.com/Branch/Details/36.html]
[udvash.com/Branch/Details/59.html]
[udvash.com/Branch/Details/43.html]
[udvash.com/Branch/Details/60.html]
[udvash.com/Branch/Details/61.html]
[udvash.com/Branch/Details/42.html]
[udvash.com/Branch/Details/72.html]
[udvash.com/Branch/Details/74.html]
[udvash.com/Branch/Details/41.html]
[udvash.com/Branch/Details/47.html]
[udvash.com/Branch/Details/63.html]
[udvash.com/Branch/Details/24.html]
[udvash.com/Branch/Details/25.html]
[udvash.com/Branch/Details/32.html]
[udvash.com/Branch/Details/64.html]
[udvash.com/Branch/Details/49.html]
[udvash.com/Branch/Details/48.html]
[udvash.com/Branch/Details/31.html]
[udvash.com/Branch/Details/55.html]
[udvash.com/Branch/Details/52.html]
[udvash.com/Branch/Details/54.html]
[udvash.com/Branch/Details/56.html]
[udvash.com/Branch/Details/40.html]
[udvash.com/Branch/Details/20.html]
[udvash.com/Branch/Details/45.html]
[udvash.com/Branch/Details/62.html]
[udvash.com/Branch/Details/35.html]
[udvash.com/Branch/Details/39.html]
[udvash.com/Branch/Details/26.html]
[udvash.com/Branch/Details/38.html]
[udvash.com/Branch/Details/57.html]
[udvash.com/Branch/Details/77.html]
[udvash.com/Branch/Details/78.html]
[udvash.com/Branch/Details/58.html]
[udvash.com/Branch/Details/34.html]
[udvash.com/Branch/Details/70.html]
[udvash.com/Branch/Details/79.html]
[udvash.com/Branch/Details/80.html]
[udvash.com/Branch/Details/69.html]
[udvash.com/Branch/Details/71.html]
[udvash.com/Branch/Details/75.html]
[udvash.com/Branch/Details/33.html]
[udvash.com/Branch/Details/37.html]
[udvash.com/Branch/Details/51.html]
[udvash.com/Branch/Details/50.html]
[udvash.com/Branch/Details/73.html]
[udvash.com/Branch/Details/76.html]
[udvash.com/Branch/Details/68.html]
[udvash.com/Branch/Details/46.html]
[udvash.com/Branch/Details/29.html]
[udvash.com/Branch/Details/53.html]
[udvash.com/Branch/Details/44.html]
[udvash.com/Branch/Details/28.html]
[udvash.com/Branch/Details/66.html]
[udvash.com/Branch/Details/67.html]
[udvash.com/Branch/Details/30.html]
[udvash.com/UMS.UdvashUnmesh/js/udm_custom.js]
[onnorokomprojukti.com/lib/m2-analytics.js]
[udvash.com/media/Images/UDVASH/Common/footer-logo.png]
[udvash.com/AboutUs.html]
[udvash.com/privacy-policy.html]
[udvash.com/terms-conditions.html]
[udvash.com/Teacher/RegistrationStepOne.html]
[udvash.com/cdn-cgi/l/email-protection.html]
[unmesh.com/media/Images/Unmesh/facebook.png]
[unmesh.com/media/Images/Unmesh/youtube.png]
[unmesh.com/media/Images/Unmesh/instagram.png]
[unmesh.com/media/Images/Unmesh/linkedIn.png]
[udvash.com/cdn-cgi/scripts/5c5dd728/cloudflare-static/email-decode.min.js]
[connect.facebook.net/en_US/fbevents.js]
[udvash.com/Themes/NewUdvashUnmeshTheme/lib/jquery/jquery.min.js]
[udvash.com/Themes/NewUdvashUnmeshTheme/lib/bootstrap/js/bootstrap.bundle.min.js]
[udvash.com/Themes/NewUdvashUnmeshTheme/lib/aos/aos.js]
[udvash.com/Themes/NewUdvashUnmeshTheme/lib/swiper/swiper-bundle.min.js]
[udvash.com/Themes/NewUdvashUnmeshTheme/lib/purecounter/purecounter.js]
[udvash.com/Themes/NewUdvashUnmeshTheme/lib/glightbox/js/glightbox.min.js]
[udvash.com/Themes/NewUdvashUnmeshTheme/js/main.js]
[udvash.com/Branch.html]
[udvash.com/Themes/NewUdvashUnmeshTheme/lib/bootstrap/css/bootstrap.min5488.css]
[udvash.com/Themes/NewUdvashUnmeshTheme/js/custom.js]
[udvash.com/Themes/NewUdvashUnmeshTheme/lib/bootstrap-icons/bootstrap-icons.css]
[udvash.com/Themes/NewUdvashUnmeshTheme/lib/aos/aos.css]
[udvash.com/Themes/NewUdvashUnmeshTheme/lib/swiper/swiper-bundle.min.css]
[udvash.com/Themes/NewUdvashUnmeshTheme/lib/glightbox/css/glightbox.min.css]
[udvash.com/Themes/NewUdvashUnmeshTheme/lib/bootstrap-icons/fonts/bootstrap-iconse36a.woff]
[udvash.com/Themes/NewUdvashUnmeshTheme/lib/bootstrap-icons/fonts/bootstrap-iconse36a.woff2]
[udvash.com/images/circleLoader.gif]
[udvash.com/css/ncc-common.css]
[udvash.com/lib/css-loader/dist/css-loader.css]
[udvash.com/Themes/NewUdvashUnmeshTheme/lib/fonts/Hind_Siliguri-Bold.ttf]
[udvash.com/Themes/NewUdvashUnmeshTheme/lib/fonts/Lato-Regular.ttf]
[udvash.com/Themes/NewUdvashUnmeshTheme/lib/fonts/Hind_Siliguri-Regular_GhOgZt6.ttf]
[udvash.com/Themes/NewUdvashUnmeshTheme/lib/fonts/Hind_Siliguri_SemiBold-Regular.ttf]
[udvash.com/Themes/NewUdvashUnmeshTheme/lib/fonts/Lato-Bold.ttf]
[udvash.com/Themes/NewUdvashUnmeshTheme/css/style.css]
[udvash.com/Themes/NewUdvashUnmeshTheme/img/udvash/successbg.png]
[udvash.com/Themes/NewUdvashUnmeshTheme/img/udvash/counterbg.png]
[udvash.com/Themes/NewUdvashUnmeshTheme/lib/fonts/Lato-Heavy.ttf]
[udvash.com/Themes/NewUdvashUnmeshTheme/img/udvash/testimonialbg.png]
[udvash.com/Themes/NewUdvashUnmeshTheme/img/udvash/videobg.png]
[udvash.com/Themes/NewUdvashUnmeshTheme/lib/fonts/BalooDa2-Regular.ttf]
[udvash.com/Themes/NewUdvashUnmeshTheme/img/udvash/serviceBefore.png]
[udvash.com/Themes/NewUdvashUnmeshTheme/img/udvash/serviceAfter.png]
[udvash.com/Themes/NewUdvashUnmeshTheme/img/udvash/easyBg.png]
[udvash.com/Themes/NewUdvashUnmeshTheme/css/udm_custom23cb.css]
[udvash.com/index.html]
[udvash.com/HomePage.html]
[udvash.com/media/Images/UDVASH/program/2024/ap24/04.png]
[udvash.com/media/Images/UDVASH/program/2024/ap24/01.png]
[udvash.com/Program/Details/eap2024online.html]
[udvash.com/media/Images/UDVASH/program/2024/ap24/07.png]
[udvash.com/Program/Details/vapka2024offline.html]
[udvash.com/Program/Details/vapka2024online.html]
[udvash.com/Program/Details/eap2024offline.html]
[udvash.com/media/Images/UDVASH/program/2024/ap24/10.png]
[udvash.com/Program/Details/vapkha2024offline.html]
[udvash.com/Program/Details/vapkha2024online.html]
[udvash.com/media/Images/UDVASH/program/KrishiGSPC23.png]
[udvash.com/Program/Details/agriguccho23.html]
[udvash.com/media/Images/UDVASH/program/2024/1/HSC24FMTofon.png]
[udvash.com/Program/Details/HSC24FMT24Offline.html]
[udvash.com/Program/Details/HSC24FMT24Online.html]
[udvash.com/media/Images/UDVASH/program/2024/1/2ndYearAc24PPOOC.png]
[udvash.com/Program/Details/hsc2ndyearoffline.html]
[udvash.com/Program/Details/hsc2ndyearonline.html]
[udvash.com/media/Images/UDVASH/program/2024/HSC2ndyearFreeclass.png]
[udvash.com/Program/Details/hsc2ndyearfreeclass.html]
[udvash.com/media/Images/UDVASH/program/2024/CAP22SFFMT24.png]
[udvash.com/Program/Details/cap24sfmtoff.html]
[udvash.com/Program/Details/cap24sfmton.html]
[udvash.com/media/Images/UDVASH/program/2024/1/HSC2024MTOffOn2.png]
[udvash.com/Program/Details/hsc24scienceoffline.html]
[udvash.com/Program/Details/hsc24scienceonline.html]
[udvash.com/media/Images/UDVASH/program/2024/HSCMT24AfterEid.png]
[udvash.com/Program/Details/hscmt20242ndroffline.html]
[udvash.com/Program/Details/hscmt20242ndronline.html]
[udvash.com/media/Images/UDVASH/program/2024/1/HSCBEFreeCourse2.png]
[udvash.com/Program/Details/HSCBEFC24.html]
[udvash.com/media/Images/UDVASH/program/2024/1/1stYearPioneerBatch.png]
[udvash.com/Program/Details/1stYear25PioneerBatch.html]
[udvash.com/media/Images/UDVASH/program/1/class10ap24OP.png]
[udvash.com/Program/Details/class10offline24.html]
[udvash.com/Program/Details/class10online24.html]
[udvash.com/media/Images/UDVASH/z/Class10BanEngFC24.png]
[udvash.com/Program/Details/Class10BanEngFC24.html]
[udvash.com/media/Images/UDVASH/program/2024/9Academic24o.png]
[udvash.com/Program/Details/class9on24.html]
[udvash.com/media/Images/UDVASH/program/2024/8Academic24.png]
[udvash.com/Program/Details/class8on2024.html]
[udvash.com/media/Images/UDVASH/program/2024/7Academic24CO.png]
[udvash.com/Program/Details/class7academic24.html]
[udvash.com/media/Images/UDVASH/zz/6Academic24.png]
[udvash.com/Program.html]
[udvash.com/UMS.UdvashUnmesh/lib/bootstrap/css/bootstrap.min.css]
[udvash.com/Program/Details/class6on24.html]
[udvash.com/UMS.UdvashUnmesh/lib/bootstrap-icons/bootstrap-icons.css]
[udvash.com/UMS.UdvashUnmesh/lib/aos/aos.css]
[udvash.com/UMS.UdvashUnmesh/lib/swiper/swiper-bundle.min.css]
[udvash.com/UMS.UdvashUnmesh/lib/glightbox/css/glightbox.min.css]
[udvash.com/UMS.UdvashUnmesh/lib/bootstrap-icons/fonts/bootstrap-iconse36a.woff2]
[udvash.com/UMS.UdvashUnmesh/lib/bootstrap-icons/fonts/bootstrap-iconse36a.woff]
[udvash.com/UMS.UdvashUnmesh/lib/fonts/Hind_Siliguri-Bold.ttf]
[udvash.com/UMS.UdvashUnmesh/lib/fonts/Hind_Siliguri-Regular_GhOgZt6.ttf]
[udvash.com/UMS.UdvashUnmesh/lib/fonts/Hind_Siliguri_SemiBold-Regular.ttf]
[udvash.com/UMS.UdvashUnmesh/lib/fonts/Lato-Regular.ttf]
[udvash.com/UMS.UdvashUnmesh/lib/fonts/Lato-Bold.ttf]
[udvash.com/UMS.UdvashUnmesh/img/heroPattern.html]
[udvash.com/media/Images/UDVASH/Common/courseBefore.png]
[udvash.com/media/Images/UDVASH/Common/courseafter.png]
[udvash.com/UMS.UdvashUnmesh/lib/fonts/BalooDa2-Regular.ttf]
[udvash.com/media/Images/UDVASH/Testimonial/udvashAfter.png]
[udvash.com/media/Images/UDVASH/Testimonial/unmeshAfter.png]
[udvash.com/UMS.UdvashUnmesh/lib/fonts/Lato-Heavy.ttf]
[udvash.com/UMS.UdvashUnmesh/css/uuu_custom.css]
[udvash.com/Branch/Details/23.html]
[udvash.com/Branch/Details/13.html]
[udvash.com/Branch/Details/18.html]
[udvash.com/Branch/Details/17.html]
[udvash.com/Branch/Details/16.html]
[udvash.com/Branch/Details/1.html]
[udvash.com/Branch/Details/2.html]
[udvash.com/Branch/Details/10.html]
[udvash.com/Branch/Details/65.html]
[udvash.com/Branch/Details/15.html]
[udvash.com/Branch/Details/8.html]
[udvash.com/Branch/Details/7.html]
[udvash.com/Branch/Details/12.html]
[udvash.com/Branch/Details/5.html]
[udvash.com/Branch/Details/3.html]
[udvash.com/Branch/Details/21.html]
[udvash.com/Branch/Details/14.html]
[udvash.com/Branch/Details/6.html]
[udvash.com/Branch/Details/4.html]
[udvash.com/Branch/Details/9.html]
[udvash.com/Branch/Details/27.html]
[udvash.com/Branch/Details/19.html]
[udvash.com/Branch/Details/22.html]
[udvash.com/Branch/Details/36.html]
[udvash.com/Branch/Details/59.html]
[udvash.com/Branch/Details/43.html]
[udvash.com/Branch/Details/60.html]
[udvash.com/Branch/Details/61.html]
[udvash.com/Branch/Details/42.html]
[udvash.com/Branch/Details/72.html]
[udvash.com/Branch/Details/74.html]
[udvash.com/Branch/Details/41.html]
[udvash.com/Branch/Details/47.html]
[udvash.com/Branch/Details/63.html]
[udvash.com/Branch/Details/24.html]
[udvash.com/Branch/Details/25.html]
[udvash.com/Branch/Details/32.html]
[udvash.com/Branch/Details/64.html]
[udvash.com/Branch/Details/49.html]
[udvash.com/Branch/Details/48.html]
[udvash.com/Branch/Details/31.html]
[udvash.com/Branch/Details/55.html]
[udvash.com/Branch/Details/52.html]
[udvash.com/Branch/Details/54.html]
[udvash.com/Branch/Details/56.html]
[udvash.com/Branch/Details/40.html]
[udvash.com/Branch/Details/20.html]
[udvash.com/Branch/Details/45.html]
[udvash.com/Branch/Details/62.html]
[udvash.com/Branch/Details/35.html]
[udvash.com/Branch/Details/39.html]
[udvash.com/Branch/Details/26.html]
[udvash.com/Branch/Details/38.html]
[udvash.com/Branch/Details/57.html]
[udvash.com/Branch/Details/77.html]
[udvash.com/Branch/Details/78.html]
[udvash.com/Branch/Details/58.html]
[udvash.com/Branch/Details/34.html]
[udvash.com/Branch/Details/70.html]
[udvash.com/Branch/Details/79.html]
[udvash.com/Branch/Details/80.html]
[udvash.com/Branch/Details/69.html]
[udvash.com/Branch/Details/71.html]
[udvash.com/Branch/Details/75.html]
[udvash.com/Branch/Details/33.html]
[udvash.com/Branch/Details/37.html]
[udvash.com/Branch/Details/51.html]
[udvash.com/Branch/Details/50.html]
[udvash.com/Branch/Details/73.html]
[udvash.com/Branch/Details/76.html]
[udvash.com/Branch/Details/68.html]
[udvash.com/Branch/Details/29.html]
[udvash.com/Branch/Details/46.html]
[udvash.com/Branch/Details/53.html]
[udvash.com/Branch/Details/44.html]
[udvash.com/Branch/Details/28.html]
[udvash.com/Branch/Details/66.html]
[udvash.com/Branch/Details/67.html]
[udvash.com/Branch/Details/30.html]
[udvash.com/media/Images/UDVASH/Testimonial/uttoronAfter.html]
[udvash.com/media/Images/UDVASH/Common/Group 9417.png]
[udvash.com/media/Images/UDVASH/Common/Group 24800.png]
[udvash.com/media/Images/UDVASH/Common/Group 24913.png]
[udvash.com/media/Images/UDVASH/Common/about3.png]
[udvash.com/media/Images/UDVASH/Common/values1.png]
[udvash.com/AboutUs.html]
[udvash.com/privacy-policy.html]
[udvash.com/terms-conditions.html]
[cdn.jsdelivr.net/npm/jquery-validation@1.19.5/dist/jquery.validate.min.js]
[www.google.com/recaptcha/api.js]
[udvash.com/Teacher/RegistrationStepOne.html]
[udvash.com/cdn-cgi/l/email-protection.html]
[udvash.com/Home/ResourceNotFound.html]
[udvash.com/POST.html]
[connect.facebook.net/en_US/fbevents.js]
[udvash.com/signals/iwl.html]
[udvash.com/media/Images/UDVASH/sliderimage/2024/a/BUET23Top3Web.png]
[udvash.com/media/Images/UDVASH/sliderimage/2024/a/BUET23Top3Mob.png]
[udvash.com/media/Images/UDVASH/sliderimage/2024/a/MAP23Top3Web1.png]
[udvash.com/media/Images/UDVASH/sliderimage/2024/a/MAP23Top3Mob1.png]
[udvash.com/media/Images/UDVASH/sliderimage/2024/a/CKRUET23Top3Web.png]
[udvash.com/media/Images/UDVASH/sliderimage/2024/a/CKRUET23Top3Mob.png]
[udvash.com/media/Images/UDVASH/sliderimage/2024/a/DU23Top3Web.png]
[udvash.com/media/Images/UDVASH/sliderimage/2024/a/DU23Top3Mob.png]
[udvash.com/media/Images/UDVASH/SuccessSlider/BUET2310Top10Success.png]
[udvash.com/media/Images/UDVASH/SuccessSlider/Med23Top50Success.png]
[udvash.com/media/Images/UDVASH/SuccessSlider/BUTex23Top10Success1.png]
[udvash.com/media/Images/UDVASH/SuccessSlider/CKRUET23Top10Success.png]
[udvash.com/media/Images/UDVASH/SuccessSlider/IUT23Top10Success.png]
[udvash.com/media/Images/UDVASH/Common/buet.png]
[udvash.com/media/Images/UDVASH/Common/medical.png]
[udvash.com/media/Images/UDVASH/Common/dhabi.png]
[udvash.com/media/Images/UDVASH/Common/CKRUET3.png]
[udvash.com/media/Images/UDVASH/Testimonial/BUET23PP1.png]
[udvash.com/media/Images/UDVASH/Testimonial/BUET23PP2.png]
[udvash.com/media/Images/UDVASH/Testimonial/BUET23PP3.png]
[udvash.com/media/Images/UDVASH/Testimonial/DU23PP1.png]
[udvash.com/media/Images/UDVASH/Testimonial/DU23PP2.png]
[udvash.com/media/Images/UDVASH/Testimonial/DU23PP3.png]
[udvash.com/media/Images/UDVASH/Thumbnail/BUET231stThumbnail1.png]
[udvash.com/media/Images/UDVASH/Common/onlineofline.png]
[udvash.com/media/Images/UDVASH/Common/teacher.png]
[udvash.com/media/Images/UDVASH/Common/materials.png]
[udvash.com/media/Images/UDVASH/Common/concept.png]
[udvash.com/media/Images/UDVASH/Common/unique.png]
[udvash.com/media/Images/UDVASH/Common/Q & A.png]
[udvash.com/media/Images/UDVASH/Common/sms.png]
[udvash.com/media/Images/UDVASH/Common/analysis.png]
[udvash.com/media/Images/UDVASH/Common/deshbapy2.png]
[udvash.com/media/Images/UDVASH/Common/prostuti.png]
[udvash.com/HomePage.html]
[udvash.com/media/Files/Routine/2024/FRC/1g/FRCPreEAP01b.pdf]
[udvash.com/media/Files/Routine/2024/FRC/2d/FRCPreEAP02e.pdf]
[udvash.com/media/Files/Routine/2024/FRC/3g/FRCPreEAP03.pdf]
[udvash.com/media/Files/Routine/2024/FRC/FRCPreSyllabus3.pdf]
[udvash.com/media/Images/udvash/Common/courseDetails.png]
[udvash.com/Program/Details/eap2024offline.html]
[udvash.com/Program/Details/eap2024online.html]
[udvash.com/media/Files/Routine/2024/FRC/1g/FRCPreVAP01b.pdf]
[udvash.com/media/Files/Routine/2024/FRC/2d/FRCPreVAP02d.pdf]
[udvash.com/media/Files/Routine/2024/FRC/3g/FRCPreVAP03.pdf]
[udvash.com/Program/Details/vapka2024offline.html]
[udvash.com/Program/Details/vapka2024online.html]
[udvash.com/media/Files/Routine/2024/FRC/1g/FRCBEIP1.pdf]
[udvash.com/media/Files/Routine/2024/FRC/2d/FRCBEIP2.pdf]
[udvash.com/media/Files/Routine/2024/FRC/3g/FRCBEIP3.pdf]
[udvash.com/Program/Details/vapkha2024offline.html]
[udvash.com/Program/Details/vapkha2024online.html]
[udvash.com/media/Files/Routine/2023/AP23/AgriGuccha24.pdf]
[udvash.com/Program/Details/agriguccho23.html]
[udvash.com/media/Files/Routine/2024/HSCMT24/fmt/HSCFMT24Girls.pdf]
[udvash.com/media/Files/Routine/2024/HSCMT24/fmt/HSCFMT24Boys.pdf]
[udvash.com/media/Files/Routine/2024/HSCMT24/fmt/HSCFMT24Online.pdf]
[udvash.com/Program/Details/HSC24FMT24Offline.html]
[udvash.com/Program/Details/HSC24FMT24Online.html]
[udvash.com/media/Files/Routine/2024/Class12/HSC2ndyearLeaflet24.pdf]
[udvash.com/Program/Details/hsc2ndyearoffline.html]
[udvash.com/media/Files/Routine/2024/Class12/HSC2ndY24syllabusBV.pdf]
[udvash.com/media/Files/Routine/2024/Class12/HSC2ndY24syllabusEV.pdf]
[udvash.com/media/Files/Routine/2024/Class12/BV2ndYearRoutine.pdf]
[udvash.com/media/Files/Routine/2024/Class12/EV2ndYearRoutine.pdf]
[udvash.com/Program/Details/hsc2ndyearonline.html]
[udvash.com/media/Files/Routine/2024/Class12/BV2ndFreeClass.pdf]
[udvash.com/Program/Details/hsc2ndyearfreeclass.html]
[udvash.com/Program/Details/cap24sfmtoff.html]
[udvash.com/Program/Details/cap24sfmton.html]
[udvash.com/media/Files/Routine/2024/HSCMT24/HSCMTLeaflet2.pdf]
[udvash.com/media/Files/Routine/2024/HSCMT24/3/HSCMTGirlsOff.pdf]
[udvash.com/media/Files/Routine/2024/HSCMT24/3/HSCMTBoysOff.pdf]
[udvash.com/media/Files/Routine/2024/HSCMT24/3/HSCMTOnline.pdf]
[udvash.com/media/Files/Routine/2024/HSCMT24/HSCMTMissingExamOnline.pdf]
[udvash.com/Program/Details/hsc24scienceoffline.html]
[udvash.com/Program/Details/hsc24scienceonline.html]
[udvash.com/media/Files/Routine/2024/HSCMT24/2R/HSCMTGirlsOff2ndRound.pdf]
[udvash.com/media/Files/Routine/2024/HSCMT24/2R/HSCMTBoysOff2ndRound1.pdf]
[udvash.com/media/Files/Routine/2024/HSCMT24/2R/HSCMTOnline2ndRound.pdf]
[udvash.com/Program/Details/hscmt20242ndroffline.html]
[udvash.com/Program/Details/hscmt20242ndronline.html]
[udvash.com/media/Files/Routine/2024/HSCBEFreeClass24.pdf]
[udvash.com/Program/Details/HSCBEFC24.html]
[udvash.com/media/Files/Routine/2025/HSC1st25/HSC1stYearAcademicPBLeafletM24.pdf]
[udvash.com/media/Files/Routine/2025/HSC1st25/BVHSC1stYearPioneerSyllabusA.pdf]
[udvash.com/media/Files/Routine/2025/HSC1st25/EVHSC1stYearPioneerSyllabusMay6.pdf]
[udvash.com/media/Files/Routine/2025/HSC1st25/BV1stYearPioneer25May6.pdf]
[udvash.com/media/Files/Routine/2025/HSC1st25/EV1stYearPioneer25May6.pdf]
[udvash.com/Program/Details/1stYear25PioneerBatch.html]
[udvash.com/media/Files/Routine/2024/Class10/Class10Leaflet.pdf]
[udvash.com/Program/Details/class10offline24.html]
[udvash.com/media/Files/Routine/2024/Class10/Class10Syllabus24BV1.pdf]
[udvash.com/media/Files/Routine/2024/Class10/Class10Syllabus24EV2.pdf]
[udvash.com/media/Files/Routine/2024/Class10/Class10Part01BV4.pdf]
[udvash.com/media/Files/Routine/2024/Class10/Class10Part01EV3.pdf]
[udvash.com/media/Files/Routine/2024/Class10/Class10Part02BV3.pdf]
[udvash.com/media/Files/Routine/2024/Class10/Class10Part02EV3.pdf]
[udvash.com/media/Files/Routine/2024/Class10/Class10Part03BVb.pdf]
[udvash.com/media/Files/Routine/2024/Class10/Class10Part03EVb.pdf]
[udvash.com/Program/Details/class10online24.html]
[udvash.com/media/Files/Routine/2024/Class10BE/Class10Ban-EngLeaflet24.pdf]
[udvash.com/media/Files/Routine/2024/Class10BE/10BanEng24b.pdf]
[udvash.com/Program/Details/Class10BanEngFC24.html]
[udvash.com/media/Files/Routine/2024/6to9Leaflet2.pdf]
[udvash.com/media/Files/Routine/2024/Class9/Class9SyllabusBE2.pdf]
[udvash.com/media/Files/Routine/2024/Class9/BVClass9SyllabusMS.pdf]
[udvash.com/media/Files/Routine/2024/Class9/EVClass9SyllabusMS.pdf]
[udvash.com/media/Files/Routine/2024/Class9/Class9RoutineBanEngM21.pdf]
[udvash.com/media/Files/Routine/2024/Class9/Class9BanEngP2.pdf]
[udvash.com/media/Files/Routine/2024/Class9/BVClass9RoutineMathSci1Ap21.pdf]
[udvash.com/media/Files/Routine/2024/Class9/EVClass9RoutineMathSci1Ap21.pdf]
[udvash.com/Program/Details/class9on24.html]
[udvash.com/media/Files/Routine/2024/Class8/8BanEng1e.pdf]
[udvash.com/media/Files/Routine/2024/Class8/8BanEngpart2a.pdf]
[udvash.com/media/Files/Routine/2024/Class8/8MathSci1d.pdf]
[udvash.com/media/Files/Routine/2024/Class8/8MathScipart2.pdf]
[udvash.com/Program/Details/class8on2024.html]
[udvash.com/media/Files/Routine/2024/Class7/Class7SyllabusBE2.pdf]
[udvash.com/media/Files/Routine/2024/Class7/Class7SyllabusMS.pdf]
[udvash.com/media/Files/Routine/2024/Class7/Class7RoutineBanEngM11.pdf]
[udvash.com/media/Files/Routine/2024/Class7/Class7BagEngp2.pdf]
[udvash.com/media/Files/Routine/2024/Class7/Class7RoutineMathSciAp21.pdf]
[udvash.com/Program/Details/class7academic24.html]
[udvash.com/media/Files/Routine/2024/Class6/6BanEng1c.pdf]
[udvash.com/media/Files/Routine/2024/Class6/6BanEng2a.pdf]
[udvash.com/media/Files/Routine/2024/Class6/6MathSci1d.pdf]
[udvash.com/media/Files/Routine/2024/Class6/6MathScipart2.pdf]
[udvash.com/Program/Details/class6on24.html]
[udvash.com/lib/bootstrap/css/bootstrap.min.css]
[udvash.com/css/metisMenu.min.css]
[udvash.com/css/sb-admin-2.min.css]
[udvash.com/lib/font-awesome/css/font-awesome.min.css]
[udvash.com/lib/jquery/jquery.min.js]
[udvash.com/lib/jquery-serializeObject/jquery.serializeObject.min.js]
[udvash.com/lib/bootstrap/js/bootstrap.min.js]
[udvash.com/lib/notifyjs/notify.min.js]
[udvash.com/js/ncc-commone352.js]
[udvash.com/js/metisMenu.min.js]
[udvash.com/js/sb-admin-2.min.js]
[udvash.com/lib/moment/moment.js]
[udvash.com/lib/bootstrap-datetimepicker/css/bootstrap-datetimepicker.min.css]
[udvash.com/UMS.UdvashUnmesh/img/heroPattern.html]
[udvash.com/media/Images/UDVASH/Testimonial/uttoronAfter.html]
[udvash.com/Home/ResourceNotFound.html]
[udvash.com/lib/bootstrap-datetimepicker/js/bootstrap-datetimepicker.min.js]
[udvash.com/media/Images/Top Result-20-21/DU-1st.png]
[udvash.com/Post/সিয়াম---.html]
[udvash.com/media/Images/Top Result-20-21/BUET-2nd.png]
[udvash.com/Post/অনিক-.html]
[udvash.com/media/Images/Top Result-20-21/BUET-1st.png]
[udvash.com/Post/মেফতাউল সিয়াম.html]
[udvash.com/media/Images/Top Result-20-21/DU-2nd.png]
[udvash.com/Post/আসিফ.html]
[udvash.com/media/Images/Top Result-20-21/BUET-3rd.png]
[udvash.com/Post/সামিন.html]
[udvash.com/media/Images/Top Result-20-21/DU-3rd.png]
[udvash.com/Post/নিত্য.html]
[udvash.com/media/Images/Top Result-20-21/ENG Guccho-1st.png]
[udvash.com/Post/সৌমিক.html]
[udvash.com/media/Images/Top Result-20-21/ENG Guccho-2nd.png]
[udvash.com/Post/মঈন.html]
[udvash.com/media/Images/Top Result-20-21/ENG Guccho-3rd.png]
[udvash.com/Post/সিয়াম-.html]
[udvash.com/media/Images/Top Result-20-21/IUT-1st.png]
[udvash.com/Post/সিয়াম.html]
[udvash.com/POST.html]
[udvash.com/Post/index2679.html]
[udvash.com/schema.org/index.html]
[udvash.com/signals/iwl.html]
[udvash.com/media/Files/Routine/2024/Class12/EV2ndFreeClass.pdf]
[udvash.com/media/Files/Routine/2024/CA24/FM/NDC24FMRoutine.pdf]
[udvash.com/media/Files/Routine/2024/CA24/FM/HCC24FMRoutine.pdf]
[udvash.com/lib/bootstrap/fonts/glyphicons-halflings-regulard41d.eot]
[udvash.com/lib/bootstrap/fonts/glyphicons-halflings-regular.woff2]
[udvash.com/lib/bootstrap/fonts/glyphicons-halflings-regular.woff]
[udvash.com/lib/bootstrap/css/bootstrap.min.css]
[udvash.com/css/metisMenu.min.css]
[udvash.com/css/sb-admin-2.min.css]
[udvash.com/lib/bootstrap/fonts/glyphicons-halflings-regular.ttf]
[udvash.com/lib/bootstrap/fonts/glyphicons-halflings-regular.svg]
[udvash.com/lib/font-awesome/fonts/fontawesome-webfont5b62.eot]
[udvash.com/lib/font-awesome/fonts/fontawesome-webfontd41d.eot]
[udvash.com/lib/font-awesome/fonts/fontawesome-webfont5b62.woff2]
[udvash.com/lib/font-awesome/fonts/fontawesome-webfont5b62.woff]
[udvash.com/lib/font-awesome/fonts/fontawesome-webfont5b62.ttf]
[udvash.com/lib/font-awesome/css/font-awesome.min.css]
[udvash.com/lib/bootstrap-datetimepicker/css/bootstrap-datetimepicker.min.css]
[udvash.com/Post/সিয়াম---.html]
[udvash.com/Category/Index/indexbfdf.html]
[udvash.com/Post/অনিক-.html]
[udvash.com/Post/মেফতাউল সিয়াম.html]
[udvash.com/Post/আসিফ.html]
[udvash.com/Post/সামিন.html]
[udvash.com/Post/নিত্য.html]
[udvash.com/Post/সৌমিক.html]
[udvash.com/Post/মঈন.html]
[udvash.com/Post/সিয়াম-.html]
[udvash.com/Post/সিয়াম.html]
[udvash.com/lib/font-awesome/fonts/fontawesome-webfont5b62.svg]
[udvash.com/media/Images/Top Result-20-21/IUT-2nd.png]
[udvash.com/Post/index2679.html]
[udvash.com/Post/মুহিত.html]
[udvash.com/lib/bootstrap/fonts/glyphicons-halflings-regular.svg]
[udvash.com/lib/font-awesome/fonts/fontawesome-webfont5b62.svg]
[udvash.com/Post/index02e4.html]
[udvash.com/Post/মুহিত.html]
[udvash.com/Post/index02e4.html]
[udvash.com/Post/index4658.html]
[udvash.com/media/Images/Top Result-20-21/IUT-3rd.png]
[udvash.com/Post/index4658.html]
[udvash.com/Post/রিফাত.html]
[udvash.com/Post/index9ba9.html]
[udvash.com/Post/রিফাত.html]
[udvash.com/media/Images/Top Result-20-21/BUTEX-1st.png]
[udvash.com/Post/index9ba9.html]
[udvash.com/Post/index.html]
[udvash.com/Post/সাদ.html]
[udvash.com/Post/indexfdb0.html]
[udvash.com/Post/সাদ.html]
[udvash.com/media/Images/Top Result-20-21/BUTEX-2nd.png]
[udvash.com/Post/indexfdb0.html]
[udvash.com/Post/ফাহিম.html]
[udvash.com/Post/ফাহিম.html]
[udvash.com/Post/indexaf4d.html]
[udvash.com/media/Images/Top Result-20-21/BUTEX-3rd.png]
[udvash.com/Post/indexaf4d.html]
[udvash.com/Post/আবীর.html]
[udvash.com/Post/আবীর.html]
[udvash.com/Post/indexc575.html]
[udvash.com/media/Images/2018/01/notice normal__20180109180011.png]
[udvash.com/Post/indexc575.html]
[udvash.com/Post/10ap.html]
[udvash.com/Tags/Index/index0079.html]
[udvash.com/media/Files/05-21 Zubaer/January 2022/1 Week free course class 10.pdf]
[udvash.com/Post/10ap.html]
[udvash.com/Category/Index/index1875.html]
[udvash.com/Tags/Index/indexb4f2.html]
[udvash.com/Tags/Index/index3707.html]
[udvash.com/Tags/Index/index843c.html]
[udvash.com/Tags/Index/indexf582.html]
[udvash.com/Post/ha.html]
[udvash.com/Tags/Index/index37cb.html]
[udvash.com/Post/index235c.html]
[udvash.com/Post/hf.html]
[udvash.com/Tags/Index/index7d0f.html]
[udvash.com/Tags/Index/index96fc.html]
[udvash.com/Post/sf.html]
[udvash.com/Tags/Index/indexcb25.html]
[udvash.com/Tags/Index/index15d2.html]
[udvash.com/Post/bw.html]
[udvash.com/Post/egf.html]
[udvash.com/Tags/Index/index6487.html]
[udvash.com/Post/bf.html]
[udvash.com/Tags/Index/index63ad.html]
[udvash.com/Post/DKF.html]
[udvash.com/Tags/Index/index5a89.html]
[udvash.com/Tags/Index/index170f.html]
[udvash.com/Post/h22.html]
[udvash.com/Tags/Index/index401f.html]
[udvash.com/Post/s22.html]
[udvash.com/Tags/Index/indexdc23.html]
[udvash.com/Tags/Index/index0079.html]
[udvash.com/Tags/Index/0.html]
[udvash.com/Tags/Index/indexecdf.html]
[udvash.com/Tags/Index/indexbf95.html]
[udvash.com/Tags/Index/indexb872.html]
[udvash.com/Tags/Index/index363b.html]
[udvash.com/Tags/Index/indexb4f2.html]
[udvash.com/Post/s2.html]
[udvash.com/Tags/Index/index5f7b.html]
[udvash.com/Tags/Index/index404d.html]
[udvash.com/Tags/Index/index23be.html]
[udvash.com/Tags/index46da.html]
[udvash.com/Post/dke.html]
[udvash.com/Tags/Index/index843c.html]
[udvash.com/Post/উদ্ভাস-এর-‘JSC-ফাইনাল-মডেল-টেস্ট-২০১৮’-কার্যক্রমে-ভর্তি-চলছে….html]
[udvash.com/Tags/indexd40f.html]
[udvash.com/Tags/Index/indexe087.html]
[udvash.com/Tags/Index/index0c7c.html]
[udvash.com/Tags/Index/indexefc3.html]
[udvash.com/Tags/Index/indexc583.html]
[udvash.com/Tags/Index/index3707.html]
[udvash.com/Post/মেধাবৃত্তি-প্রতিযোগিতা-“HSC-Math-MCQ-Star”-এ-রেজিস্ট্রেশন-চলছে….html]
[udvash.com/Tags/Index/indexb4ec.html]
[udvash.com/Tags/Index/index557d.html]
[udvash.com/Tags/Index/indexf582.html]
[udvash.com/Tags/Index/index37cf.html]
[udvash.com/Tags/Index/indexe536.html]
[udvash.com/Tags/Index/index37cb.html]
[udvash.com/Post/১০ম-শ্রেণির-একাডেমিক-প্রোগ্রাম-২০১৯-এ-ভর্তি-চলছে.html]
[udvash.com/Post/index235c.html]
[udvash.com/Post/ha.html]
[udvash.com/Tags/Index/index7d0f.html]
[udvash.com/Tags/Index/index96fc.html]
[udvash.com/Post/9ap.html]
[udvash.com/media/Files/Faisal/October 2021/09/HSC 2021 Routine (Songsodhoni) 27.10.2021.pdf]
[udvash.com/Post/hf.html]
[udvash.com/Post/indexfdfa.html]
[udvash.com/Tags/Index/indexcb25.html]
[udvash.com/Tags/Index/index15d2.html]
[udvash.com/Post/h2.html]
[udvash.com/media/Files/Faisal/October 2021/09/SSC Routine Final Model Test udvash Website.pdf]
[udvash.com/Post/sf.html]
[udvash.com/Tags/Index/index6487.html]
[udvash.com/media/Files/Faisal/October 2021/Buet Written Model Test-2020 (22-10-2021).pdf]
[udvash.com/Post/bw.html]
[udvash.com/Post/উদ্ভাসিত-মুখ-HSC-2019-কার্যক্রমে-ফ্রি-রেজিস্ট্রেশন-চলছে.html]
[udvash.com/Post/“আমি-মুজিব-হব”--বঙ্গবন্ধু-বিষয়ক-বই-পড়া-প্রতিযোগিতা–২০১৮.html]
[udvash.com/Tags/Index/index63ad.html]
[udvash.com/Tags/Index/indexc84a.html]
[udvash.com/Tags/Index/indexeff1.html]
[udvash.com/Tags/Index/index5a89.html]
[udvash.com/Tags/Index/indexdc32.html]
[udvash.com/Tags/Index/index7bfb.html]
[udvash.com/Tags/Index/index7e28.html]
[udvash.com/Tags/Index/index8bc5.html]
[udvash.com/Tags/Index/index170f.html]
[udvash.com/Post/উদ্ভাসিত-মুখ-JSC-2018-কার্যক্রমে-ভর্তি-চলছে.html]
[udvash.com/Tags/Index/index4519.html]
[udvash.com/Tags/Index/index401f.html]
[udvash.com/Tags/Index/indexc6cf.html]
[udvash.com/Tags/Index/index099f.html]
[udvash.com/Tags/Index/indexdc23.html]
[udvash.com/Tags/Index/indexb948.html]
[udvash.com/Tags/Index/indexba31.html]
[udvash.com/Tags/Index/indexae07.html]
[udvash.com/Tags/Index/index0e2e.html]
[udvash.com/Tags/Index/index1032.html]
[udvash.com/Tags/Index/index1a30.html]
[udvash.com/media/Files/Faisal/October 2021/09/BUET Gucco Crash Course (27-10-2021).pdf]
[udvash.com/Tags/Index/index42d1.html]
[udvash.com/Post/egf.html]
[udvash.com/Tags/Index/index0b0a.html]
[udvash.com/Tags/Index/index903c.html]
[udvash.com/Tags/Index/indexecdf.html]
[udvash.com/Tags/Index/index1993.html]
[udvash.com/Tags/Index/indexbf95.html]
[udvash.com/Tags/Index/index0699.html]
[udvash.com/media/Files/Faisal/BUET Preli.pdf]
[udvash.com/Post/bf.html]
[udvash.com/Tags/Index/indexb872.html]
[udvash.com/media/Files/Faisal/DU_KA Final Model Test-2020 (Physically).pdf]
[udvash.com/Post/DKF.html]
[udvash.com/Tags/Index/index363b.html]
[udvash.com/media/Files/05-21 Zubaer/November/HSC-2022 Special Program ক্লাস, এক্সাম রুটিন ও সিলেবাস (Part-01) (1).pdf]
[udvash.com/media/Files/05-21 Zubaer/January 2022/HSC-2022 Special Program ক্লাস, এক্সাম রুটিন ও সিলেবাস (Part-03).pdf]
[udvash.com/media/Files/Faisal/HSC Special Program Syllabus-2022.pdf]
[udvash.com/Post/h22.html]
[udvash.com/Tags/Index/index5f7b.html]
[udvash.com/media/Files/05-21 Zubaer/November/SSC-2022 Special Program ক্লাস, এক্সাম রুটিন ও সিলেবাস (Part-01).pdf]
[udvash.com/media/Files/Faisal/November/SSC-2022 Special Program ক্লাস, এক্সাম রুটিন ও সিলেবাস (Part-02).pdf]
[udvash.com/media/Files/Faisal/SSC Special Program Syllabus-2022.pdf]
[udvash.com/Post/s22.html]
[udvash.com/Tags/Index/index404d.html]
[udvash.com/Tags/Index/index23be.html]
[udvash.com/Tags/index46da.html]
[udvash.com/Tags/index3ddb.html]
[udvash.com/Tags/Index/00079.html]
[udvash.com/Tags/Index/0b4f2.html]
[udvash.com/Tags/Index/0cb25.html]
[udvash.com/Tags/Index/09b6c.html]
[udvash.com/Tags/Index/063ad.html]
[udvash.com/Tags/Index/05a89.html]
[udvash.com/Tags/Index/0170f.html]
[udvash.com/Tags/Index/0401f.html]
[udvash.com/Tags/Index/05722.html]
[udvash.com/Tags/Index/0e087.html]
[udvash.com/Tags/Index/0404d.html]
[udvash.com/Tags/Index/05f7b.html]
[udvash.com/Tags/Index/015d2.html]
[udvash.com/Tags/Index/037cb.html]
[udvash.com/Tags/Index/0c84a.html]
[udvash.com/Tags/Index/0eff1.html]
[udvash.com/Tags/Index/0dc32.html]
[udvash.com/Tags/Index/07bfb.html]
[udvash.com/Tags/Index/07e28.html]
[udvash.com/Tags/Index/08bc5.html]
[udvash.com/Tags/Index/04519.html]
[udvash.com/Tags/Index/0099f.html]
[udvash.com/Tags/Index/0db26.html]
[udvash.com/Tags/Index/0a9a1.html]
[udvash.com/Tags/Index/0ccf8.html]
[udvash.com/Tags/Index/00e2e.html]
[udvash.com/Tags/Index/01032.html]
[udvash.com/Tags/Index/01a30.html]
[udvash.com/Tags/Index/042d1.html]
[udvash.com/Tags/Index/00b0a.html]
[udvash.com/Tags/Index/0903c.html]
[udvash.com/Tags/Index/01993.html]
[udvash.com/Tags/Index/00699.html]
[udvash.com/Tags/Index/0efc3.html]
[udvash.com/Tags/Index/0c583.html]
[udvash.com/Tags/Index/0557d.html]
[udvash.com/Tags/Index/037cf.html]
[udvash.com/Tags/Index/0b4ec.html]
[udvash.com/Tags/Index/0e536.html]
[udvash.com/Tags/Index/08917.html]
[udvash.com/Tags/Index/023be.html]
[udvash.com/Tags/Index/0363b.html]
[udvash.com/Tags/Index/0b872.html]
[udvash.com/Tags/Index/0ecdf.html]
[udvash.com/Tags/Index/0bf95.html]
[udvash.com/Tags/Index/0dc23.html]
[udvash.com/Tags/Index/05fb2.html]
[udvash.com/Tags/Index/07d0f.html]
[udvash.com/Tags/Index/096fc.html]
[udvash.com/Tags/Index/0a02b.html]
[udvash.com/Tags/Index/0.html]
[udvash.com/Tags/Index/056f9.html]
[udvash.com/media/Files/Faisal/October 2021/09/SSC 2021 Routine (Songsodhoni) 27.09.2021.pdf]
[udvash.com/media/Files/Faisal/October 2021/SSC 2021 Routine (Songsodhoni) 02.10.2021 (English Version).pdf]
[udvash.com/media/Files/Faisal/October 2021/SSC model test revision Class.pdf]
[udvash.com/Post/s2.html]
[udvash.com/Tags/Index/indexe087.html]
[udvash.com/Tags/indexd40f.html]
[udvash.com/Post/dke.html]
[udvash.com/Tags/Index/index0c7c.html]
[udvash.com/Post/উদ্ভাস-এর-‘JSC-ফাইনাল-মডেল-টেস্ট-২০১৮’-কার্যক্রমে-ভর্তি-চলছে….html]
[udvash.com/Tags/Index/indexefc3.html]
[udvash.com/Tags/Index/indexc583.html]
[udvash.com/Tags/Index/index557d.html]
[udvash.com/Tags/Index/index37cf.html]
[udvash.com/Tags/Index/indexb4ec.html]
[udvash.com/Tags/Index/indexe536.html]
[udvash.com/Post/মেধাবৃত্তি-প্রতিযোগিতা-“HSC-Math-MCQ-Star”-এ-রেজিস্ট্রেশন-চলছে….html]
[udvash.com/Post/১০ম-শ্রেণির-একাডেমিক-প্রোগ্রাম-২০১৯-এ-ভর্তি-চলছে.html]
[udvash.com/media/Files/05-21 Zubaer/January 2022/3-1-22 ৯ম শ্রেণির ফ্রি ক্লাস ও পরীক্ষা রুটিন-২০২২ (অনলাইন) (1).pdf]
[udvash.com/media/Files/05-21 Zubaer/January 2022/1 Week free course class 9.pdf]
[udvash.com/Post/9ap.html]
[udvash.com/Post/indexfdfa.html]
[udvash.com/Post/index0b08.html]
[udvash.com/media/Files/Jewel/HSC 2021 Routine FMT (Songsodhoni Update) 04.11.2021.v2.pdf]
[udvash.com/Post/h2.html]
[udvash.com/Post/উদ্ভাসিত-মুখ-HSC-2019-কার্যক্রমে-ফ্রি-রেজিস্ট্রেশন-চলছে.html]
[udvash.com/Tags/Index/indexc84a.html]
[udvash.com/Tags/Index/indexeff1.html]
[udvash.com/Tags/Index/indexdc32.html]
[udvash.com/Tags/Index/index7bfb.html]
[udvash.com/Tags/Index/index7e28.html]
[udvash.com/Post/ঢাকা-বিশ্ববিদ্যালয়ে-২০১৮-২০১৯-শিক্ষাবর্ষে-ভর্তি-বিজ্ঞপ্তি-প্রকাশ-করা-হয়েছে-.html]
[udvash.com/Tags/Index/index8bc5.html]
[udvash.com/Tags/Index/index4519.html]
[udvash.com/Tags/Index/index099f.html]
[udvash.com/Tags/Index/indexc6cf.html]
[udvash.com/Tags/Index/indexb948.html]
[udvash.com/Post/JSC-মডেল-টেস্ট-২০১৮.html]
[udvash.com/Tags/Index/indexba31.html]
[udvash.com/Tags/Index/indexae07.html]
[udvash.com/Tags/Index/index0e2e.html]
[udvash.com/Tags/Index/index1032.html]
[udvash.com/Tags/Index/index1a30.html]
[udvash.com/Tags/Index/index42d1.html]
[udvash.com/Tags/Index/index0b0a.html]
[udvash.com/Tags/Index/index903c.html]
[udvash.com/Tags/Index/index1993.html]
[udvash.com/Tags/Index/index0699.html]
[udvash.com/Post/উদ্ভাস-এর-‘SSC-ফাইনাল-মডেল-টেস্ট-২০১৯’-কার্যক্রমে-ভর্তি-চলছে….html]
[udvash.com/Post/“আমি-মুজিব-হব”--বঙ্গবন্ধু-বিষয়ক-বই-পড়া-প্রতিযোগিতা–২০১৮.html]
[udvash.com/Post/উদ্ভাসিত-মুখ-JSC-2018-কার্যক্রমে-ভর্তি-চলছে.html]
[udvash.com/Tags/index3ddb.html]
[udvash.com/Tags/Index/00079.html]
[udvash.com/Tags/Index/0b4f2.html]
[udvash.com/Tags/Index/0cb25.html]
[udvash.com/Tags/Index/09b6c.html]
[udvash.com/Tags/Index/063ad.html]
[udvash.com/Tags/Index/05a89.html]
[udvash.com/Tags/Index/0170f.html]
[udvash.com/Tags/Index/0401f.html]
[udvash.com/Tags/Index/05722.html]
[udvash.com/Tags/Index/0e087.html]
[udvash.com/Tags/Index/0404d.html]
[udvash.com/Tags/Index/05f7b.html]
[udvash.com/Tags/Index/015d2.html]
[udvash.com/Tags/Index/037cb.html]
[udvash.com/Tags/Index/0c84a.html]
[udvash.com/Tags/Index/0eff1.html]
[udvash.com/Tags/Index/0dc32.html]
[udvash.com/Tags/Index/07bfb.html]
[udvash.com/Tags/Index/07e28.html]
[udvash.com/Tags/Index/08bc5.html]
[udvash.com/Tags/Index/04519.html]
[udvash.com/Tags/Index/0099f.html]
[udvash.com/Tags/Index/0db26.html]
[udvash.com/Tags/Index/0a9a1.html]
[udvash.com/Tags/Index/0ccf8.html]
[udvash.com/Tags/Index/00e2e.html]
[udvash.com/Tags/Index/01032.html]
[udvash.com/Tags/Index/01a30.html]
[udvash.com/Tags/Index/042d1.html]
[udvash.com/Tags/Index/00b0a.html]
[udvash.com/Tags/Index/0903c.html]
[udvash.com/Tags/Index/01993.html]
[udvash.com/Tags/Index/00699.html]
[udvash.com/Tags/Index/0efc3.html]
[udvash.com/Tags/Index/0c583.html]
[udvash.com/Tags/Index/0557d.html]
[udvash.com/Tags/Index/037cf.html]
[udvash.com/Tags/Index/0b4ec.html]
[udvash.com/Tags/Index/0e536.html]
[udvash.com/Tags/Index/08917.html]
[udvash.com/Tags/Index/023be.html]
[udvash.com/Tags/Index/0363b.html]
[udvash.com/Tags/Index/0b872.html]
[udvash.com/Tags/Index/0ecdf.html]
[udvash.com/Tags/Index/0bf95.html]
[udvash.com/Tags/Index/0dc23.html]
[udvash.com/Tags/Index/05fb2.html]
[udvash.com/Tags/Index/07d0f.html]
[udvash.com/Tags/Index/096fc.html]
[udvash.com/Tags/Index/0a02b.html]
[udvash.com/Tags/Index/056f9.html]
[udvash.com/media/Files/Faisal/October 2021/09/BUET Gucco Crash Course (27-10-2021).pdf]
[udvash.com/media/Files/Faisal/BUET Preli.pdf]
[udvash.com/media/Files/Faisal/October 2021/SSC 2021 Routine (Songsodhoni) 02.10.2021 (English Version).pdf]
[udvash.com/media/Files/Faisal/October 2021/09/SSC 2021 Routine (Songsodhoni) 27.09.2021.pdf]
[udvash.com/Post/su.html]
[udvash.com/Post/index0b08.html]
[udvash.com/Post/index1448.html]
[udvash.com/Post/ঢাকা-বিশ্ববিদ্যালয়ে-২০১৮-২০১৯-শিক্ষাবর্ষে-ভর্তি-বিজ্ঞপ্তি-প্রকাশ-করা-হয়েছে-.html]
[udvash.com/Post/JSC-মডেল-টেস্ট-২০১৮.html]
[udvash.com/Post/উদ্ভাস-এর-‘SSC-ফাইনাল-মডেল-টেস্ট-২০১৯’-কার্যক্রমে-ভর্তি-চলছে….html]
[udvash.com/media/Files/Jewel/DU 'KA' Exam Batch Routine (23-05-2021).pdf]
[udvash.com/Tags/index27de.html]
[udvash.com/media/Images/AUS-0421/F1-SSC-Udvashito-Mukh-2021.jpg]
[udvash.com/Post/su.html]
[udvash.com/Post/index1448.html]
[udvash.com/Post/index1c8b.html]
[udvash.com/Tags/index27de.html]
[udvash.com/media/Images/Image for Notice/C_Users_GIGABYTE_AppData_Local_Packages_Microsoft.SkypeApp_kzf8qxf38zg5c_LocalState_6bf02c20-6b01-4687-b117-b01c23cc5160.html]
[udvash.com/media/Images/UDVASH/HSC Math MCQ Star Liflet.html]
[udvash.com/Branch/Index.html]
[udvash.com/media/Images/Academic 2019/Class 10.html]
[udvash.com/Post/index1c8b.html]
[udvash.com/media/Images/UDVASH/18-May-HSC-Udvashito-Mukh--.html]
[udvash.com/media/Images/Image for Notice/39121275_10156544229716081_6950829609894019072_n.html]
[udvash.com/media/Images/Image for Notice/jsc-02-final.html]
[udvash.com/media/Images/Image for Notice/JSC-01-Final.html]
[udvash.com/Post/indexce37.html]
[udvash.com/Post/indexce37.html]
[udvash.com/media/Images/Image for Notice/ঢাকা বিশ্ববিদ্যালয়__20180728121255.html]
[udvash.com/media/Images/Image for Notice/743699160.html]
[udvash.com/media/Images/Image for Blog Post/final-2.html]
[udvash.com/media/Images/Image for Notice/SSC FMT-COVERT 01.html]
[udvash.com/media/Images/Image for Notice/SSC-FMT COVERT-02.html]
[udvash.com/Post/index8c93.html]
[udvash.com/Post/index8c93.html]
[udvash.com/Post/indexa7f1.html]
[udvash.com/Post/indexa7f1.html]
[udvash.com/Post/index5760.html]
[udvash.com/Post/index5760.html]
[udvash.com/Post/index42a7.html]
[udvash.com/Post/index42a7.html]
[udvash.com/Post/index5c43.html]
[udvash.com/Post/index5c43.html]
[udvash.com/Post/index9683.html]
[udvash.com/Post/index9683.html]
[udvash.com/Post/index7537.html]
[udvash.com/Post/index7537.html]
