[mirpurshopz.com/index.html]
[mirpurshopz.com/images/favicon.ico]
[backblue.gif]
[fade.gif]
[index.html]
[mirpurshopz.com/assets/js/jquery-2.0.0.min.js]
[mirpurshopz.com/assets/js/bootstrap.bundle.min.js]
[mirpurshopz.com/assets/css/bootstrap.css]
[mirpurshopz.com/assets/fonts/fontawesome/css/all.min.css]
[mirpurshopz.com/assets/css/ui.css]
[mirpurshopz.com/assets/css/responsive.css]
[mirpurshopz.com/assets/css/style.css]
[mirpurshopz.com/assets/css/sweetalert2.min.css]
[cdn.jsdelivr.net/npm/slick-carousel@1.8.1/slick/slick.css]
[connect.facebook.net/en_US/fbevents.js]
[mirpurshopz.com/public/62defa3f165dc.jpg]
[mirpurshopz.com/category/door-handle-gloves.html]
[mirpurshopz.com/category/storage-bag-quilt.html]
[mirpurshopz.com/category/cover-leg.html]
[mirpurshopz.com/category/magnetic-curtain-clip.html]
[mirpurshopz.com/category/silicone-foot-mat.html]
[mirpurshopz.com/category/golf-shape-toilet-cleaner-brush.html]
[mirpurshopz.com/category/winter-cap.html]
[mirpurshopz.com/category/shoe-storage-bag.html]
[mirpurshopz.com/category/multi-function-silicone-sealing-strip.html]
[mirpurshopz.com/category/usb-fan-led-clock-light.html]
[mirpurshopz.com/category/magnetic-cable-organizer.html]
[mirpurshopz.com/category/shell-portable-jewelry-box,-pill-box.html]
[mirpurshopz.com/category/garden-decoration-solar-flame-chandelier.html]
[mirpurshopz.com/category/portable-compressed-disposable-towel.html]
[mirpurshopz.com/category/multipurpose-silicone-reusable-mat.html]
[mirpurshopz.com/category/electronices.html]
[mirpurshopz.com/category/home-living.html]
[mirpurshopz.com/category/gadgets.html]
[mirpurshopz.com/category/lifestyle.html]
[mirpurshopz.com/category/baby-toys.html]
[mirpurshopz.com/category/health-beauty.html]
[mirpurshopz.com/category/kitchen-dining.html]
[mirpurshopz.com/category/blander-mixer.html]
[mirpurshopz.com/category/offer.html]
[mirpurshopz.com/public/62e068553ab23.jpg]
[mirpurshopz.com/product/705.html]
[mirpurshopz.com/public/product/thumbnail/6027a7b20c765.jpg]
[mirpurshopz.com/product/767.html]
[mirpurshopz.com/public/product/thumbnail/60c13ecd82e9d.jpg]
[mirpurshopz.com/product/715.html]
[mirpurshopz.com/public/product/thumbnail/60638a0837b7b.jpg]
[mirpurshopz.com/product/748.html]
[mirpurshopz.com/public/product/thumbnail/60832ebade2a9.jpg]
[mirpurshopz.com/public/product/thumbnail/60e9a67a6a88d.jpg]
[mirpurshopz.com/product/772.html]
[mirpurshopz.com/product/674.html]
[mirpurshopz.com/public/product/thumbnail/5ff1b9bcc06c3.jpg]
[mirpurshopz.com/product/719.html]
[mirpurshopz.com/public/product/thumbnail/60638cf3c2624.jpg]
[mirpurshopz.com/product/723.html]
[mirpurshopz.com/public/product/thumbnail/6064b69bddd52.jpg]
[mirpurshopz.com/product/594.html]
[mirpurshopz.com/public/product/thumbnail/5ff1b918c98f3.jpg]
[mirpurshopz.com/product/790.html]
[mirpurshopz.com/public/product/thumbnail/618e5c6b4736c.jpg]
[mirpurshopz.com/product/624.html]
[mirpurshopz.com/public/product/thumbnail/5ff1b92e7612d.jpg]
[mirpurshopz.com/product/686.html]
[mirpurshopz.com/public/product/thumbnail/5ff1bceb66ac7.jpg]
[mirpurshopz.com/category/bathroom-accessories.html]
[mirpurshopz.com/public/product/thumbnail/62ab7bdedd2f7.jpg]
[mirpurshopz.com/public/product/thumbnail/62ab7bf0f36ab.jpg]
[mirpurshopz.com/public/product/thumbnail/606c50650faf5.jpg]
[mirpurshopz.com/public/product/thumbnail/62ab7c109d4c3.jpg]
[mirpurshopz.com/category/portable-sofa.html]
[mirpurshopz.com/public/product/thumbnail/62ab7c20f37ae.jpg]
[mirpurshopz.com/category/mobile-accessories.html]
[mirpurshopz.com/public/product/thumbnail/62ab7c3890e3e.jpg]
[mirpurshopz.com/category/half-price.html]
[mirpurshopz.com/public/product/thumbnail/605f94b721b95.jpg]
[mirpurshopz.com/public/product/thumbnail/62ab7d3371ca3.jpg]
[mirpurshopz.com/category/bags.html]
[mirpurshopz.com/public/product/thumbnail/62ab7cad3bcfd.jpg]
[mirpurshopz.com/category/security-camera.html]
[mirpurshopz.com/public/product/thumbnail/5fe892ed1c7bb.jpg]
[mirpurshopz.com/category/mobile-phone.html]
[mirpurshopz.com/public/product/thumbnail/62ab7d17ef731.jpg]
[mirpurshopz.com/category/projector.html]
[mirpurshopz.com/public/product/thumbnail/62ab7c679f124.jpg]
[mirpurshopz.com/category/power-bank.html]
[mirpurshopz.com/public/product/thumbnail/62ab7c7b60fd6.jpg]
[mirpurshopz.com/public/product/thumbnail/606c4f109cc0d.jpg]
[mirpurshopz.com/product/643.html]
[mirpurshopz.com/public/product/thumbnail/default.jpg]
[mirpurshopz.com/product/645.html]
[mirpurshopz.com/product/692.html]
[mirpurshopz.com/product/974.html]
[mirpurshopz.com/product/590.html]
[mirpurshopz.com/product/591.html]
[mirpurshopz.com/product/592.html]
[mirpurshopz.com/product/597.html]
[mirpurshopz.com/product/659.html]
[mirpurshopz.com/product/691.html]
[mirpurshopz.com/product/698.html]
[mirpurshopz.com/product/725.html]
[mirpurshopz.com/product/752.html]
[mirpurshopz.com/product/829.html]
[mirpurshopz.com/product/831.html]
[mirpurshopz.com/product/527.html]
[mirpurshopz.com/product/535.html]
[mirpurshopz.com/product/619.html]
[mirpurshopz.com/product/640.html]
[mirpurshopz.com/product/468.html]
[mirpurshopz.com/product/469.html]
[mirpurshopz.com/product/696.html]
[mirpurshopz.com/product/702.html]
[mirpurshopz.com/product/704.html]
[mirpurshopz.com/product/717.html]
[mirpurshopz.com/shop.html]
[luxurybazarbd.com/assets/images/ssl.png]
[mirpurshopz.com/assets/js/lazyload.js]
[mirpurshopz.com/assets/js/sweetalert2.min.js]
[mirpurshopz.com/assets/js/script.js]
[mirpurshopz.com/updateQuantity.html]
[mirpurshopz.com/checkout.html]
[mirpurshopz.com/index.html]
[mirpurshopz.com/assets/css/bootstrap.css]
[cdn.jsdelivr.net/npm/slick-carousel@1.8.1/slick/slick.min.js]
[mirpurshopz.com/assets/fonts/fontawesome/webfonts/fa-brands-400.eot]
[mirpurshopz.com/assets/fonts/fontawesome/webfonts/fa-brands-400d41dd41d.eot]
[mirpurshopz.com/assets/fonts/fontawesome/webfonts/fa-brands-400.html]
[mirpurshopz.com/assets/fonts/fontawesome/webfonts/fa-brands-400.woff]
[mirpurshopz.com/assets/fonts/fontawesome/webfonts/fa-brands-400.ttf]
[mirpurshopz.com/assets/fonts/fontawesome/webfonts/fa-brands-400.svg]
[mirpurshopz.com/assets/fonts/fontawesome/webfonts/fa-regular-400.eot]
[mirpurshopz.com/assets/fonts/fontawesome/webfonts/fa-regular-400d41dd41d.eot]
[mirpurshopz.com/assets/fonts/fontawesome/webfonts/fa-regular-400.html]
[mirpurshopz.com/assets/fonts/fontawesome/webfonts/fa-regular-400.woff]
[mirpurshopz.com/assets/fonts/fontawesome/webfonts/fa-regular-400.ttf]
[mirpurshopz.com/assets/fonts/fontawesome/webfonts/fa-regular-400.svg]
[mirpurshopz.com/assets/fonts/fontawesome/webfonts/fa-solid-900.eot]
[mirpurshopz.com/assets/fonts/fontawesome/webfonts/fa-solid-900d41dd41d.eot]
[mirpurshopz.com/assets/fonts/fontawesome/webfonts/fa-solid-900.html]
[mirpurshopz.com/assets/fonts/fontawesome/webfonts/fa-solid-900.woff]
[mirpurshopz.com/assets/fonts/fontawesome/webfonts/fa-solid-900.ttf]
[mirpurshopz.com/assets/fonts/fontawesome/css/all.min.css]
[mirpurshopz.com/assets/css/ui.css]
[mirpurshopz.com/assets/css/responsive.css]
[mirpurshopz.com/assets/css/style.css]
[mirpurshopz.com/assets/css/sweetalert2.min.css]
[cdn.jsdelivr.net/npm/slick-carousel@1.8.1/slick/slick.css]
[mirpurshopz.com/assets/fonts/fontawesome/webfonts/fa-solid-900.svg]
[mirpurshopz.com/a]
[mirpurshopz.com/POST]
[mirpurshopz.com/b.resolvedLink]
[mirpurshopz.com/signals/iwl.js]
[connect.facebook.net/en_US/fbevents.js]
[mirpurshopz.com/category/door-handle-gloves.html]
[mirpurshopz.com/product/945.html]
[mirpurshopz.com/product/939.html]
[mirpurshopz.com/category/storage-bag-quilt.html]
[mirpurshopz.com/product/969.html]
[mirpurshopz.com/product/971.html]
[mirpurshopz.com/category/cover-leg.html]
[mirpurshopz.com/product/972.html]
[mirpurshopz.com/product/967.html]
[mirpurshopz.com/category/magnetic-curtain-clip.html]
[mirpurshopz.com/product/968.html]
[mirpurshopz.com/product/976.html]
[mirpurshopz.com/product/977.html]
[mirpurshopz.com/category/silicone-foot-mat.html]
[mirpurshopz.com/product/978.html]
[mirpurshopz.com/product/949.html]
[mirpurshopz.com/product/950.html]
[mirpurshopz.com/category/golf-shape-toilet-cleaner-brush.html]
[mirpurshopz.com/product/951.html]
[mirpurshopz.com/product/981.html]
[mirpurshopz.com/category/winter-cap.html]
[mirpurshopz.com/product/982.html]
[mirpurshopz.com/product/984.html]
[mirpurshopz.com/category/shoe-storage-bag.html]
[mirpurshopz.com/product/985.html]
[mirpurshopz.com/product/986.html]
[mirpurshopz.com/category/multi-function-silicone-sealing-strip.html]
[mirpurshopz.com/product/987.html]
[mirpurshopz.com/category/usb-fan-led-clock-light.html]
[mirpurshopz.com/product/1007.html]
[mirpurshopz.com/product/1008.html]
[mirpurshopz.com/category/magnetic-cable-organizer.html]
[mirpurshopz.com/product/1009.html]
[mirpurshopz.com/category/shell-portable-jewelry-box,-pill-box.html]
[mirpurshopz.com/product/1025.html]
[mirpurshopz.com/product/1021.html]
[mirpurshopz.com/product/1022.html]
[mirpurshopz.com/category/garden-decoration-solar-flame-chandelier.html]
[mirpurshopz.com/product/1026.html]
[mirpurshopz.com/product/1027.html]
[mirpurshopz.com/product/1028.html]
[mirpurshopz.com/category/portable-compressed-disposable-towel.html]
[mirpurshopz.com/product/1029.html]
[mirpurshopz.com/product/1030.html]
[mirpurshopz.com/product/1031.html]
[mirpurshopz.com/category/multipurpose-silicone-reusable-mat.html]
[mirpurshopz.com/product/1032.html]
[mirpurshopz.com/product/832.html]
[mirpurshopz.com/product/840.html]
[mirpurshopz.com/product/841.html]
[mirpurshopz.com/product/843.html]
[mirpurshopz.com/category/electronices.html]
[mirpurshopz.com/product/865.html]
[mirpurshopz.com/product/753.html]
[mirpurshopz.com/product/759.html]
[mirpurshopz.com/product/762.html]
[mirpurshopz.com/product/774.html]
[mirpurshopz.com/product/776.html]
[mirpurshopz.com/product/869.html]
[mirpurshopz.com/product/935.html]
[mirpurshopz.com/category/home-living.html]
[mirpurshopz.com/product/747.html]
[mirpurshopz.com/product/749.html]
[mirpurshopz.com/product/773.html]
[mirpurshopz.com/product/775.html]
[mirpurshopz.com/product/777.html]
[mirpurshopz.com/product/791.html]
[mirpurshopz.com/product/793.html]
[mirpurshopz.com/category/gadgets4658.html]
[mirpurshopz.com/category/gadgets9ba9.html]
[mirpurshopz.com/category/gadgets.html]
[mirpurshopz.com/product/867.html]
[mirpurshopz.com/product/917.html]
[mirpurshopz.com/category/lifestyle.html]
[mirpurshopz.com/product/475.html]
[mirpurshopz.com/category/baby-toys.html]
[mirpurshopz.com/product/815.html]
[mirpurshopz.com/product/466.html]
[mirpurshopz.com/product/472.html]
[mirpurshopz.com/product/562.html]
[mirpurshopz.com/product/566.html]
[mirpurshopz.com/product/567.html]
[mirpurshopz.com/product/568.html]
[mirpurshopz.com/product/570.html]
[mirpurshopz.com/product/622.html]
[mirpurshopz.com/product/689.html]
[mirpurshopz.com/product/871.html]
[mirpurshopz.com/product/889.html]
[mirpurshopz.com/product/892.html]
[mirpurshopz.com/product/894.html]
[mirpurshopz.com/product/895.html]
[mirpurshopz.com/product/896.html]
[mirpurshopz.com/product/903.html]
[mirpurshopz.com/product/905.html]
[mirpurshopz.com/product/908.html]
[mirpurshopz.com/product/911.html]
[mirpurshopz.com/product/912.html]
[mirpurshopz.com/product/916.html]
[mirpurshopz.com/product/924.html]
[mirpurshopz.com/product/946.html]
[mirpurshopz.com/product/948.html]
[mirpurshopz.com/category/health-beauty.html]
[mirpurshopz.com/product/489.html]
[mirpurshopz.com/product/606.html]
[mirpurshopz.com/category/kitchen-dining.html]
[mirpurshopz.com/category/blander-mixer.html]
[mirpurshopz.com/product/607.html]
[mirpurshopz.com/category/offer.html]
[mirpurshopz.com/public/product/6027a7b20c765.jpg]
[mirpurshopz.com/product/705.html]
[mirpurshopz.com/public/product/60c13ecd82e9d.jpg]
[mirpurshopz.com/product/download.jpg]
[mirpurshopz.com/product/m3.jpg]
[mirpurshopz.com/product/m2.jpg]
[mirpurshopz.com/product/767.html]
[mirpurshopz.com/public/product/60638a0837b7b.jpg]
[mirpurshopz.com/product/715.html]
[mirpurshopz.com/public/product/60832ebade2a9.jpg]
[mirpurshopz.com/product/748.html]
[mirpurshopz.com/public/product/60e9a67a6a88d.jpg]
[static.xx.fbcdn.net/images/emoji.php/v9/tfa/1/16/1f32a.png]
[static.xx.fbcdn.net/images/emoji.php/v9/tdd/1/16/274c.png]
[static.xx.fbcdn.net/images/emoji.php/v9/t33/1/16/2705.png]
[mirpurshopz.com/product/IMG-20210710-WA0005.jpg]
[mirpurshopz.com/product/772.html]
[mirpurshopz.com/public/product/5ff1b9bcc06c3.jpg]
[mirpurshopz.com/product/674.html]
[mirpurshopz.com/public/product/60638cf3c2624.jpg]
[mirpurshopz.com/product/719.html]
[mirpurshopz.com/public/product/6064b69bddd52.jpg]
[mirpurshopz.com/product/723.html]
[mirpurshopz.com/public/product/5ff1b918c98f3.jpg]
[mirpurshopz.com/product/594.html]
[mirpurshopz.com/public/product/618e5c6b4736c.jpg]
[mirpurshopz.com/product/790.html]
[mirpurshopz.com/public/product/5ff1b92e7612d.jpg]
[mirpurshopz.com/product/624.html]
[mirpurshopz.com/public/product/5ff1bceb66ac7.jpg]
[mirpurshopz.com/product/686.html]
[mirpurshopz.com/category/bathroom-accessories.html]
[mirpurshopz.com/category/portable-sofa.html]
[mirpurshopz.com/category/mobile-accessories.html]
[mirpurshopz.com/category/half-price.html]
[mirpurshopz.com/category/bags.html]
[mirpurshopz.com/category/security-camera.html]
[mirpurshopz.com/category/mobile-phone.html]
[mirpurshopz.com/category/projector.html]
[mirpurshopz.com/category/power-bank.html]
[mirpurshopz.com/public/product/5ff1b937a644f.jpg]
[mirpurshopz.com/public/product/thumbnail/5ff1b937a644f.jpg]
[mirpurshopz.com/product/643.html]
[mirpurshopz.com/public/product/5ff1b938bf189.jpg]
[mirpurshopz.com/public/product/thumbnail/5ff1b938bf189.jpg]
[mirpurshopz.com/product/645.html]
[mirpurshopz.com/public/product/5ff459752bddc.jpg]
[mirpurshopz.com/public/product/thumbnail/5ff459752bddc.jpg]
[mirpurshopz.com/product/image/right-arrow.png_]
[mirpurshopz.com/product/692.html]
[mirpurshopz.com/public/product/65512713a6ea1.jpg]
[mirpurshopz.com/public/product/thumbnail/65512713a6ea1.jpg]
[cdn.hotishop.com/image/e70e50145746e323d739c24487ec176c1a926eb8.jpg]
[cdn.hotishop.com/image/35be6fa8f2e16d18d503796af5167a433ede3d3a.jpg]
[cdn.hotishop.com/image/8068310d96ab27aa5782555fed6bc8ede6e3dd8d.jpg]
[cdn.hotishop.com/image/e3e092542f258af391fda6977337c2b4eea61192.jpg]
[cdn.hotishop.com/image/1396bc531bc0bdce1ec542f2c8204cc11b15ded3.jpg]
[mirpurshopz.com/product/974.html]
[mirpurshopz.com/public/product/5ff1b91692fc7.jpg]
[mirpurshopz.com/product/590.html]
[mirpurshopz.com/public/product/thumbnail/5ff1b91692fc7.jpg]
[mirpurshopz.com/public/product/5ff1b916d0db5.jpg]
[mirpurshopz.com/public/product/thumbnail/5ff1b916d0db5.jpg]
[mirpurshopz.com/product/591.html]
[mirpurshopz.com/public/product/5ff1b917183c6.jpg]
[mirpurshopz.com/product/592.html]
[mirpurshopz.com/public/product/thumbnail/5ff1b917183c6.jpg]
[mirpurshopz.com/public/product/5ff1b91a51501.jpg]
[mirpurshopz.com/product/597.html]
[mirpurshopz.com/public/product/thumbnail/5ff1b91a51501.jpg]
[mirpurshopz.com/public/product/5ff1b9b2348f2.jpg]
[mirpurshopz.com/public/product/thumbnail/5ff1b9b2348f2.jpg]
[mirpurshopz.com/product/659.html]
[mirpurshopz.com/public/product/5ff456406056a.jpg]
[mirpurshopz.com/product/691.html]
[mirpurshopz.com/public/product/thumbnail/5ff456406056a.jpg]
[mirpurshopz.com/public/product/6011c8d775ad5.jpg]
[mirpurshopz.com/public/product/thumbnail/6011c8d775ad5.jpg]
[mirpurshopz.com/product/698.html]
[mirpurshopz.com/public/product/6064c098ed8c9.jpg]
[mirpurshopz.com/product/725.html]
[mirpurshopz.com/public/product/thumbnail/6064c098ed8c9.jpg]
[mirpurshopz.com/public/product/608899d9f2853.jpg]
[mirpurshopz.com/public/product/thumbnail/608899d9f2853.jpg]
[mirpurshopz.com/product/752.html]
[mirpurshopz.com/public/product/61e2b536a3683.jpg]
[mirpurshopz.com/public/product/thumbnail/61e2b536a3683.jpg]
[static.xx.fbcdn.net/images/emoji.php/v9/t40/1/16/1f4a5.png]
[static.xx.fbcdn.net/images/emoji.php/v9/t2e/1/16/2744.png]
[mirpurshopz.com/product/829.html]
[mirpurshopz.com/public/product/61e7f0e74adbd.jpg]
[mirpurshopz.com/public/product/thumbnail/61e7f0e74adbd.jpg]
[mirpurshopz.com/product/831.html]
[mirpurshopz.com/public/product/5ff1b8f2e8e24.jpg]
[mirpurshopz.com/public/product/thumbnail/5ff1b8f2e8e24.jpg]
[mirpurshopz.com/product/527.html]
[mirpurshopz.com/public/product/5ff1b8f602cdb.jpg]
[mirpurshopz.com/public/product/thumbnail/5ff1b8f602cdb.jpg]
[mirpurshopz.com/product/535.html]
[mirpurshopz.com/public/product/5ff1b92c68984.jpg]
[mirpurshopz.com/product/619.html]
[mirpurshopz.com/public/product/thumbnail/5ff1b92c68984.jpg]
[mirpurshopz.com/public/product/5ff1b93687c70.jpg]
[mirpurshopz.com/product/640.html]
[mirpurshopz.com/public/product/thumbnail/5ff1b93687c70.jpg]
[mirpurshopz.com/public/product/5ff1b8d8bf088.jpg]
[mirpurshopz.com/public/product/thumbnail/5ff1b8d8bf088.jpg]
[mirpurshopz.com/product/468.html]
[mirpurshopz.com/public/product/5ff1b8d913d38.jpg]
[mirpurshopz.com/public/product/thumbnail/5ff1b8d913d38.jpg]
[mirpurshopz.com/product/469.html]
[mirpurshopz.com/public/product/6011b9ef6132d.jpg]
[mirpurshopz.com/public/product/thumbnail/6011b9ef6132d.jpg]
[mirpurshopz.com/product/696.html]
[mirpurshopz.com/public/product/602255c7e4211.jpg]
[mirpurshopz.com/product/702.html]
[mirpurshopz.com/public/product/thumbnail/602255c7e4211.jpg]
[mirpurshopz.com/public/product/60225bc850106.jpg]
[mirpurshopz.com/public/product/thumbnail/60225bc850106.jpg]
[mirpurshopz.com/product/704.html]
[mirpurshopz.com/public/product/60638be95a924.jpg]
[mirpurshopz.com/public/product/thumbnail/60638be95a924.jpg]
[static.xx.fbcdn.net/images/emoji.php/v9/t51/1/16/1f449.png]
[mirpurshopz.com/product/717.html]
[mirpurshopz.com/shop4658.html]
[mirpurshopz.com/shop9ba9.html]
[mirpurshopz.com/shopfdb0.html]
[mirpurshopz.com/shopaf4d.html]
[mirpurshopz.com/shopc575.html]
[mirpurshopz.com/shop.html]
[mirpurshopz.com/updateQuantity.html]
[mirpurshopz.com/checkout.html]
[mirpurshopz.com/assets/fonts/fontawesome/webfonts/fa-brands-400.html]
[mirpurshopz.com/assets/fonts/fontawesome/webfonts/fa-brands-400.svg]
[mirpurshopz.com/assets/fonts/fontawesome/webfonts/fa-regular-400.html]
[mirpurshopz.com/assets/fonts/fontawesome/webfonts/fa-regular-400.svg]
[mirpurshopz.com/assets/fonts/fontawesome/webfonts/fa-solid-900.html]
[mirpurshopz.com/shop235c.html]
[mirpurshopz.com/assets/fonts/fontawesome/webfonts/fa-solid-900.svg]
[mirpurshopz.com/a.html]
[mirpurshopz.com/POST.html]
[mirpurshopz.com/schema.org]
[mirpurshopz.com/schema.org/index.html]
[mirpurshopz.com/b.html]
[mirpurshopz.com/signals/iwl.html]
[mirpurshopz.com/public/product/64e0eb9f2a3ea.jpg]
[mirpurshopz.com/public/product/thumbnail/64e0eb9f2a3ea.jpg]
[cbu01.alicdn.com/img/ibank/2019/875/697/11244796578_1758284358.jpg]
[cbu01.alicdn.com/img/ibank/2019/823/508/11244805328_1758284358.jpg]
[cbu01.alicdn.com/img/ibank/2019/521/544/11253445125_1758284358.gif]
[cbu01.alicdn.com/img/ibank/2019/143/808/11244808341_1758284358.jpg]
[cbu01.alicdn.com/img/ibank/2019/347/781/11275187743_1758284358.jpg]
[cbu01.alicdn.com/img/ibank/2019/349/423/11211324943_1758284358.jpg]
[cbu01.alicdn.com/img/ibank/2019/376/397/11244793673_1758284358.jpg]
[cbu01.alicdn.com/img/ibank/2019/216/933/11211339612_1758284358.jpg]
[cbu01.alicdn.com/img/ibank/2019/948/571/11275175849_1758284358.jpg]
[cbu01.alicdn.com/img/ibank/2019/413/118/11244811314_1758284358.jpg]
[cbu01.alicdn.com/img/ibank/2019/638/481/11275184836_1758284358.jpg]
[cbu01.alicdn.com/img/ibank/2019/280/718/11244817082_1758284358.jpg]
[cbu01.alicdn.com/img/ibank/2019/659/961/11275169956_1758284358.jpg]
[cbu01.alicdn.com/img/ibank/2019/436/391/11275193634_1758284358.jpg]
[cbu01.alicdn.com/img/ibank/2019/325/843/11211348523_1758284358.jpg]
[cbu01.alicdn.com/img/ibank/2019/479/577/11244775974_1758284358.jpg]
[cbu01.alicdn.com/img/ibank/2019/328/787/11244787823_1758284358.jpg]
[cbu01.alicdn.com/img/ibank/2019/365/543/11211345563_1758284358.jpg]
[cbu01.alicdn.com/img/ibank/2019/980/418/11244814089_1758284358.jpg]
[cbu01.alicdn.com/img/ibank/2019/467/333/11211333764_1758284358.jpg]
[cbu01.alicdn.com/img/ibank/2019/616/697/11244796616_1758284358.jpg]
[cbu01.alicdn.com/img/ibank/2019/090/328/11244823090_1758284358.jpg]
[cbu01.alicdn.com/img/ibank/2019/128/397/11244793821_1758284358.jpg]
[cbu01.alicdn.com/img/ibank/2019/167/933/11211339761_1758284358.jpg]
[mirpurshopz.com/product/945.html]
[mirpurshopz.com/public/product/64de86c39b8e5.jpg]
[mirpurshopz.com/public/product/thumbnail/64de86c39b8e5.jpg]
[cdn.shopifycdn.net/s/files/1/0586/3718/9283/files/01_1_4_00_00_01--00_00_05_480x4805c07.gif]
[mirpurshopz.com/product/939.html]
[mirpurshopz.com/public/product/65439ba14cbac.jpg]
[mirpurshopz.com/public/product/thumbnail/65439ba14cbac.jpg]
[cdn.shopify.com/s/files/1/0619/7025/1942/files/2b9d95ae-1b90-405b-bd70-3b77b32027b9.__CR0_0_970_600_PT0_SX970_V1_480x480c45b.jpg]
[mirpurshopz.com/product/969.html]
[mirpurshopz.com/product/971.html]
[mirpurshopz.com/product/972.html]
[mirpurshopz.com/public/product/653c81e96b68a.jpg]
[mirpurshopz.com/public/product/thumbnail/653c81e96b68a.jpg]
[img.fantaskycdn.com/4272799de22269438f8d367fabfa6d45.gif]
[img.fantaskycdn.com/0602a52ebafc2d215f91607558198d81.jpg]
[img.fantaskycdn.com/15eb6773ff4c6c83955a331edc0e9448.jpg]
[mirpurshopz.com/product/967.html]
[mirpurshopz.com/product/968.html]
[mirpurshopz.com/product/976.html]
[mirpurshopz.com/product/977.html]
[mirpurshopz.com/product/978.html]
[mirpurshopz.com/public/product/64f0a0384fdc4.jpg]
[mirpurshopz.com/public/product/thumbnail/64f0a0384fdc4.jpg]
[mirpurshopz.com/product/949.html]
[mirpurshopz.com/product/950.html]
[mirpurshopz.com/product/951.html]
[mirpurshopz.com/public/product/65591238057fc.jpg]
[mirpurshopz.com/public/product/thumbnail/65591238057fc.jpg]
[cbu01.alicdn.com/img/ibank/O1CN01TqtWwB1Z0xa5HgqLs_!!2210875793133-0-cib.jpg]
[cbu01.alicdn.com/img/ibank/O1CN01dnQO0X1Z0xl6ih78F_!!2210875793133-0-cib.jpg]
[cbu01.alicdn.com/img/ibank/O1CN01mGhvu91Z0xlFWP4nA_!!2210875793133-0-cib.jpg]
[cbu01.alicdn.com/img/ibank/O1CN0107K8NW1Z0xl0stABh_!!2210875793133-0-cib.jpg]
[cbu01.alicdn.com/img/ibank/O1CN01e2yWPU1Z0xl9ESbh1_!!2210875793133-0-cib.jpg]
[cbu01.alicdn.com/img/ibank/O1CN01ktotsq1Z0xlBTmjbG_!!2210875793133-0-cib.jpg]
[cbu01.alicdn.com/img/ibank/O1CN01bDBsSH1Z0xl0svNQH_!!2210875793133-0-cib.jpg]
[cbu01.alicdn.com/img/ibank/O1CN01LZZfBU1Z0xlEj5Isv_!!2210875793133-0-cib.jpg]
[cbu01.alicdn.com/img/ibank/O1CN01fX7gZl1Z0xlALz7Hj_!!2210875793133-0-cib.jpg]
[cbu01.alicdn.com/img/ibank/O1CN01GETESo1Z0xl6iiBfu_!!2210875793133-0-cib.jpg]
[cbu01.alicdn.com/img/ibank/O1CN01oZyGJv1Z0xlALzaOR_!!2210875793133-0-cib.jpg]
[cbu01.alicdn.com/img/ibank/O1CN01rpqiQY1Z0xl0srxLQ_!!2210875793133-0-cib.jpg]
[cbu01.alicdn.com/img/ibank/O1CN01TssUBT1Z0xl9EOAcb_!!2210875793133-0-cib.jpg]
[cbu01.alicdn.com/img/ibank/O1CN01C5ZK9I1Z0xl5VVEXc_!!2210875793133-0-cib.jpg]
[cbu01.alicdn.com/img/ibank/O1CN01a1VDKo1Z0xl7GhoGa_!!2210875793133-0-cib.jpg]
[cbu01.alicdn.com/img/ibank/O1CN01p87sYV1Z0xlBTlKIE_!!2210875793133-0-cib.jpg]
[cbu01.alicdn.com/img/ibank/O1CN0145uD2w1Z0xlDtElsq_!!2210875793133-0-cib.jpg]
[mirpurshopz.com/product/981.html]
[mirpurshopz.com/public/product/655915d9d6774.jpg]
[mirpurshopz.com/public/product/thumbnail/655915d9d6774.jpg]
[mirpurshopz.com/product/982.html]
[mirpurshopz.com/public/product/65591cf72edc6.jpg]
[mirpurshopz.com/public/product/thumbnail/65591cf72edc6.jpg]
[i0.wp.com/static-01.daraz.com.bd/p/14250471689acdfa3cd231bda1e24987aeea.png]
[i0.wp.com/static-01.daraz.com.bd/p/bde74bde13a8d6ec395c2c8aa6777a5eaeea.png]
[i0.wp.com/static-01.daraz.com.bd/p/0c4364f4eac2acfb9e912b1804d32943aeea.jpg]
[i0.wp.com/static-01.daraz.com.bd/p/74f5afc78e69894a1880f754f038ee1caeea.jpg]
[mirpurshopz.com/product/984.html]
[mirpurshopz.com/product/985.html]
[mirpurshopz.com/public/product/65593a12c39a3.jpg]
[mirpurshopz.com/public/product/thumbnail/65593a12c39a3.jpg]
[www.warmyard.co.uk/cdn/shop/products/8_52237f2b-f21a-40a9-9fec-5605f776ae65_300x3008b31.jpg]
[www.warmyard.co.uk/cdn/shop/products/1_f7c18be0-2dcc-483d-8151-898a3cde9e59_300x8b31.jpg]
[www.warmyard.co.uk/cdn/shop/products/CMFT001_300x8b31.jpg]
[www.warmyard.co.uk/cdn/shop/products/2_e08165b5-7c3e-498d-bcf4-813a58b1a745_300x8b31.jpg]
[www.warmyard.co.uk/cdn/shop/products/4_0c53c984-03b5-40e2-83d8-e23432646115_300x8b31.jpg]
[www.warmyard.co.uk/cdn/shop/products/5_5cdd987d-38ad-454b-a50f-8b1cbc92265e_300x8b31.jpg]
[www.warmyard.co.uk/cdn/shop/products/6_bd1fe199-5c14-4225-9b0f-990f9263798b_300x8b31.jpg]
[www.warmyard.co.uk/cdn/shop/products/7_5bd9f2b3-2207-4dfd-b4cf-ba7c9d596092_300x8b31.jpg]
[www.warmyard.co.uk/cdn/shop/files/1_c1fefedf-d435-44f2-bad4-47652cca3b4e_300x67d2.jpg]
[www.warmyard.co.uk/cdn/shop/files/2_283c6096-4be8-4923-b19c-be6f7728ac36_300x67d2.jpg]
[www.warmyard.co.uk/cdn/shop/files/3_434341c9-2c78-47aa-8f08-eecd56592c66_300x67d2.jpg]
[www.warmyard.co.uk/cdn/shop/files/4_b68ac955-1f75-4498-9187-d62d8b42a71a_300x0d46.jpg]
[www.warmyard.co.uk/cdn/shop/files/5_fca6be34-271f-4c10-9e7d-d27ee7be16f6_300x67d2.jpg]
[www.warmyard.co.uk/cdn/shop/files/6_1f0e68d1-ad33-4d9a-902e-17b13edd3577_300x0d46.jpg]
[www.warmyard.co.uk/cdn/shop/files/7_3dc41b29-bb5e-4b41-95af-2c0ddb154861_300x0d46.jpg]
[www.warmyard.co.uk/cdn/shop/files/8_69ce423f-0875-423e-9532-08d99b3ee3a8_300x67d2.jpg]
[mirpurshopz.com/product/_/www.warmyard.co.uk/cdn/shop/t/4/assets/ico-select.18fcf68.delayed]
[www.warmyard.co.uk/cdn/shop/files/1_5ed4d354-6541-4e3a-8f4d-247291b91f7fc6c5.png]
[cdn.besttechcloud.com/image/2022/11/92d0233741bc6e526de57efd615a5746a5384374e58dac4690346727955a2419.gif]
[cdn.besttechcloud.com/image/2022/11/366278cfcf2013ff687e202851a41f6b66c42197b3a50d8e0052db316c2b1ab8.gif]
[cdn.besttechcloud.com/image/2022/11/6d45f141a10fa0d6e78c85898f2c5dbd4d55e9ba5d85e6aad61ad81d2b7ace56.gif]
[cdn.besttechcloud.com/image/2022/11/adc920dad578766ef689c2cf41d5cf9ff318afb86ad64c973671acfa9fee61b3.gif]
[cdn.shopify.com/s/files/1/0463/1140/7780/files/3_480x480aff8.jpg]
[cdn.shopify.com/s/files/1/0463/1140/7780/files/7_480x4801c11.jpg]
[www.warmyard.co.uk/cdn/shop/products/6_bd1fe199-5c14-4225-9b0f-990f9263798b_720x8b31.jpg]
[mirpurshopz.com/product/986.html]
[mirpurshopz.com/product/987.html]
[mirpurshopz.com/public/product/65e090f08cf51.jpg]
[mirpurshopz.com/public/product/thumbnail/65e090f08cf51.jpg]
[static-01.daraz.com.bd/p/448af8d86372c77f7fb60d9b0be85739.jpg]
[static-01.daraz.com.bd/p/3cc6b44d4be43c89f56db8909e57a4b8.jpg]
[static-01.daraz.com.bd/p/b7b870a2362314d3d335dcd1bf40967e.jpg]
[static-01.daraz.com.bd/p/6d77ca3132bbf8af4851e0b90b88ec7e.jpg]
[static-01.daraz.com.bd/p/c88999d494dfb9332c4e550e4dd22a43.jpg]
[static-01.daraz.com.bd/p/fae00a61c22bab344f4432494a123478.jpg]
[static-01.daraz.com.bd/p/ced025ab1df1ffe4f9128502eff02c45.jpg]
[static-01.daraz.com.bd/p/59e053cc3ea68cb6a58642eda8b44bf2.jpg]
[mirpurshopz.com/product/1007.html]
[mirpurshopz.com/public/product/65ebf04f70306.jpg]
[mirpurshopz.com/public/product/thumbnail/65ebf04f70306.jpg]
[cdn.wshopon.com/image/8254fef5d3934800284c91b43f3f9546b3f1da9a.png]
[cdn.wshopon.com/image/bead5c70c7b6adf790b262b1239a46051f40ec82.gif]
[cdn.wshopon.com/image/d0dba66a58f9a21ad4bcc7a38a45eeed8e46a43a.jpg]
[cdn.wshopon.com/image/0d876525d9784f308e1c0ed207492872461c97e0.jpg]
[cdn.wshopon.com/image/084f917bcb94ed428c74580109cb94c623534ec8.png]
[cdn.wshopon.com/image/9bbf9fc50fdd16910515bb57ac71f1ccc983957d.jpg]
[cdn.wshopon.com/image/86440610ac41e3a9917d1299697c2f41b53eaec3.png]
[cdn.wshopon.com/image/bc23e65cc62665e746a3c6bdd14c3ff78eeb2742.png]
[cdn.wshopon.com/image/e901f226a0e8353e0f5dec0bf047067f9b432e79.gif]
[mirpurshopz.com/product/1008.html]
[mirpurshopz.com/product/1009.html]
[mirpurshopz.com/public/product/664e2712041a6.jpg]
[mirpurshopz.com/public/product/thumbnail/664e2712041a6.jpg]
[cbu01.alicdn.com/img/ibank/O1CN011XypZS20jqAhyLwky_!!2209042206886-0-cib.jpg]
[cbu01.alicdn.com/img/ibank/O1CN01zLSgMI20jqAhImaaQ_!!2209042206886-0-cib.jpg]
[cbu01.alicdn.com/img/ibank/O1CN014ECJP920jqAawhL1Q_!!2209042206886-0-cib.jpg]
[cbu01.alicdn.com/img/ibank/O1CN01DrQGHq20jqAiS9HxI_!!2209042206886-0-cib.jpg]
[cbu01.alicdn.com/img/ibank/O1CN0114Zi1620jqAgC1Llz_!!2209042206886-0-cib.jpg]
[cbu01.alicdn.com/img/ibank/O1CN01eOyEGh20jqAgC0sgb_!!2209042206886-0-cib.jpg]
[cbu01.alicdn.com/img/ibank/O1CN01LRDPxx20jqAhyJbD8_!!2209042206886-0-cib.jpg]
[cbu01.alicdn.com/img/ibank/O1CN01xNJWF420jqAawkM87_!!2209042206886-0-cib.jpg]
[cbu01.alicdn.com/img/ibank/O1CN01MpIehR20jqAcm4Vt9_!!2209042206886-0-cib.jpg]
[cbu01.alicdn.com/img/ibank/O1CN01uwLUKP20jqAiS6o5t_!!2209042206886-0-cib.jpg]
[cbu01.alicdn.com/img/ibank/O1CN01VK7eVC20jqAcm2MnZ_!!2209042206886-0-cib.jpg]
[cbu01.alicdn.com/img/ibank/O1CN01kwzWxo20jqAhyIrTa_!!2209042206886-0-cib.jpg]
[cbu01.alicdn.com/img/ibank/O1CN015chDiI20jqAc7tpAE_!!2209042206886-0-cib.jpg]
[cbu01.alicdn.com/img/ibank/O1CN01oY2CUf20jqAhyInKO_!!2209042206886-0-cib.jpg]
[cbu01.alicdn.com/img/ibank/O1CN01Aig7JE20jqAezKD5W_!!2209042206886-0-cib.jpg]
[cbu01.alicdn.com/img/ibank/O1CN01uhasqU20jqAhInnTg_!!2209042206886-0-cib.jpg]
[cbu01.alicdn.com/img/ibank/O1CN01v77XdY20jqAawkQJO_!!2209042206886-0-cib.jpg]
[cbu01.alicdn.com/img/ibank/O1CN01jSH9Ts20jqAWEWjVQ_!!2209042206886-0-cib.jpg]
[cbu01.alicdn.com/img/ibank/O1CN01hQR6u120jqAepr7Qx_!!2209042206886-0-cib.jpg]
[cbu01.alicdn.com/img/ibank/O1CN01oTJHEp20jqAenTYDR_!!2209042206886-0-cib.jpg]
[mirpurshopz.com/product/1025.html]
[mirpurshopz.com/public/product/664b74d27654d.jpg]
[mirpurshopz.com/public/product/thumbnail/664b74d27654d.jpg]
[cdn.wshopon.com/image/23c61b1cdca55c567d78c1617d9818abdac04689.jpg]
[cdn.wshopon.com/image/5472e0b0e05f44d318572034d368df048730d790.jpg]
[cdn.wshopon.com/image/7acaba746fe6a7608b30a375aae3fcc62dcd5b4b.png]
[cdn.wshopon.com/image/3d95dbfc814aca2ef18f9387d7dab58f47b35c35.jpg]
[cdn.wshopon.com/image/5c353b068ccc915b0dd7a073f54dee4a1f9f8124.jpg]
[cdn.wshopon.com/image/9db444e1baf3f8abb6f956309a77c22f9c1c96f4.jpg]
[mirpurshopz.com/product/1021.html]
[mirpurshopz.com/product/1022.html]
[mirpurshopz.com/public/product/6654719900789.jpg]
[mirpurshopz.com/public/product/thumbnail/6654719900789.jpg]
[cdn.shopify.com/s/files/1/0859/4545/0780/files/ezgif.com-video-to-gif-converter_44fde1d6-d287-4dc9-bf9a-9c405adbbd3fff28.gif]
[img.kwcdn.com/product/Fancyalgo/VirtualModelMatting/63a734f2fe397ced2945dd69e6726f0461d4.jpg]
[cdn.shopify.com/s/files/1/0859/4545/0780/files/ezgif.com-video-to-gif-converter_1_932cba43-f58a-4b58-b7d6-c1d5360c544fff28.gif]
[cdn.shopify.com/s/files/1/0859/4545/0780/files/3_b8c4c6fc-3060-4304-aef7-026f5b6b9dd3373c.png]
[cdn.shopify.com/s/files/1/0859/4545/0780/files/ezgif.com-video-to-gif-converter_2_3d0a893c-71e8-4552-a5a3-dc00b24296c7ff28.gif]
[cdn.shopify.com/s/files/1/0859/4545/0780/files/7_c0cd6a63-25b6-4d58-b6ab-7fb66ca7da7f373c.png]
[m.media-amazon.com/images/I/71mAHJodnEL._AC_SL1500_.jpg]
[img.kwcdn.com/product/Fancyalgo/VirtualModelMatting/16e58ed48b2f37027630e82246a0954061d4.jpg]
[i.ebayimg.com/images/g/2_4AAOSwmahk-9XO/s-l500.jpg]
[i.ebayimg.com/images/g/KncAAOSw_UVk-9XO/s-l500.jpg]
[i.ebayimg.com/images/g/2yIAAOSwlhRk-9XO/s-l500.jpg]
[cdn.shopify.com/s/files/1/0859/4545/0780/files/3_34dbc3b0-9d17-4d66-be10-914f40e2f39312d3.png]
[cdn.shopify.com/s/files/1/0859/4545/0780/files/3-192021_c8f43610-57ff-4928-b337-53ea24f944994381.png]
[mirpurshopz.com/product/1026.html]
[mirpurshopz.com/product/1027.html]
[mirpurshopz.com/product/1028.html]
[mirpurshopz.com/product/1029.html]
[mirpurshopz.com/public/product/665f1af76771a.jpg]
[mirpurshopz.com/public/product/thumbnail/665f1af76771a.jpg]
[cdn.shopify.com/s/files/1/0635/0077/9710/files/d2_a7d5108a-63c7-4bc2-ae54-0d3eb7913fcc_480x480c5be.jpg]
[cdn.shopify.com/s/files/1/0635/0077/9710/files/d4_fbf34634-acaa-48f2-a040-729c9fb26104_480x4800b25.jpg]
[cdn.shopify.com/s/files/1/0635/0077/9710/files/d7_c0957465-15de-4bc2-9829-d367117178b6_480x480a523.jpg]
[cdn.shopify.com/s/files/1/0635/0077/9710/files/d6_1c5edde6-2165-4df0-94cf-d7f1b14b89ca_480x480226c.jpg]
[mirpurshopz.com/product/1030.html]
[mirpurshopz.com/product/1031.html]
[mirpurshopz.com/product/1032.html]
[mirpurshopz.com/public/product/61e8012a4167d.jpg]
[mirpurshopz.com/public/product/thumbnail/61e8012a4167d.jpg]
[mirpurshopz.com/product/c2ca664ddaa2c70402158ecf01a8f88e.jpg]
[mirpurshopz.com/product/832.html]
[mirpurshopz.com/public/product/6219fa1b6aaf1.jpg]
[mirpurshopz.com/public/product/thumbnail/6219fa1b6aaf1.jpg]
[mirpurshopz.com/product/840.html]
[mirpurshopz.com/public/product/621f4b143ced5.jpg]
[mirpurshopz.com/public/product/thumbnail/621f4b143ced5.jpg]
[mirpurshopz.com/product/_/images/list-arrow.png_]
[mirpurshopz.com/product/841.html]
[mirpurshopz.com/public/product/622df437c1dbd.jpg]
[mirpurshopz.com/product/843.html]
[mirpurshopz.com/public/product/thumbnail/622df437c1dbd.jpg]
[mirpurshopz.com/public/product/6272d13b10ae9.jpg]
[mirpurshopz.com/product/865.html]
[mirpurshopz.com/public/product/thumbnail/6272d13b10ae9.jpg]
[mirpurshopz.com/public/product/608b317ee536e.jpg]
[mirpurshopz.com/public/product/thumbnail/608b317ee536e.jpg]
[mirpurshopz.com/product/753.html]
[mirpurshopz.com/public/product/60b23fa5dd8e2.jpg]
[mirpurshopz.com/product/759.html]
[mirpurshopz.com/public/product/thumbnail/60b23fa5dd8e2.jpg]
[mirpurshopz.com/public/product/60b23f1b715bb.jpg]
[mirpurshopz.com/public/product/thumbnail/60b23f1b715bb.jpg]
[mirpurshopz.com/product/762.html]
[mirpurshopz.com/public/product/611e543cdb677.jpg]
[mirpurshopz.com/product/774.html]
[mirpurshopz.com/public/product/thumbnail/611e543cdb677.jpg]
[mirpurshopz.com/public/product/6134e3609a796.jpg]
[mirpurshopz.com/product/776.html]
[mirpurshopz.com/public/product/thumbnail/6134e3609a796.jpg]
[mirpurshopz.com/public/product/6335a9f67f5a2.jpg]
[mirpurshopz.com/public/product/thumbnail/6335a9f67f5a2.jpg]
[mirpurshopz.com/product/869.html]
[mirpurshopz.com/public/product/65bf92c8b28e4.jpg]
[mirpurshopz.com/public/product/thumbnail/65bf92c8b28e4.jpg]
[cbu01.alicdn.com/img/ibank/O1CN014sPIMb1oocoauwwqU_!!2209983005272-0-cib.jpg]
[cdn.shopify.com/s/files/1/0574/0232/7218/files/ccc9abaaabbfca344ee4d360ee48470b_480x4802bc4.jpg]
[cdn.shopify.com/s/files/1/0574/0232/7218/files/1b8f3de8dcdcfb0be3ce60dfc33518f2_480x48071f1.jpg]
[mirpurshopz.com/product/935.html]
[mirpurshopz.com/public/product/6080892f28527.jpg]
[mirpurshopz.com/public/product/thumbnail/6080892f28527.jpg]
[mirpurshopz.com/product/29.jpg]
[mirpurshopz.com/product/30.jpg]
[mirpurshopz.com/product/747.html]
[mirpurshopz.com/public/product/608332cee41c8.jpg]
[mirpurshopz.com/product/749.html]
[mirpurshopz.com/public/product/thumbnail/608332cee41c8.jpg]
[mirpurshopz.com/public/product/60fb1c534ebfc.jpg]
[mirpurshopz.com/public/product/thumbnail/60fb1c534ebfc.jpg]
[mirpurshopz.com/product/ssss.jpg]
[mirpurshopz.com/product/773.html]
[mirpurshopz.com/public/product/61292a8cc8671.jpg]
[mirpurshopz.com/public/product/thumbnail/61292a8cc8671.jpg]
[mirpurshopz.com/product/775.html]
[mirpurshopz.com/public/product/6137757f185b5.jpg]
[mirpurshopz.com/public/product/thumbnail/6137757f185b5.jpg]
[mirpurshopz.com/product/777.html]
[mirpurshopz.com/public/product/618fa8adb4ed0.jpg]
[mirpurshopz.com/public/product/thumbnail/618fa8adb4ed0.jpg]
[mirpurshopz.com/product/H3ee148a57e174a98ac481b9bf78437f2V.jpg]
[mirpurshopz.com/product/Hbf809720dd5f42669ef64d91e13e0bd4d.jpg]
[mirpurshopz.com/product/791.html]
[mirpurshopz.com/public/product/6190fd9e385f8.jpg]
[mirpurshopz.com/public/product/thumbnail/6190fd9e385f8.jpg]
[mirpurshopz.com/product/793.html]
[mirpurshopz.com/product/836.html]
[mirpurshopz.com/product/837.html]
[mirpurshopz.com/product/839.html]
[mirpurshopz.com/product/863.html]
[mirpurshopz.com/product/870.html]
[mirpurshopz.com/product/873.html]
[mirpurshopz.com/product/875.html]
[mirpurshopz.com/product/877.html]
[mirpurshopz.com/product/918.html]
[mirpurshopz.com/product/922.html]
[mirpurshopz.com/product/923.html]
[mirpurshopz.com/product/925.html]
[mirpurshopz.com/product/926.html]
[mirpurshopz.com/product/927.html]
[mirpurshopz.com/product/928.html]
[mirpurshopz.com/product/930.html]
[mirpurshopz.com/product/931.html]
[mirpurshopz.com/product/933.html]
[mirpurshopz.com/product/934.html]
[mirpurshopz.com/product/952.html]
[mirpurshopz.com/product/957.html]
[mirpurshopz.com/product/961.html]
[mirpurshopz.com/product/973.html]
[mirpurshopz.com/product/975.html]
[mirpurshopz.com/product/979.html]
[mirpurshopz.com/category/gadgets4658.html]
[mirpurshopz.com/category/gadgets2679.html]
[mirpurshopz.com/product/989.html]
[mirpurshopz.com/product/988.html]
[mirpurshopz.com/product/990.html]
[mirpurshopz.com/product/991.html]
[mirpurshopz.com/product/992.html]
[mirpurshopz.com/product/993.html]
[mirpurshopz.com/product/995.html]
[mirpurshopz.com/product/996.html]
[mirpurshopz.com/product/998.html]
[mirpurshopz.com/product/1000.html]
[mirpurshopz.com/product/1001.html]
[mirpurshopz.com/product/1002.html]
[mirpurshopz.com/product/1010.html]
[mirpurshopz.com/product/1014.html]
[mirpurshopz.com/product/1015.html]
[mirpurshopz.com/product/1016.html]
[mirpurshopz.com/product/1017.html]
[mirpurshopz.com/product/1018.html]
[mirpurshopz.com/product/1019.html]
[mirpurshopz.com/product/1020.html]
[mirpurshopz.com/product/1023.html]
[mirpurshopz.com/category/gadgets9ba9.html]
[mirpurshopz.com/product/1024.html]
[mirpurshopz.com/public/product/633588a098e8f.jpg]
[mirpurshopz.com/public/product/thumbnail/633588a098e8f.jpg]
[mirpurshopz.com/product/867.html]
[mirpurshopz.com/public/product/6403ad2c4f022.jpg]
[mirpurshopz.com/public/product/thumbnail/6403ad2c4f022.jpg]
[mirpurshopz.com/product/917.html]
[mirpurshopz.com/public/product/5ff1b8dc4980e.jpg]
[mirpurshopz.com/product/475.html]
[mirpurshopz.com/public/product/thumbnail/5ff1b8dc4980e.jpg]
[mirpurshopz.com/public/product/5ff1b8dcd3535.jpg]
[mirpurshopz.com/public/product/thumbnail/5ff1b8dcd3535.jpg]
[mirpurshopz.com/product/815.html]
[mirpurshopz.com/public/product/5ff1b8d75c82a.jpg]
[mirpurshopz.com/public/product/thumbnail/5ff1b8d75c82a.jpg]
[mirpurshopz.com/product/466.html]
[mirpurshopz.com/public/product/5ff1b8db64474.jpg]
[mirpurshopz.com/product/472.html]
[mirpurshopz.com/public/product/thumbnail/5ff1b8db64474.jpg]
[mirpurshopz.com/public/product/5ff1b90850beb.jpg]
[mirpurshopz.com/public/product/thumbnail/5ff1b90850beb.jpg]
[mirpurshopz.com/product/562.html]
[mirpurshopz.com/public/product/5ff1b90b29fe5.jpg]
[mirpurshopz.com/product/566.html]
[mirpurshopz.com/public/product/thumbnail/5ff1b90b29fe5.jpg]
[mirpurshopz.com/public/product/5ff1b90ba8c7f.jpg]
[mirpurshopz.com/public/product/thumbnail/5ff1b90ba8c7f.jpg]
[mirpurshopz.com/product/567.html]
[mirpurshopz.com/public/product/5ff1b90bdacc7.jpg]
[mirpurshopz.com/product/568.html]
[mirpurshopz.com/public/product/thumbnail/5ff1b90bdacc7.jpg]
[mirpurshopz.com/public/product/5ff1b90cc861c.jpg]
[mirpurshopz.com/product/570.html]
[mirpurshopz.com/public/product/thumbnail/5ff1b90cc861c.jpg]
[mirpurshopz.com/public/product/5ff1b92d93d1f.jpg]
[mirpurshopz.com/public/product/thumbnail/5ff1b92d93d1f.jpg]
[mirpurshopz.com/product/622.html]
[mirpurshopz.com/public/product/5ff1d5f70eff2.jpg]
[mirpurshopz.com/product/689.html]
[mirpurshopz.com/public/product/thumbnail/5ff1d5f70eff2.jpg]
[mirpurshopz.com/public/product/635e5b4cecd33.jpg]
[mirpurshopz.com/public/product/thumbnail/635e5b4cecd33.jpg]
[mirpurshopz.com/product/871.html]
[mirpurshopz.com/public/product/6360fd44a4679.jpg]
[mirpurshopz.com/public/product/thumbnail/6360fd44a4679.jpg]
[mirpurshopz.com/product/889.html]
[mirpurshopz.com/public/product/63681040223e0.jpg]
[mirpurshopz.com/public/product/thumbnail/63681040223e0.jpg]
[static.xx.fbcdn.net/images/emoji.php/v9/t6c/1/16/2764.png]
[static.xx.fbcdn.net/images/emoji.php/v9/t6c/1/16/1f499.png]
[static.xx.fbcdn.net/images/emoji.php/v9/tbb/1/16/1f4a0.png]
[static.xx.fbcdn.net/images/emoji.php/v9/tf0/1/16/1f338.png]
[static.xx.fbcdn.net/images/emoji.php/v9/tef/1/16/1f535.png]
[static.xx.fbcdn.net/images/emoji.php/v9/tef/1/16/1f9ca.png]
[static.xx.fbcdn.net/images/emoji.php/v9/tc1/1/16/1f4a6.png]
[static.xx.fbcdn.net/images/emoji.php/v9/t8b/1/16/1f465.png]
[mirpurshopz.com/product/892.html]
[mirpurshopz.com/public/product/63754f7b68bb0.jpg]
[mirpurshopz.com/product/894.html]
[mirpurshopz.com/public/product/thumbnail/63754f7b68bb0.jpg]
[mirpurshopz.com/public/product/637bd4b37d845.jpg]
[mirpurshopz.com/public/product/thumbnail/637bd4b37d845.jpg]
[mirpurshopz.com/product/895.html]
[mirpurshopz.com/public/product/63a311177c35e.jpg]
[mirpurshopz.com/public/product/thumbnail/63a311177c35e.jpg]
[cdn.shopify.com/s/files/1/0423/2305/0650/files/Sequence_01_2_9f82bf32-b2ac-427b-ab3e-7b9415310481_480x4803128.gif]
[cdn.shopify.com/s/files/1/0423/2305/0650/files/purify_v3_22b1b86f-4ce5-4bef-98a8-9307d7369768_480x480f995.jpg]
[cdn.shopify.com/s/files/1/0423/2305/0650/files/wide_use_174b03c8-9d81-4856-8e76-6b8dcac1e4bf_480x4802c4a.jpg]
[cdn.shopify.com/s/files/1/0423/2305/0650/files/increase_480x4804a8c.jpg]
[cdn.shopify.com/s/files/1/0423/2305/0650/files/wide_use_57de864e-c83c-4af2-b725-4c86fa18088c_480x480b724.jpg]
[cdn.shopify.com/s/files/1/0423/2305/0650/files/ingredient_480x480b5e8.jpg]
[cdn.shopify.com/s/files/1/0423/2305/0650/files/how_to_d34a9133-5f12-4236-b0e7-cad0e6d7fe44_480x4809320.jpg]
[cdn.shopify.com/s/files/1/0423/2305/0650/files/sss_480x4808ce2.jpg]
[mirpurshopz.com/product/896.html]
[mirpurshopz.com/public/product/639198ea9d8d9.jpg]
[mirpurshopz.com/public/product/thumbnail/639198ea9d8d9.jpg]
[mirpurshopz.com/product/903.html]
[mirpurshopz.com/public/product/63a096c84a8e9.jpg]
[mirpurshopz.com/public/product/thumbnail/63a096c84a8e9.jpg]
[mirpurshopz.com/product/905.html]
[mirpurshopz.com/public/product/63af1d223c1d6.jpg]
[mirpurshopz.com/public/product/thumbnail/63af1d223c1d6.jpg]
[mirpurshopz.com/product/908.html]
[mirpurshopz.com/public/product/63c432b1357ae.jpg]
[mirpurshopz.com/public/product/thumbnail/63c432b1357ae.jpg]
[static.xx.fbcdn.net/images/emoji.php/v9/td2/2/16/2714.png]
[mirpurshopz.com/product/911.html]
[mirpurshopz.com/public/product/63c830914a14f.jpg]
[mirpurshopz.com/public/product/thumbnail/63c830914a14f.jpg]
[cdn.hotishop.com/image/2022/11/44af29d8cfb21e00cc93ba3d4ba441be0d6049ae70e1c561794cbae9a12796e1.gif]
[cdn.hotishop.com/image/2022/11/d935a2cf01f673d2c02c1884c30cb3334d98a42b3b143fb68901b04bab68355f.png]
[cdn.hotishop.com/image/2022/11/6a3161edc4477842776cb3e8bb5f4fd3cefe9e9c3e678011500f0828cd78d546.gif]
[cdn.hotishop.com/image/2022/11/75a6f90f775979c6dcb89581bb63ccf85b7e7a8577593db72108cef9daa44859.gif]
[cdn.hotishop.com/image/2022/11/4370dbf9b560ef29ab9c79fd72619178d35a865d66823dd68edc0387549b38e9.png]
[cdn.hotishop.com/image/2022/11/b9b06c93babb884dd2fe14d174bdcd370a05412107a092d75190630eb13990fb.gif]
[cdn.hotishop.com/image/2022/11/94906212ebbc10f2474bd297bb97700c1fa7907f747cf639d3915c0655a0307f.png]
[cdn.hotishop.com/image/2022/11/d5ee31ddea69b36d36d866f890e129606f108852d42b324d3d9e80447bfcdeb6.png]
[cdn.hotishop.com/image/2022/11/ae378bb5a5daca8258c97c4adcb9103eb03a00194711ebe0dec44ae0d02359ba.png]
[mirpurshopz.com/product/912.html]
[mirpurshopz.com/public/product/6403a780336d8.jpg]
[mirpurshopz.com/public/product/thumbnail/6403a780336d8.jpg]
[mirpurshopz.com/product/916.html]
[mirpurshopz.com/public/product/6438752c269c6.jpg]
[mirpurshopz.com/public/product/thumbnail/6438752c269c6.jpg]
[mirpurshopz.com/product/924.html]
[mirpurshopz.com/public/product/64ecd46b05aa2.jpg]
[mirpurshopz.com/public/product/thumbnail/64ecd46b05aa2.jpg]
[mirpurshopz.com/product/946.html]
[mirpurshopz.com/public/product/64f05a2e9bb95.jpg]
[mirpurshopz.com/public/product/thumbnail/64f05a2e9bb95.jpg]
[img.fantaskycdn.com/ff6a7dc03156f7d609334dd17d3a8fd4.png]
[img.fantaskycdn.com/b0c92e1488a815e09f76b9377ac70516.gif]
[img.fantaskycdn.com/0748f36a10fecc150e63a8c724282f68.gif]
[img.fantaskycdn.com/700f762dcda3aabba64b47e0fd1ebd7f.jpg]
[img.fantaskycdn.com/3af4fc87b4008d1166e925a01301c219.jpg]
[img.fantaskycdn.com/cf7f686bf02edf02dce717b612a02266.jpg]
[img.fantaskycdn.com/c949e3f5a6ab48321243a5a72ef44c4a.jpg]
[mirpurshopz.com/product/948.html]
[mirpurshopz.com/public/product/61e0305496a34.jpg]
[mirpurshopz.com/public/product/thumbnail/61e0305496a34.jpg]
[mirpurshopz.com/product/489.html]
[mirpurshopz.com/public/product/5ff1b9260ad52.jpg]
[mirpurshopz.com/public/product/thumbnail/5ff1b9260ad52.jpg]
[mirpurshopz.com/product/606.html]
[mirpurshopz.com/public/product/5ff1b9267d446.jpg]
[mirpurshopz.com/public/product/thumbnail/5ff1b9267d446.jpg]
[mirpurshopz.com/product/607.html]
[mirpurshopz.com/product/download.html]
[mirpurshopz.com/product/image/right-arrow.html]
[mirpurshopz.com/product/IMG-20210710-WA0005.html]
[mirpurshopz.com/product/m3.html]
[mirpurshopz.com/product/m2.html]
[mirpurshopz.com/product/697.html]
[mirpurshopz.com/product/708.html]
[mirpurshopz.com/product/733.html]
[mirpurshopz.com/product/736.html]
[mirpurshopz.com/product/738.html]
[mirpurshopz.com/product/745.html]
[mirpurshopz.com/product/758.html]
[mirpurshopz.com/product/761.html]
[mirpurshopz.com/product/763.html]
[mirpurshopz.com/shop4658.html]
[mirpurshopz.com/shop2679.html]
[mirpurshopz.com/shop9ba9.html]
[mirpurshopz.com/product/914.html]
[mirpurshopz.com/product/919.html]
[mirpurshopz.com/product/855.html]
[mirpurshopz.com/product/920.html]
[mirpurshopz.com/product/921.html]
[mirpurshopz.com/product/932.html]
[mirpurshopz.com/product/936.html]
[mirpurshopz.com/product/937.html]
[mirpurshopz.com/shopfdb0.html]
[mirpurshopz.com/product/953.html]
[mirpurshopz.com/product/954.html]
[mirpurshopz.com/product/955.html]
[mirpurshopz.com/product/956.html]
[mirpurshopz.com/product/958.html]
[mirpurshopz.com/product/959.html]
[mirpurshopz.com/shopaf4d.html]
[mirpurshopz.com/shopc575.html]
[mirpurshopz.com/shop235c.html]
[mirpurshopz.com/schema.html]
[mirpurshopz.com/product/_/www.warmyard.co.uk/cdn/shop/t/4/assets/ico-selectcf68.html]
[mirpurshopz.com/product/960.html]
[pinterest.com/pin/create/button/index9151.html]
[cdn.shopify.com/s/files/1/0859/4545/0780/files/3_34dbc3b0-9d17-4d66-be10-914f40e2f39312d3.html]
[mirpurshopz.com/product/_/images/list-arrow.html]
[pinterest.com/pin/create/button/index6d4e.html]
[mirpurshopz.com/product/c2ca664ddaa2c70402158ecf01a8f88e.html]
[mirpurshopz.com/product/29.html]
[mirpurshopz.com/product/30.html]
[mirpurshopz.com/product/ssss.html]
[mirpurshopz.com/product/H3ee148a57e174a98ac481b9bf78437f2V.html]
[mirpurshopz.com/product/Hbf809720dd5f42669ef64d91e13e0bd4d.html]
[mirpurshopz.com/public/product/61fa6cc3699e1.jpg]
[www.pinterest.com/pin/create/button/indexb53f.html]
[www.pinterest.com/pin/create/button/index1100.html]
[mirpurshopz.com/public/product/thumbnail/61fa6cc3699e1.jpg]
[mirpurshopz.com/product/06-01-2022-03-18-35-270070038_1728445364200397_6265919930116791897_n.jpg]
[mirpurshopz.com/product/836.html]
[mirpurshopz.com/public/product/61fa76d7ac3e0.jpg]
[mirpurshopz.com/public/product/thumbnail/61fa76d7ac3e0.jpg]
[mirpurshopz.com/product/837.html]
[mirpurshopz.com/public/product/620f74d93b593.jpg]
[mirpurshopz.com/public/product/thumbnail/620f74d93b593.jpg]
[mirpurshopz.com/product/images.jpeg]
[mirpurshopz.com/product/839.html]
[mirpurshopz.com/public/product/6259509e4ffbc.jpg]
[mirpurshopz.com/public/product/thumbnail/6259509e4ffbc.jpg]
[mirpurshopz.com/product/863.html]
[mirpurshopz.com/public/product/633758234bc99.jpg]
[mirpurshopz.com/public/product/thumbnail/633758234bc99.jpg]
[mirpurshopz.com/product/870.html]
[mirpurshopz.com/public/product/6345ce37ea9ff.jpg]
[mirpurshopz.com/public/product/thumbnail/6345ce37ea9ff.jpg]
[mirpurshopz.com/product/873.html]
[mirpurshopz.com/public/product/63516b4324a80.jpg]
[mirpurshopz.com/public/product/thumbnail/63516b4324a80.jpg]
[mirpurshopz.com/product/875.html]
[mirpurshopz.com/public/product/635bbbdb72553.jpg]
[mirpurshopz.com/product/877.html]
[mirpurshopz.com/public/product/thumbnail/635bbbdb72553.jpg]
[mirpurshopz.com/public/product/6419fa62b18d4.jpg]
[mirpurshopz.com/product/918.html]
[mirpurshopz.com/public/product/thumbnail/6419fa62b18d4.jpg]
[mirpurshopz.com/public/product/642da0bf3fe5e.jpg]
[mirpurshopz.com/public/product/thumbnail/642da0bf3fe5e.jpg]
[mirpurshopz.com/product/922.html]
[mirpurshopz.com/public/product/64332eb4894d7.jpg]
[mirpurshopz.com/product/923.html]
[mirpurshopz.com/public/product/thumbnail/64332eb4894d7.jpg]
[mirpurshopz.com/public/product/644ac1a528579.jpg]
[mirpurshopz.com/public/product/thumbnail/644ac1a528579.jpg]
[mirpurshopz.com/product/925.html]
[mirpurshopz.com/public/product/6453a76144a8b.jpg]
[mirpurshopz.com/product/926.html]
[mirpurshopz.com/public/product/thumbnail/6453a76144a8b.jpg]
[mirpurshopz.com/public/product/6476f14fa3311.jpg]
[mirpurshopz.com/product/927.html]
[mirpurshopz.com/public/product/thumbnail/6476f14fa3311.jpg]
[mirpurshopz.com/public/product/6484aaa6afe24.jpg]
[mirpurshopz.com/public/product/thumbnail/6484aaa6afe24.jpg]
[static.xx.fbcdn.net/images/emoji.php/v9/tbd/1/16/1f4a2.png]
[mirpurshopz.com/product/_https_/bohuponno.com/public/ban.png_]
[mirpurshopz.com/product/928.html]
[mirpurshopz.com/public/product/6489aff56f933.jpg]
[mirpurshopz.com/public/product/thumbnail/6489aff56f933.jpg]
[static.xx.fbcdn.net/images/emoji.php/v9/t50/1/16/1f525.png]
[mirpurshopz.com/product/930.html]
[mirpurshopz.com/public/product/6489b42f64bc0.jpg]
[mirpurshopz.com/public/product/thumbnail/6489b42f64bc0.jpg]
[mirpurshopz.com/product/931.html]
[mirpurshopz.com/public/product/64b2b78e7ee0c.jpg]
[mirpurshopz.com/product/933.html]
[mirpurshopz.com/public/product/thumbnail/64b2b78e7ee0c.jpg]
[mirpurshopz.com/public/product/64c409d379ad4.jpg]
[mirpurshopz.com/public/product/thumbnail/64c409d379ad4.jpg]
[mirpurshopz.com/product/934.html]
[mirpurshopz.com/public/product/64f34d783ed78.jpg]
[mirpurshopz.com/public/product/thumbnail/64f34d783ed78.jpg]
[cdn.shopify.cn/s/files/1/0302/6577/0123/files/1_88de8716-3551-4615-85ce-4da5b0356e69_480x4805f4e.gif]
[cdn.shopify.com/s/files/1/0015/6735/9012/files/Furniture_Silicon_Protection_Cover_2_480x480_69fe5de7-73cc-4184-abc7-48955c993a15_480x4807147.jpg]
[cdn.shopify.com/s/files/1/0015/6735/9012/files/Furniture_Silicon_Protection_Cover_3_480x480_1565fd85-636d-4753-8925-4c87d50f3c43_480x480916e.jpg]
[mirpurshopz.com/product/952.html]
[mirpurshopz.com/public/product/651da0eb97aa8.jpg]
[mirpurshopz.com/product/957.html]
[mirpurshopz.com/public/product/thumbnail/651da0eb97aa8.jpg]
[mirpurshopz.com/public/product/65245647b2f17.jpg]
[mirpurshopz.com/public/product/thumbnail/65245647b2f17.jpg]
[cdn.shopifycdn.net/s/files/1/0505/5211/1269/files/1_e3bd41bf-3806-4650-a0fa-f26b1eed6d3e_480x4801dd0.jpg]
[cdn.shopifycdn.net/s/files/1/0505/5211/1269/files/4_ef2d194b-c0f9-42b9-a216-32aef45b155f_480x4801dd0.jpg]
[cdn.shopifycdn.net/s/files/1/0505/5211/1269/files/3_0ce859ee-f276-45f9-9bc1-d6fa9470ffdc_480x4801dd0.jpg]
[cdn.shopifycdn.net/s/files/1/0505/5211/1269/files/13_aae4046f-7854-4aa0-93b0-7991f383cfbb_480x480a7e9.jpg]
[cdn.shopifycdn.net/s/files/1/0505/5211/1269/files/14_99b1e7a9-476c-4eea-9c8d-6b665ffc16ac_480x480a7e9.jpg]
[cdn.shopifycdn.net/s/files/1/0505/5211/1269/files/1_b449ee1b-9bd4-43e5-94c6-0acaf7b50f88_480x480a7e9.jpg]
[mirpurshopz.com/product/961.html]
[mirpurshopz.com/public/product/654cf21bbca7a.jpg]
[mirpurshopz.com/public/product/thumbnail/654cf21bbca7a.jpg]
[mirpurshopz.com/product/973.html]
[mirpurshopz.com/public/product/65512d32c8be3.jpg]
[mirpurshopz.com/public/product/thumbnail/65512d32c8be3.jpg]
[cdn.shopify.com/s/files/1/0652/7791/9468/files/BNA1_cfb664eb-d085-48ce-b9c9-a44a14505836_480x48011fb.png]
[cdn.shopify.com/s/files/1/0652/7791/9468/files/BNA2_319db6d4-ed5b-4066-98f7-a6365e8cd80c_480x480681a.png]
[cdn.shopify.com/s/files/1/0652/7791/9468/files/Sciatica_480x480eedf.png]
[cdn.shopify.com/s/files/1/0608/9090/6791/files/Artboard2_706a6092-4c19-4dd2-9a25-fc783b9c99ec_480x48032b5.png]
[cdn.shopify.com/s/files/1/0652/7791/9468/files/Effect2_c225314e-357b-474e-975c-b6c76beec717_480x480adeb.png]
[cdn.shopify.com/s/files/1/0652/7791/9468/files/Feature1_8ac566d2-ce92-4d72-a4e3-2c5bc90c3383_480x48091a9.png]
[cdn.shopify.com/s/files/1/0652/7791/9468/files/Feature2_bb62ea20-0434-4c7d-bd43-b1224be5667c_480x480f37c.png]
[cdn.shopify.com/s/files/1/0652/7791/9468/files/Feature3_f8e8db9e-5175-4829-986e-c9f54480f8df_480x480f811.png]
[cdn.shopify.com/s/files/1/0652/7791/9468/files/BNA3_759bcd1c-2727-40aa-ade6-be32d3a2b1eb_480x480a7b4.png]
[cdn.shopify.com/s/files/1/0608/9090/6791/files/Artboard3_6737e55a-9018-4e29-b627-f8299b9be1c9_480x48032b5.png]
[cdn.shopify.com/s/files/1/0652/7791/9468/files/Details_49e5d2b4-2f79-45db-ad3e-0c276ff8258d_480x4802ff3.png]
[mirpurshopz.com/product/975.html]
[mirpurshopz.com/public/product/65565c0d09d34.jpg]
[mirpurshopz.com/product/979.html]
[mirpurshopz.com/public/product/thumbnail/65565c0d09d34.jpg]
[mirpurshopz.com/category/gadgets2679.html]
[mirpurshopz.com/public/product/65733b81e829e.jpg]
[mirpurshopz.com/public/product/thumbnail/65733b81e829e.jpg]
[mirpurshopz.com/product/988.html]
[mirpurshopz.com/public/product/65733dcbe1d4c.jpg]
[mirpurshopz.com/public/product/thumbnail/65733dcbe1d4c.jpg]
[mirpurshopz.com/product/989.html]
[mirpurshopz.com/public/product/6575faf46be6f.jpg]
[mirpurshopz.com/public/product/thumbnail/6575faf46be6f.jpg]
[mirpurshopz.com/product/990.html]
[mirpurshopz.com/public/product/658360991620b.jpg]
[mirpurshopz.com/public/product/thumbnail/658360991620b.jpg]
[mirpurshopz.com/product/991.html]
[mirpurshopz.com/public/product/658c28d74ae33.jpg]
[mirpurshopz.com/product/992.html]
[mirpurshopz.com/public/product/thumbnail/658c28d74ae33.jpg]
[mirpurshopz.com/public/product/658c3b77d2c59.jpg]
[mirpurshopz.com/product/993.html]
[mirpurshopz.com/public/product/thumbnail/658c3b77d2c59.jpg]
[mirpurshopz.com/public/product/6597165d00c57.jpg]
[mirpurshopz.com/public/product/thumbnail/6597165d00c57.jpg]
[bg.soldius.com/app/uploads/2023/05/MINDMAGIC_4.jpg]
[bg.soldius.com/app/uploads/2023/05/MINDMAGIC-IMG3-min.jpg]
[bg.soldius.com/app/uploads/2023/05/MINDMAGIC-IMG4-min.jpg]
[bg.soldius.com/app/uploads/2023/05/MINDMAGIC-IMG5-min.jpg]
[bg.soldius.com/app/uploads/2023/05/MINDMAGIC_5.jpg]
[bg.soldius.com/app/uploads/2023/05/MINDMAGIC_6.jpg]
[bg.soldius.com/app/uploads/2023/05/MINDMAGIC_7.jpg]
[bg.soldius.com/app/uploads/2023/05/MINDMAGIC_8.jpg]
[bg.soldius.com/app/uploads/2023/05/MINDMAGIC_9.jpg]
[mirpurshopz.com/product/995.html]
[mirpurshopz.com/public/product/65a8f3af0cec8.jpg]
[mirpurshopz.com/public/product/thumbnail/65a8f3af0cec8.jpg]
[www.luckinwish.co.uk/cdn/shop/products/2_be93cb68-c579-4bbd-b099-65c212fc8f36_300x2d98.jpg]
[www.luckinwish.co.uk/cdn/shop/products/9_4e5842bc-8b62-4313-9303-e673b09daf7e_300x5ab8.jpg]
[www.luckinwish.co.uk/cdn/shop/products/1_a59e5247-3873-41aa-8fb7-3c12b71b55d5_300x5ab8.jpg]
[www.luckinwish.co.uk/cdn/shop/products/3_6c264c07-cbbb-4346-9044-aea92208fa82_300x5ab8.jpg]
[www.luckinwish.co.uk/cdn/shop/products/4_e24645b0-b8be-45af-9e2f-33facd4eb433_300x6d0d.jpg]
[www.luckinwish.co.uk/cdn/shop/products/5_c81c4d61-6460-43f6-a4d5-e74bb5d6594d_300x6d0d.jpg]
[www.luckinwish.co.uk/cdn/shop/products/6_76f9ba4d-ad34-44ae-a812-411bed5c8d4c_300x6d0d.jpg]
[www.luckinwish.co.uk/cdn/shop/products/7_9ae90565-3818-4e6f-a01c-2c1b81ff370e_300x6d0d.jpg]
[www.luckinwish.co.uk/cdn/shop/products/8_29f9d8ab-f9b9-43dc-bba3-ca2542eefae6_300x6d0d.jpg]
[www.luckinwish.co.uk/cdn/shop/products/10_bc8adac0-c044-4848-863d-f5065d8cb018_300x2d98.jpg]
[www.luckinwish.co.uk/cdn/shop/products/14_f678586b-e124-4896-b084-fcabb1b118f5_300x2d98.jpg]
[www.luckinwish.co.uk/cdn/shop/products/18_532ef4a4-b13d-41b8-83e3-4118a7b6ef46_300x2d98.jpg]
[www.luckinwish.co.uk/cdn/shop/products/20_ac9e5145-7f11-4d68-bdc9-90764437d2ec_300x2d98.jpg]
[www.luckinwish.co.uk/cdn/shop/products/11_c16c45d8-cbb8-49f9-9d45-fa961ddc1810_300x2d98.jpg]
[www.luckinwish.co.uk/cdn/shop/products/16_0a7bab42-dc55-4107-b3b3-6a7cbff2202f_300x2d98.jpg]
[www.luckinwish.co.uk/cdn/shop/products/15_723ab66d-49ee-4bd1-bbed-13ac4b28a526_300x2d98.jpg]
[www.luckinwish.co.uk/cdn/shop/products/22_72074594-6702-4187-85c4-c7ab902342ef_300x2d98.jpg]
[www.luckinwish.co.uk/cdn/shop/products/13_4ddb1259-012d-476a-9e85-b79753baa3f8_300x2d98.jpg]
[www.luckinwish.co.uk/cdn/shop/products/21_28b1fca1-fd08-41e0-9d84-15e5ba6a0ca8_300x2d98.jpg]
[www.luckinwish.co.uk/cdn/shop/products/23_340877e6-8602-4004-b9b9-eaa9d8493109_300x2d98.jpg]
[www.luckinwish.co.uk/cdn/shop/products/19_b173745c-112a-4ca4-a8c2-97cbca9b3515_300x2d98.jpg]
[www.luckinwish.co.uk/cdn/shop/products/12_1498af67-5427-4cd1-a983-f6f53a7982a3_300x2d98.jpg]
[cdn.shopify.com/s/files/1/0054/8850/9010/files/v01_35be556a-9126-4d26-9af1-c7df1f301ba9_large70d6.gif]
[mirpurshopz.com/product/996.html]
[mirpurshopz.com/public/product/65ac1022185af.jpg]
[mirpurshopz.com/public/product/thumbnail/65ac1022185af.jpg]
[mirpurshopz.com/product/998.html]
[mirpurshopz.com/public/product/65b2a176c991e.jpg]
[mirpurshopz.com/public/product/thumbnail/65b2a176c991e.jpg]
[cdn.shopify.com/s/files/1/0075/3709/8850/files/HTB1cfVXgjnD8KJjSspb5jbbEXXa8_large1704.gif]
[cdn.shopify.com/s/files/1/0075/3709/8850/files/1_b1c8f68d-139a-40ff-86a2-4f6eeb13889f_large4c58.gif]
[cdn.shopify.com/s/files/1/0075/3709/8850/files/2_edcfe2ca-1178-4de8-ba3e-954949697ddb_large8c54.gif]
[cdn.shopify.com/s/files/1/0075/3709/8850/files/image1_copy_8a9746f8-5620-46d7-b518-aa02e5f9ccb8_largec30d.png]
[mirpurshopz.com/product/1000.html]
[mirpurshopz.com/public/product/65b3aeadd0a6a.jpg]
[mirpurshopz.com/public/product/thumbnail/65b3aeadd0a6a.jpg]
[mirpurshopz.com/product/1001.html]
[mirpurshopz.com/public/product/65b7fd1d05459.jpg]
[mirpurshopz.com/product/1002.html]
[mirpurshopz.com/public/product/thumbnail/65b7fd1d05459.jpg]
[mirpurshopz.com/public/product/65f07ee850a6f.jpg]
[mirpurshopz.com/public/product/thumbnail/65f07ee850a6f.jpg]
[mirpurshopz.com/product/1010.html]
[mirpurshopz.com/public/product/661ac662d8428.jpg]
[mirpurshopz.com/product/1014.html]
[mirpurshopz.com/public/product/thumbnail/661ac662d8428.jpg]
[mirpurshopz.com/public/product/6622c7780be14.jpg]
[mirpurshopz.com/product/1015.html]
[mirpurshopz.com/public/product/thumbnail/6622c7780be14.jpg]
[mirpurshopz.com/public/product/663cc00c2b71e.jpg]
[mirpurshopz.com/public/product/thumbnail/663cc00c2b71e.jpg]
[mirpurshopz.com/product/1016.html]
[mirpurshopz.com/public/product/663e09f29792c.jpg]
[mirpurshopz.com/public/product/thumbnail/663e09f29792c.jpg]
[mirpurshopz.com/product/1017.html]
[mirpurshopz.com/public/product/6641e48273200.jpg]
[mirpurshopz.com/public/product/thumbnail/6641e48273200.jpg]
[mirpurshopz.com/product/1018.html]
[mirpurshopz.com/public/product/6642479e57236.jpg]
[mirpurshopz.com/product/1019.html]
[mirpurshopz.com/public/product/thumbnail/6642479e57236.jpg]
[mirpurshopz.com/public/product/6644a7bf5ac37.jpg]
[mirpurshopz.com/product/1020.html]
[mirpurshopz.com/public/product/thumbnail/6644a7bf5ac37.jpg]
[mirpurshopz.com/public/product/664ca2e639c08.jpg]
[mirpurshopz.com/public/product/thumbnail/664ca2e639c08.jpg]
[cdn.wshopon.com/image/4d6b862433689c8737b189a01c9b14928ffde3df.jpg]
[cdn.wshopon.com/image/468a992a874fcd8a08771a570c478325bc80d461.jpg]
[cdn.wshopon.com/assets/2022/10/2e72cb2ced03d11e51ae576bae6e1067.png]
[mirpurshopz.com/product/1023.html]
[mirpurshopz.com/public/product/664caf1317c16.jpg]
[mirpurshopz.com/public/product/thumbnail/664caf1317c16.jpg]
[cdn.wshopon.com/image/a90defc294737a052b786c4f990afdba26e951c5.gif]
[cdn.wshopon.com/image/76f917833020b9f398a61916fdbfb400a70c93a3.jpg]
[cdn.wshopon.com/image/92f6e408621608f9e3c0cbff98a5c9b5dc284c32.jpg]
[cdn.wshopon.com/image/996992678869d73466f3a627e7c6ea1e8965f8ba.jpg]
[cdn.wshopon.com/image/3fb435b0f85229032c88f1aa753a769edd6c40aa.jpg]
[cdn.wshopon.com/image/6127259e24e27f0fe94ac0d107bc494f3ed3fa37.jpg]
[mirpurshopz.com/product/1024.html]
[mirpurshopz.com/product/download.html]
[mirpurshopz.com/product/IMG-20210710-WA0005.html]
[mirpurshopz.com/product/m3.html]
[mirpurshopz.com/product/m2.html]
[mirpurshopz.com/public/product/6011c1fb57436.jpg]
[mirpurshopz.com/product/697.html]
[mirpurshopz.com/public/product/thumbnail/6011c1fb57436.jpg]
[mirpurshopz.com/public/product/603d62df8329f.jpg]
[mirpurshopz.com/public/product/thumbnail/603d62df8329f.jpg]
[mirpurshopz.com/product/708.html]
[mirpurshopz.com/public/product/5ff1b924e875e.jpg]
[mirpurshopz.com/public/product/thumbnail/5ff1b924e875e.jpg]
[static.xx.fbcdn.net/images/emoji.php/v9/t51/1/16/2714.png]
[mirpurshopz.com/product/733.html]
[mirpurshopz.com/public/product/6066c2477b56e.jpg]
[mirpurshopz.com/product/736.html]
[mirpurshopz.com/public/product/thumbnail/6066c2477b56e.jpg]
[mirpurshopz.com/public/product/6066c361ed2f7.jpg]
[mirpurshopz.com/product/738.html]
[mirpurshopz.com/public/product/thumbnail/6066c361ed2f7.jpg]
[mirpurshopz.com/product/745.html]
[mirpurshopz.com/public/product/622f6f078b123.jpg]
[mirpurshopz.com/public/product/thumbnail/622f6f078b123.jpg]
[mirpurshopz.com/product/758.html]
[mirpurshopz.com/public/product/60b23f11dfb58.jpg]
[mirpurshopz.com/public/product/thumbnail/60b23f11dfb58.jpg]
[mirpurshopz.com/product/761.html]
[mirpurshopz.com/public/product/623f10260db4d.jpg]
[mirpurshopz.com/public/product/thumbnail/623f10260db4d.jpg]
[mirpurshopz.com/product/763.html]
[mirpurshopz.com/shop2679.html]
[mirpurshopz.com/public/product/623f14e5c3790.jpg]
[mirpurshopz.com/public/product/thumbnail/623f14e5c3790.jpg]
[mirpurshopz.com/product/855.html]
[mirpurshopz.com/public/product/63e34b9e14dac.jpg]
[mirpurshopz.com/public/product/thumbnail/63e34b9e14dac.jpg]
[mirpurshopz.com/product/914.html]
[mirpurshopz.com/public/product/641de5aaf16ca.jpg]
[mirpurshopz.com/public/product/thumbnail/641de5aaf16ca.jpg]
[ae01.alicdn.com/kf/Sab82d711bf6f49518598ba1213aca4acQ5673.jpg]
[ae01.alicdn.com/kf/S1d511a93153040ee846942e1e2049148na5a8.jpg]
[ae01.alicdn.com/kf/S87e082584b0a4c4592b4b82762a79831sa5a8.jpg]
[ae01.alicdn.com/kf/S5ff148acadf6409fbde8c802ad50c5e6ya5a8.jpg]
[ae01.alicdn.com/kf/Sa3dbfe5169aa485590ff909373cb3750ta5a8.jpg]
[ae01.alicdn.com/kf/S3ecc12ff19f14e8a9b873020d6b8509a8a5a8.jpg]
[ae01.alicdn.com/kf/S51ff2ef54b974d2ea196dc56e96c9d07ya5a8.jpg]
[mirpurshopz.com/product/919.html]
[mirpurshopz.com/product/920.html]
[mirpurshopz.com/product/921.html]
[mirpurshopz.com/public/product/648dc39f3d8a2.jpg]
[mirpurshopz.com/public/product/thumbnail/648dc39f3d8a2.jpg]
[mirpurshopz.com/product/932.html]
[mirpurshopz.com/public/product/64dcf963c8218.jpg]
[mirpurshopz.com/public/product/thumbnail/64dcf963c8218.jpg]
[mirpurshopz.com/product/936.html]
[mirpurshopz.com/product/937.html]
[mirpurshopz.com/public/product/64f5fcd246aac.jpg]
[mirpurshopz.com/public/product/thumbnail/64f5fcd246aac.jpg]
[cdn.shopifycdn.net/s/files/1/0505/5211/1269/files/960d31dc159bd21df3667ad762458aeb_09b32e58-ba1f-4374-8e87-1b45cd0c7075_480x480f130.png]
[cdn.shopifycdn.net/s/files/1/0505/5211/1269/files/3._ac317bc2-7026-42a8-962a-984b78254f97_480x480bad3.png]
[cdn.shopifycdn.net/s/files/1/0505/5211/1269/files/4_62ac9f6d-4ffb-42d2-9e00-d4de08698c5b_480x480e876.png]
[cdn.shopifycdn.net/s/files/1/0505/5211/1269/files/5_ed7697d8-43d2-4f7c-ac62-0dd958828c33_480x48045b3.png]
[cdn.shopifycdn.net/s/files/1/0505/5211/1269/files/6_8dacd003-e2d3-466b-b929-c00571d4a53e_480x48078e7.png]
[cdn.shopifycdn.net/s/files/1/0505/5211/1269/files/bcc364c9c6a0e68a9370a321f733ee5f_e8c148b0-b474-4f82-8769-d6ee6668acb4_480x480deee.png]
[mirpurshopz.com/product/953.html]
[mirpurshopz.com/public/product/651d9c08abe24.jpg]
[mirpurshopz.com/public/product/thumbnail/651d9c08abe24.jpg]
[mirpurshopz.com/product/954.html]
[mirpurshopz.com/product/955.html]
[mirpurshopz.com/product/956.html]
[mirpurshopz.com/public/product/652447867ea99.jpg]
[mirpurshopz.com/public/product/thumbnail/652447867ea99.jpg]
[cdn.shopifycdn.net/s/files/1/0554/6406/7257/files/1_c7a18907-c32e-4c56-9a2f-5641e50238e8_480x48053b8.gif]
[cdn.shopify.com/s/files/1/0356/3048/1544/files/FM1_3027faaf-c060-4a6a-869b-9fdee6923fb7_480x480a39d.jpg]
[cdn.shopify.com/s/files/1/0356/3048/1544/files/FM_0b7eed1b-ec3b-444f-a0d7-5ea36779f7d2_480x4808ec2.jpg]
[cdn.shopify.com/s/files/1/0505/5211/1269/files/5_da0faaa2-a76a-4b0c-b913-a0e78c82f36b_480x480a5b3.jpg]
[cdn.shopifycdn.net/s/files/1/0554/6406/7257/files/468ef44610c31b5b50b747b4f9f5ee49_47d5ad8a-2b96-4c38-916e-0d181f15bc1e_480x480472d.jpg]
[mirpurshopz.com/product/958.html]
[mirpurshopz.com/public/product/65245049a6b2d.jpg]
[mirpurshopz.com/public/product/thumbnail/65245049a6b2d.jpg]
[img-va.myshopline.com/image/store/1689824547883/4a1e7cc01a6ec968edd6d4ca40c50a45dee121bbf932.gif]
[cdn.shopify.com/s/files/1/0575/4807/9290/files/1_6_30e4d586-9748-4df4-b85b-2d457197a5d5_480x480af06.jpg]
[cdn.shopifycdn.net/s/files/1/0505/5211/1269/files/1_a4c28a88-6343-4f28-a115-8b19e7126758_480x48090b5.jpg]
[cdn.shopifycdn.net/s/files/1/0505/5211/1269/files/3_75941f43-91c8-41b2-bbfc-3a51adbefbf4_480x4806da5.jpg]
[cdn.shopify.com/s/files/1/0575/4807/9290/files/468ef44610c31b5b50b747b4f9f5ee49_94c2f0e1-7825-49f0-89aa-ac72d6f780a1_480x4807149.jpg]
[mirpurshopz.com/product/959.html]
[mirpurshopz.com/product/960.html]
[s.pinimg.com/webapp/runtime-31634bcc6a559fc6.js]
[s.pinimg.com/webapp/polyfills-f1f6a6917a73f29b.js]
[s.pinimg.com/webapp/9176-a64e026c485d060a.js]
[s.pinimg.com/webapp/98359-7b400d7cf94e348d.js]
[s.pinimg.com/webapp/81755-3ee269d8623a376e.js]
[s.pinimg.com/webapp/locale-en_US-lite-js-4dc66311cec029ee.js]
[s.pinimg.com/webapp/vendor-react-809a527b8e751618.js]
[s.pinimg.com/webapp/84404-3728e3d3e7f17532.js]
[s.pinimg.com/webapp/28038-95ccca9ddd739052.js]
[s.pinimg.com/webapp/24797-434b7fbadff483f3.js]
[s.pinimg.com/webapp/55169-0064e3be77f45ef9.js]
[s.pinimg.com/webapp/88166-e559267e7d16fe19.js]
[s.pinimg.com/webapp/44801-a6dbe69886c3d8b6.js]
[s.pinimg.com/webapp/2909-869e102970d9fb91.js]
[s.pinimg.com/webapp/63696-d002a0eb6a9d0a81.js]
[s.pinimg.com/webapp/11930-353ca8dd3f1a2468.js]
[s.pinimg.com/webapp/33-830e824536e0e209.js]
[s.pinimg.com/webapp/15927-abb5e2277b4a0078.js]
[s.pinimg.com/webapp/40370-e7cf85a3bb2f2d33.js]
[s.pinimg.com/webapp/64212-82a7f68fffee726e.js]
[s.pinimg.com/webapp/13503-bb5ed28fef382625.js]
[s.pinimg.com/webapp/81592-bc7265ade079e429.js]
[s.pinimg.com/webapp/46689-00b5161fd8c2ae71.js]
[s.pinimg.com/webapp/91276-8341e8665e973156.js]
[s.pinimg.com/webapp/23813-01308ddcbdaaced1.js]
[s.pinimg.com/webapp/60430-6449372158e2940b.js]
[s.pinimg.com/webapp/93476-61c3854f28208992.js]
[s.pinimg.com/webapp/77454-01aff4ea34b9d2b5.js]
[s.pinimg.com/webapp/3412-6943374d8040ab45.js]
[s.pinimg.com/webapp/www/pin/create/[method]-c32e08be6a7171dd.js]
[s.pinimg.com/webapp/61013-18cd7e425ae8b143.js]
[s.pinimg.com/webapp/72203-871b6c6a2bca4f86.js]
[s.pinimg.com/webapp/70808-83d9432aaf5aa312.js]
[s.pinimg.com/webapp/86601-874534dc941cf253.js]
[s.pinimg.com/webapp/97315-26b05456421ff0ec.js]
[s.pinimg.com/webapp/1073-4e3fda807a42e26f.js]
[s.pinimg.com/webapp/30077-dad360686f465160.js]
[s.pinimg.com/webapp/70940-da3e20d479f64701.js]
[s.pinimg.com/webapp/65404-b43837b114c164fe.js]
[s.pinimg.com/webapp/70633-067347e5254b836b.js]
[s.pinimg.com/webapp/www/_client-260c6d99f3f59eaa.js]
[s.pinimg.com/webapp/87537-480c55821640828a.js]
[s.pinimg.com/webapp/DefaultPinRep-6d732c838de5711f.js]
[s.pinimg.com/webapp/logo_transparent_144x144-3da7a67b.png]
[s.pinimg.com/webapp/favicon_48x48-7470a30d.png]
[s.pinimg.com/webapp/80095-17815153cedc99fe.js]
[s.pinimg.com/webapp/17735-0fb395d90eea14c5.js]
[s.pinimg.com/webapp/34851-e7154684816144f4.js]
[www.pinterest.com/pin/create/button/ios-app_/429047995/pinterest/add_pin/_method=button&image_url=&source_url=https_/www.warmyard.co.uk/products/multi-function-silicone-sealing-str/1_f7c18be0-2dcc-483d-81]
[s.pinimg.com/webapp/www/_/_/internal/structured-feed-debugger-26bcd85421f261fa.js]
[www.pinterest.com/pin/create/button/android-app_/com.pinterest/pinterest/www.pinterest.com/pin/create/button/_media=&url=https_/www.warmyard.co.uk/products/multi-function-silicone-/1_f7c18be0-2dcc-483d-81]
[s.pinimg.com/webapp/22987-2fdae462ef186a68.js]
[s.pinimg.com/webapp/12127-a86b9dedacd60a3a.js]
[s.pinimg.com/webapp/78381-8b7d2b3c374ddd92.js]
[s.pinimg.com/webapp/92176-b0e04ccfadfcceb6.js]
[s.pinimg.com/webapp/79118-d36fbf485edff269.js]
[s.pinimg.com/webapp/www/[username]-e50a84b597f832cb.js]
[s.pinimg.com/webapp/61547-d9451218ed7541ab.js]
[s.pinimg.com/webapp/43170-8fd8d8c74692b726.js]
[s.pinimg.com/webapp/99874-ff7ff3f4438e705a.js]
[s.pinimg.com/webapp/36027-fba5646d00d79b41.js]
[s.pinimg.com/webapp/www/[username]/_shopping_list-d3b975105d3ce2a0.js]
[s.pinimg.com/webapp/6575-78bdc7f45b36f480.js]
[s.pinimg.com/webapp/42858-735616cf265e9812.js]
[s.pinimg.com/webapp/www/[username]/[slug]-05f7b9aed840dbdf.js]
[s.pinimg.com/webapp/www/[username]/[slug]/_tools/shop-55e38558f3fa2d07.js]
[s.pinimg.com/webapp/61672-90e726c08b238cf5.js]
[s.pinimg.com/webapp/10930-4675be8e971445b3.js]
[s.pinimg.com/webapp/91440-8c113f3d250a70a6.js]
[s.pinimg.com/webapp/98197-cd2338f8bf086b0f.js]
[s.pinimg.com/webapp/www/[username]/[slug]/invite-eb83b97132c7f187.js]
[s.pinimg.com/webapp/www/[username]/organize-2fb9fc7dec99e142.js]
[s.pinimg.com/webapp/www/[username]/pins-9f7f86fc0f39d23e.js]
[s.pinimg.com/webapp/www/[username]/profile-about-e3072743f9d13ad3.js]
[s.pinimg.com/webapp/www/[username]/report-8502156127a9fe75.js]
[s.pinimg.com/webapp/50226-c4cb073b094a4258.js]
[s.pinimg.com/webapp/90855-0aab0c48298c8452.js]
[s.pinimg.com/webapp/85184-caef29f2370494cd.js]
[s.pinimg.com/webapp/www/[username]/scheduled-pin/[scheduled_pin_id]-3006bd4c8b7b1da0.css]
[s.pinimg.com/webapp/www/[username]/[slug]/[section_slug]-2a69b6c94bdca0f9.js]
[s.pinimg.com/webapp/www/[username]/scheduled-pin/[scheduled_pin_id]-8f969bedb9563f65.js]
[s.pinimg.com/webapp/www/[username]/scheduled-pins-a20f040f4432a540.js]
[s.pinimg.com/webapp/60270-4e3dfe3da6798736.js]
[s.pinimg.com/webapp/24851-6f0365a7210c62bb.js]
[s.pinimg.com/webapp/24418-a7bb2065771233cb.js]
[s.pinimg.com/webapp/www/about/[lawName]-fe8f05d428f3ae17.css]
[s.pinimg.com/webapp/www/about/[lawName]-8072cace8555ff3d.js]
[s.pinimg.com/webapp/88306-5843e8fc89b20100.js]
[s.pinimg.com/webapp/www/about/content-claiming/application-34b09e5d9efe15e1.js]
[s.pinimg.com/webapp/www/about/copyright/counter-notice-ca3dd3a05028b539.js]
[s.pinimg.com/webapp/www/about/copyright/dmca-pin-0f6a8daa115c8caa.js]
[s.pinimg.com/webapp/www/about/copyright/music-appeal-b3b3bb8be9d6e7eb.js]
[s.pinimg.com/webapp/www/about/radtc-fe8f05d428f3ae17.css]
[s.pinimg.com/webapp/www/about/radtc-3d7ad087bc13db5f.js]
[s.pinimg.com/webapp/www/about/trademark-558c6bf3af67c861.js]
[s.pinimg.com/webapp/www/add-account-6e111db4760b6088.js]
[s.pinimg.com/webapp/28816-5d162566c04f4576.js]
[s.pinimg.com/webapp/81132-a8589170c290d05b.js]
[s.pinimg.com/webapp/38712-c2f38c130c97530c.js]
[s.pinimg.com/webapp/www/advertiser/quick-promote-a0c138d5d318e535.js]
[s.pinimg.com/webapp/www/age_verification-f9a57b145413996d.js]
[s.pinimg.com/webapp/www/age-appeal/confirmation-eef0886fb7d77243.js]
[s.pinimg.com/webapp/www/age-appeal/redirect-10e62fc1e6720244.js]
[s.pinimg.com/webapp/www/app-factory-oauth-7d418a6abe5b300c.js]
[s.pinimg.com/webapp/99648-7cee81ca58a558df.js]
[s.pinimg.com/webapp/www/board/[id]/create_section-d37f70f9f748e62a.js]
[s.pinimg.com/webapp/98605-6f2ab20443dabbfc.js]
[s.pinimg.com/webapp/www/board/[id]/edit-1554edc412f3600e.js]
[s.pinimg.com/webapp/www/board/[id]/organize-4488d2fdbac8c9e6.js]
[s.pinimg.com/webapp/www/board/[id]/permissions-f080d26ea16e790c.js]
[s.pinimg.com/webapp/www/board/[id]/report-2428f89cad8cf358.js]
[s.pinimg.com/webapp/9752-3b02fa6a39c031e3.js]
[s.pinimg.com/webapp/92034-e53538c78c2c6ab5.js]
[s.pinimg.com/webapp/www/board/create-85fdf24ca70fed1f.js]
[s.pinimg.com/webapp/30910-607a49ed035bf35c.js]
[s.pinimg.com/webapp/www/board/create/cluster/[clusterId]-2ae4e2f7b4a87a33.js]
[s.pinimg.com/webapp/www/boardsection/[id]/edit-b417de66a4cd3117.js]
[s.pinimg.com/webapp/www/boardsection/[id]/organize-3b00b01331542ca8.js]
[s.pinimg.com/webapp/55634-0bd7d947400b94f8.js]
[s.pinimg.com/webapp/1160-8150e80c8f2f79c7.js]
[s.pinimg.com/webapp/www/business/business-access/[userBizId]/employees/invites-fe8f05d428f3ae17.css]
[s.pinimg.com/webapp/www/business/business-access/[userBizId]/employees/invites-76221c9c45fe64a2.js]
[s.pinimg.com/webapp/www/business/business-hierarchy/[businessHierarchyId]/business_security-fe8f05d428f3ae17.css]
[s.pinimg.com/webapp/www/business/business-hierarchy/[businessHierarchyId]/business_security-49cc062d2f9e56b9.js]
[s.pinimg.com/webapp/www/business/business-manager/[userBizId]/dashboard-fe8f05d428f3ae17.css]
[s.pinimg.com/webapp/www/business/business-manager/[userBizId]/dashboard-aca783146430316c.js]
[s.pinimg.com/webapp/www/business/business-hierarchy/[businessHierarchyId]/hierarchy-fe8f05d428f3ae17.css]
[s.pinimg.com/webapp/www/business/business-hierarchy/[businessHierarchyId]/hierarchy-8dc23cb863121cce.js]
[s.pinimg.com/webapp/www/business/business-hierarchy/[businessHierarchyId]/managers-fe8f05d428f3ae17.css]
[s.pinimg.com/webapp/www/business/business-manager-fe8f05d428f3ae17.css]
[s.pinimg.com/webapp/www/business/business-manager-3b04a357432af32e.js]
[s.pinimg.com/webapp/www/business/business-manager/[userBizId]-fe8f05d428f3ae17.css]
[s.pinimg.com/webapp/www/business/business-hierarchy/[businessHierarchyId]/managers-32d34f47c5c82817.js]
[s.pinimg.com/webapp/www/business/business-manager/[userBizId]/ad-accounts-fe8f05d428f3ae17.css]
[s.pinimg.com/webapp/www/business/business-manager/[userBizId]/ad-accounts-afd1f5f7287ef14b.js]
[s.pinimg.com/webapp/www/business/business-manager/[userBizId]/ad-accounts/[detailId]/details-fe8f05d428f3ae17.css]
[s.pinimg.com/webapp/www/business/business-manager/[userBizId]/ad-accounts/[detailId]/details-e43b5b02bb921f7c.js]
[s.pinimg.com/webapp/www/business/business-manager/[userBizId]/ad-accounts/cee-migration-fe8f05d428f3ae17.css]
[s.pinimg.com/webapp/www/business/business-manager/[userBizId]-6edc6f42b6afc6b1.js]
[s.pinimg.com/webapp/www/business/business-manager/[userBizId]/ad-accounts/cee-migration-c50741d8132db38d.js]
[s.pinimg.com/webapp/www/business/business-manager/[userBizId]/asset-groups-fe8f05d428f3ae17.css]
[s.pinimg.com/webapp/www/business/business-manager/[userBizId]/asset-groups-01c02eeb88508d35.js]
[s.pinimg.com/webapp/www/business/business-manager/[userBizId]/audiences-fe8f05d428f3ae17.css]
[s.pinimg.com/webapp/www/business/business-manager/[userBizId]/audiences-cb24255b9d0fbd7d.js]
[s.pinimg.com/webapp/www/business/business-manager/[userBizId]/brand-safety-fe8f05d428f3ae17.css]
[s.pinimg.com/webapp/www/business/business-manager/[userBizId]/brand-safety-8963af6e45bc4bd8.js]
[s.pinimg.com/webapp/www/business/business-manager/[userBizId]/catalogs-fe8f05d428f3ae17.css]
[s.pinimg.com/webapp/www/business/business-manager/[userBizId]/catalogs-ed77c172a39bcc1a.js]
[s.pinimg.com/webapp/www/business/business-manager/[userBizId]/employees/[detailId]/details-fe8f05d428f3ae17.css]
[s.pinimg.com/webapp/www/business/business-manager/[userBizId]/employees/[detailId]/details-b0e1a5cdca2506f1.js]
[s.pinimg.com/webapp/www/business/business-manager/[userBizId]/history-fe8f05d428f3ae17.css]
[s.pinimg.com/webapp/www/business/business-manager/[userBizId]/history-47bbc9cefd5494f1.js]
[s.pinimg.com/webapp/www/business/business-manager/[userBizId]/invoice-management-fe8f05d428f3ae17.css]
[s.pinimg.com/webapp/www/business/business-manager/[userBizId]/invoice-management-32084b455b0c3ea6.js]
[s.pinimg.com/webapp/www/business/business-manager/[userBizId]/partners-fe8f05d428f3ae17.css]
[s.pinimg.com/webapp/www/business/business-manager/[userBizId]/partners-58684c95bf23f1a2.js]
[s.pinimg.com/webapp/www/business/business-manager/[userBizId]/partners/[detailId]/details-fe8f05d428f3ae17.css]
[s.pinimg.com/webapp/www/business/business-manager/[userBizId]/partners/invites-fe8f05d428f3ae17.css]
[s.pinimg.com/webapp/www/business/business-manager/[userBizId]/partners/[detailId]/details-b883f6c21d9adb0f.js]
[s.pinimg.com/webapp/www/business/business-manager/[userBizId]/partners/invites-f0d3a4e25c720cf5.js]
[s.pinimg.com/webapp/www/business/business-manager/[userBizId]/partners/requests-fe8f05d428f3ae17.css]
[s.pinimg.com/webapp/www/business/business-manager/[userBizId]/partners/requests-62bdfce58d607a46.js]
[s.pinimg.com/webapp/www/business/business-manager/[userBizId]/profiles-fe8f05d428f3ae17.css]
[s.pinimg.com/webapp/www/business/business-manager/[userBizId]/profiles/[detailId]/details-fe8f05d428f3ae17.css]
[s.pinimg.com/webapp/www/business/business-manager/[userBizId]/profiles/[detailId]/details-c91491ddda4205fd.js]
[s.pinimg.com/webapp/www/business/business-manager/[userBizId]/security-fe8f05d428f3ae17.css]
[s.pinimg.com/webapp/www/business/business-manager/[userBizId]/profiles-771ae1fb96d37feb.js]
[s.pinimg.com/webapp/www/business/business-manager/[userBizId]/shared-tags-fe8f05d428f3ae17.css]
[s.pinimg.com/webapp/www/business/business-manager/[userBizId]/shared-tags-c66e44cbc6624907.js]
[s.pinimg.com/webapp/www/business/business-manager/[userBizId]/security-49f26cd17d792cb7.js]
[s.pinimg.com/webapp/www/business/business-manager/[userBizId]/shared/[detailId]/details-fe8f05d428f3ae17.css]
[s.pinimg.com/webapp/www/business/business-manager/[userBizId]/shared/[detailId]/details-2f539595a9c4d6f2.js]
[s.pinimg.com/webapp/www/business/business-manager/[userBizId]/support-fe8f05d428f3ae17.css]
[s.pinimg.com/webapp/www/business/business-manager/[userBizId]/support-c9a8a81d1e6554de.js]
[s.pinimg.com/webapp/1973-e66f6365b21581a4.js]
[s.pinimg.com/webapp/76734-f95059f53c1dec02.js]
[s.pinimg.com/webapp/www/business/catalogs-6384adea5780b4d1.css]
[s.pinimg.com/webapp/27460-48f1947fea843f42.js]
[s.pinimg.com/webapp/20962-934c41d5e049a224.js]
[s.pinimg.com/webapp/www/business/catalogs-c9060008aac03ef9.js]
[s.pinimg.com/webapp/82484-b9c53620dae8b032.js]
[s.pinimg.com/webapp/5037-b2acad6224db9d0f.js]
[s.pinimg.com/webapp/88591-023f78ca70c83b96.js]
[s.pinimg.com/webapp/www/business/convert/start-d9c485358ef571c7.js]
[s.pinimg.com/webapp/www/business/create-linked-account-63ec6aee60135a35.js]
[s.pinimg.com/webapp/34024-6a38881aad0a50d5.js]
[s.pinimg.com/webapp/59035-50dbf6bff2963da7.js]
[s.pinimg.com/webapp/49125-7b4dff86e951c956.js]
[s.pinimg.com/webapp/84102-8e3bfdf734a7775b.js]
[s.pinimg.com/webapp/17797-e17c760440f26162.js]
[s.pinimg.com/webapp/www/business/create-26e2ab5b059ec1be.css]
[s.pinimg.com/webapp/www/business/create-c3714923c7d1a22e.js]
[s.pinimg.com/webapp/www/business/hub-6384adea5780b4d1.css]
[s.pinimg.com/webapp/www/business/hub-dd5c7d7cb783f4cb.js]
[s.pinimg.com/webapp/www/business/install_app-5c91ca38efc3cb71.js]
[s.pinimg.com/webapp/54041-858f99117174100b.js]
[s.pinimg.com/webapp/98211-717dc9f47234ef17.js]
[s.pinimg.com/webapp/39322-62c78dd5ae8bc233.js]
[s.pinimg.com/webapp/www/login-6f2073d1cb79d8bb.css]
[s.pinimg.com/webapp/www/login-5b05d4a00c2a263f.js]
[s.pinimg.com/webapp/64254-7d21fd1300f37f14.js]
[s.pinimg.com/webapp/84952-f3adaa84c3cfbf6d.js]
[s.pinimg.com/webapp/www/business/marketing-plan-08f37ff926a4cf75.js]
[s.pinimg.com/webapp/www/business/onboarding-f687e6a18bf0c8f0.js]
[s.pinimg.com/webapp/www/business/schedule_call-6f2073d1cb79d8bb.css]
[s.pinimg.com/webapp/www/business/schedule_call-093fd43cba8c1ffd.js]
[s.pinimg.com/webapp/13136-0a9156fbedbe0a11.js]
[s.pinimg.com/webapp/297-b5b245a274eb509d.js]
[s.pinimg.com/webapp/www/signup-8b8725a1656d4b0f.js]
[s.pinimg.com/webapp/www/business/switch-account-6f2073d1cb79d8bb.css]
[s.pinimg.com/webapp/72102-8fa2868312e0aedf.js]
[s.pinimg.com/webapp/45879-4afbcc3577f8d170.js]
[s.pinimg.com/webapp/www/business/switch-account-474244f076302918.js]
[s.pinimg.com/webapp/www/business/update-6f2073d1cb79d8bb.css]
[s.pinimg.com/webapp/www/business/update-855264521bf9ef3b.js]
[s.pinimg.com/webapp/www/business/website-content-manager-b36916ecc72e8b01.js]
[s.pinimg.com/webapp/8678-52fe67b5c6b0f61a.js]
[s.pinimg.com/webapp/www/close-account-39e3634d85104a11.js]
[s.pinimg.com/webapp/24115-6f98afd40a33531e.js]
[s.pinimg.com/webapp/www/content-claiming-f5b187faa6cf5047.js]
[s.pinimg.com/webapp/68138-12823205e8f52cf3.js]
[s.pinimg.com/webapp/71320-528b4e14ca856c82.js]
[s.pinimg.com/webapp/82810-49053fde8960205a.js]
[s.pinimg.com/webapp/87073-c5341673e37d1f09.js]
[s.pinimg.com/webapp/25145-b1b7dfbfed975911.js]
[s.pinimg.com/webapp/www/conversation/[conversation_id]-5b7ab2d4eb0381cf.js]
[s.pinimg.com/webapp/www/convert-business-5da92357a042a152.js]
[s.pinimg.com/webapp/www/convert-personal-3acee888a3c7719e.js]
[s.pinimg.com/webapp/15930-097942caf17ffa3c.js]
[s.pinimg.com/webapp/18561-09d01d3ad944e7f7.js]
[s.pinimg.com/webapp/56864-efc7c21efaeb5b81.js]
[s.pinimg.com/webapp/68956-5a6faebd11418696.js]
[s.pinimg.com/webapp/68141-9927a6fc796da262.js]
[s.pinimg.com/webapp/56032-fa85d20c411e6497.js]
[s.pinimg.com/webapp/88106-82e02c1bf902ed94.js]
[s.pinimg.com/webapp/www/create-business-fe8f05d428f3ae17.css]
[s.pinimg.com/webapp/www/create-business-7387d37480af972c.js]
[s.pinimg.com/webapp/97143-d0c88230d814b912.js]
[s.pinimg.com/webapp/www/copyright-reporting/[username]-91eb83cf891c4c30.js]
[s.pinimg.com/webapp/www/create-personal-59f6681dad0aa6bd.js]
[s.pinimg.com/webapp/www/creative-studio-bd265e4c68487621.js]
[s.pinimg.com/webapp/www/deactivate-account-a80687335f3ed87c.js]
[s.pinimg.com/webapp/70703-32f12b315b76c2f2.js]
[s.pinimg.com/webapp/www/edit-1d6677ca112201f5.js]
[s.pinimg.com/webapp/www/email/remove-0120fbbf70402f25.js]
[s.pinimg.com/webapp/www/email/subscription-b46a73b250ff44d8.js]
[s.pinimg.com/webapp/93041-9d36666659851f15.js]
[s.pinimg.com/webapp/www/idea-ads-tool-fe8f05d428f3ae17.css]
[s.pinimg.com/webapp/www/idea-ads-tool-4e7bf5f58d7c7dd2.js]
[s.pinimg.com/webapp/16838-44272f03f3660606.js]
[s.pinimg.com/webapp/7582-a91df986967b6c3d.js]
[s.pinimg.com/webapp/66289-393ebc645aa9d846.js]
[s.pinimg.com/webapp/www/ideas-c0a2968271ce3754.js]
[s.pinimg.com/webapp/www/ideas/[interest]/[id]-3d5c84e2b64f7eaf.js]
[s.pinimg.com/webapp/99748-cc1e31e32c6976e2.js]
[s.pinimg.com/webapp/www/inbox-581aa30e2da2dac1.js]
[s.pinimg.com/webapp/www/inbox/compose-9886db67ccb3cb1c.js]
[s.pinimg.com/webapp/www/inbox/requests-deaad41fa93260ca.js]
[s.pinimg.com/webapp/www/invited-43b451f1f5b8a743.js]
[s.pinimg.com/webapp/98538-3e04c69afca05bd8.js]
[s.pinimg.com/webapp/64949-d904ba902dce1b70.js]
[s.pinimg.com/webapp/66273-73b80ab20a20c75e.js]
[s.pinimg.com/webapp/www/lens-search-6bcba988f4a0415d.css]
[s.pinimg.com/webapp/www/lens-search-a8d753ae50d96f8e.js]
[s.pinimg.com/webapp/www/lens-search/history-6bcba988f4a0415d.css]
[s.pinimg.com/webapp/www/lens-search/history-c76f3d389b89b014.js]
[s.pinimg.com/webapp/www/login/mfa-7e08b455a6f21518.js]
[s.pinimg.com/webapp/www/logout-05a563129421c9d9.js]
[s.pinimg.com/webapp/62652-31db1dc1ae23e7fe.js]
[s.pinimg.com/webapp/www/oauth-9fdd402ff9526660.js]
[s.pinimg.com/webapp/www/parent_contact_info-a6dd4ac4c568b9ef.js]
[s.pinimg.com/webapp/81936-96d3cd75811d0cb5.js]
[s.pinimg.com/webapp/www/parental-passcode-918ab03ecd4d2576.js]
[s.pinimg.com/webapp/www/password/reset-4504c24f34679d72.js]
[s.pinimg.com/webapp/www/pin-builder-fe8f05d428f3ae17.css]
[s.pinimg.com/webapp/www/pin-builder-9a61c164d9ae977d.js]
[s.pinimg.com/webapp/www/pin/[id]/activities-13c0fb8fec06a536.js]
[s.pinimg.com/webapp/15199-4ea7f0773028a12f.js]
[s.pinimg.com/webapp/26776-e3cb76453c7334a9.js]
[s.pinimg.com/webapp/35724-94f704e6262f2d44.js]
[s.pinimg.com/webapp/29133-a292281f9d44ccb9.js]
[s.pinimg.com/webapp/www/pin/[id]-0634372115d2f4c4.js]
[s.pinimg.com/webapp/79377-3e96fb38cf917db8.js]
[s.pinimg.com/webapp/www/pin/[id]/activity/tried-bdbc0732a952c0ec.js]
[s.pinimg.com/webapp/25705-cdd7e9b7f6088241.js]
[s.pinimg.com/webapp/18787-2a056914d3c0b4e7.js]
[s.pinimg.com/webapp/www/pin/[id]/analytics-fe8f05d428f3ae17.css]
[s.pinimg.com/webapp/www/pin/[id]/analytics-d387251ebd88e558.js]
[s.pinimg.com/webapp/www/pin/[id]/brand-catalog-c928c81f3e02fc7b.js]
[s.pinimg.com/webapp/www/pin/[id]/comments-7c5a058c4b423336.js]
[s.pinimg.com/webapp/www/pin/[id]/comments/[comment_id]-56d3141dcfd0ba92.js]
[s.pinimg.com/webapp/www/pin/[id]/edit-96605e98acf23bbf.js]
[s.pinimg.com/webapp/www/pin/[id]/sent-401c975e1eb408c3.js]
[s.pinimg.com/webapp/www/pin/[id]/promote-fec9cd20eb7e5a93.js]
[s.pinimg.com/webapp/www/pin/[id]/related-products/domain-0e9e6f09360fc2f3.js]
[s.pinimg.com/webapp/www/pin/[id]/repin-63c12ef372587946.js]
[s.pinimg.com/webapp/www/pin/[id]/repin/[boardId]-d4eafe39a602db55.js]
[s.pinimg.com/webapp/80659-98af27b37ccdcee3.js]
[s.pinimg.com/webapp/www/pin/[id]/repin/[boardId]/add-ba968b17d84a05ae.js]
[s.pinimg.com/webapp/www/pin/[id]/repin/x-d3e19c26cacfc797.js]
[s.pinimg.com/webapp/www/pin/[id]/report-fedc484a6345d034.js]
[s.pinimg.com/webapp/www/pin/[id]/share-ab59c6dd499b24e3.js]
[s.pinimg.com/webapp/www/pin/[id]/shop-the-look-2af919dd07b5ab15.js]
[s.pinimg.com/webapp/www/pin/[id]/visual-search-4eb448ffe84a50d2.js]
[s.pinimg.com/webapp/www/pin/[id]/visual-search/products-83c9d0e2d3b75c38.js]
[s.pinimg.com/webapp/90890-8d771b6c48acedc8.js]
[s.pinimg.com/webapp/www/pin/[id]/visual-shop-c530bf762aa588e4.js]
[s.pinimg.com/webapp/www/recently-viewed-c0e55d9e8d4418aa.js]
[s.pinimg.com/webapp/www/report-eaa236234fe8ace1.js]
[s.pinimg.com/webapp/www/reports-and-violations-90163a4d39945666.js]
[s.pinimg.com/webapp/79300-2926dae6c1ee85fe.js]
[s.pinimg.com/webapp/www/request-data-7d2fd64e920c3d85.js]
[s.pinimg.com/webapp/www/search-f97930a8be5ed2e3.js]
[s.pinimg.com/webapp/www/search/[scope]-fc03f7552d341c42.js]
[s.pinimg.com/webapp/www/search/my_content-7c8b8be7e2a62e09.js]
[s.pinimg.com/webapp/21714-a1452bf13ae8147f.js]
[s.pinimg.com/webapp/www/secure/panic-cff43aa8864273ff.js]
[s.pinimg.com/webapp/98256-71c50a58ef6e8500.js]
[s.pinimg.com/webapp/www/settings-aec860106c74a64e.js]
[s.pinimg.com/webapp/www/search/me-2002034c9c84d4b4.js]
[s.pinimg.com/webapp/88530-a142119c3f01d692.js]
[s.pinimg.com/webapp/www/settings/branded-content-fec032939da1b30e.js]
[s.pinimg.com/webapp/46699-98dcc908db3043ad.js]
[s.pinimg.com/webapp/94942-8edb2a403f9f0269.js]
[s.pinimg.com/webapp/www/settings/bulk-create-pins-1d8cd73ff890239f.js]
[s.pinimg.com/webapp/www/settings/edit-profile-9c09b0c2401b3305.js]
[s.pinimg.com/webapp/57093-95ee560991bcb459.js]
[s.pinimg.com/webapp/www/settings/edit/birthdate-8502e0e2b50ad573.js]
[s.pinimg.com/webapp/98487-050576e037cff5e2.js]
[s.pinimg.com/webapp/www/settings/edit/gender-dd1c1f1d6e54542d.js]
[s.pinimg.com/webapp/www/settings/edit/contact-name-dc7bf91b4238d835.js]
[s.pinimg.com/webapp/www/settings/edit/country-region-1122895995c55f4b.js]
[s.pinimg.com/webapp/5297-bada70570a688fdf.js]
[s.pinimg.com/webapp/www/settings/edit/email-338c3ca37f36d370.js]
[s.pinimg.com/webapp/30031-e69a976fc5ca39ad.js]
[s.pinimg.com/webapp/www/settings/edit/mentions-31fda22ac2b0f6b0.js]
[s.pinimg.com/webapp/www/settings/edit/login-7d541cacd969d51d.js]
[s.pinimg.com/webapp/app-www-emails-MobileEmailSettings-1b9cf8d347108281.js]
[s.pinimg.com/webapp/www/settings/edit/password-572c8176ba89af93.js]
[s.pinimg.com/webapp/www/settings/email-2c9c4342f87c6cb8.js]
[s.pinimg.com/webapp/97456-b490aa0be772a154.js]
[s.pinimg.com/webapp/www/settings/messages-d5ea2f63a68c668f.js]
[s.pinimg.com/webapp/www/settings/mfa/[step]-e4c04d71977cf854.js]
[s.pinimg.com/webapp/www/settings/messages/[group]-2dc255420cd8e29e.js]
[s.pinimg.com/webapp/www/settings/mfa/backup-code-44f5f41d088f0183.js]
[s.pinimg.com/webapp/www/settings/mfa/disable-b6aa417e411f1f38.js]
[s.pinimg.com/webapp/35772-a147b026d0b3a8a3.js]
[s.pinimg.com/webapp/www/settings/notifications/[category]-e4ba4e8343ea14d8.js]
[s.pinimg.com/webapp/www/settings/notifications/[category]/[subcategory]-f7c3f93262b33ae0.js]
[s.pinimg.com/webapp/www/settings/notifications/by-push-notification-a09a5e70f27142b2.js]
[s.pinimg.com/webapp/www/settings/notifications/on-pinterest-b6fede6ff99f9fbd.js]
[s.pinimg.com/webapp/www/settings/permissions-2f8ce0af41d99445.js]
[s.pinimg.com/webapp/www/shopping/[category]/[id]-6cf3291b0e7fab6a.js]
[s.pinimg.com/webapp/www/shopping-c73041bffd933f7f.js]
[s.pinimg.com/webapp/www/signup/fbemailcollect-5457d2d622751b98.js]
[s.pinimg.com/webapp/www/signup/line-email-collect-f8454b47eadf66c7.js]
[s.pinimg.com/webapp/www/signup/thirdpartyage-bfea95c551b345cd.js]
[s.pinimg.com/webapp/www/story_feed-49b9e6be0a8e58bb.js]
[s.pinimg.com/webapp/www/switch_account-56e2e33a4f5028db.js]
[s.pinimg.com/webapp/www/today/[term]/[title]/[articleId]-9e55f3760b56f33d.js]
[s.pinimg.com/webapp/www/today/popular/[interest]/[interestId]-751176818b6d1760.js]
[s.pinimg.com/webapp/www/tried_it/[triedItId]/likes-c499569a4d4fb445.js]
[s.pinimg.com/webapp/6562-7032b1703b8ee1cb.js]
[s.pinimg.com/webapp/www/unauth-profile-be92896df24bcf3b.js]
[s.pinimg.com/webapp/www/unlink-0d09e3a0b241ba73.js]
[s.pinimg.com/webapp/www/videos-16f15acf8589386b.js]
[s.pinimg.com/webapp/www/videos/[category]/[id]-1bf60970d3c2f554.js]
[s.pinimg.com/webapp/16627-3c0290a19103f86f.js]
[s.pinimg.com/webapp/26189-4da367ceddd2845a.js]
[s.pinimg.com/webapp/app-www-PageWrapper-UnauthPageWrapperHeader-67f0900cf7ea4437.js]
[www.pinterest.com/pin/create/button/indexb53f.html]
[s.pinimg.com/webapp/app-www-PageWrapper-UnauthPageWrapperFooter-56fdc629f6daf98b.js]
[www.pinterest.com/pin/create/button/index1100.html]
[www.pinterest.com/pin/create/button/ios-app_/429047995/pinterest/add_pin/_method=button&image_url=&source_url=https_/www.vyjoy.co.uk/products/portable-retro-camping-lamp-1&media=/w/1_10_21913852-b055-4005]
[mirpurshopz.com/product/c2ca664ddaa2c70402158ecf01a8f88e.html]
[mirpurshopz.com/product/29.html]
[mirpurshopz.com/product/ssss.html]
[mirpurshopz.com/product/H3ee148a57e174a98ac481b9bf78437f2V.html]
[www.pinterest.com/pin/create/button/android-app_/com.pinterest/pinterest/www.pinterest.com/pin/create/button/_media=&url=https_/www.vyjoy.co.uk/products/portable-retro-camping-lamp/1_10_21913852-b055-4005]
[mirpurshopz.com/product/Hbf809720dd5f42669ef64d91e13e0bd4d.html]
[mirpurshopz.com/product/_https_/bohuponno.com/public/ban.html]
[img.xshoppy.shop/uploader/428a1d807b05ea49628d16870481f20e.jpg]
[cdn.xshoppy.shop/uploader/3a1feab439aec47788780d675953e03c.jpg]
[img.xshoppy.shop/uploader/d9580e19da42f139fe6248f34aa0d277.jpg]
[cdn.xshoppy.shop/uploader/2cd68e3193ab6c8e4b7cd6d1ce4ffade.jpg]
[mirpurshopz.com/product/30.html]
[pinterest.com/pin/create/button/indexccaa.html]
[mirpurshopz.com/product/download.html]
[mirpurshopz.com/product/m3.html]
[mirpurshopz.com/product/m2.html]
[mirpurshopz.com/product/IMG-20210710-WA0005.html]
[wondergadget.in/wp-content/uploads/2022/05/13-descript-quilt-clothes-storage-bag-waterproof-duvet-blanket-sorting-bags-closet-wardrobe-organizer-bag-large-bolsa-almacenamiento-ropa.png]
[wondergadget.in/wp-content/uploads/2022/05/9-descript-quilt-clothes-storage-bag-waterproof-duvet-blanket-sorting-bags-closet-wardrobe-organizer-bag-large-bolsa-almacenamiento-ropa.png]
[wondergadget.in/wp-content/uploads/2022/04/9-Waterproof-Quilt-Clothes-Organizer.png]
[wondergadget.in/wp-content/uploads/2022/05/4-main-quilt-clothes-storage-bag-waterproof-duvet-blanket-sorting-bags-closet-wardrobe-organizer-bag-large-bolsa-almacenamiento-ropa.png]
[www.pinterest.com/pin/create/button/ios-app_/429047995/pinterest/add_pin/_method=button&image_url=&source_url=https_/www.warmyard.co.uk/products/multi-function-silicone-sealing-str/1_f7c18be0-2dcc-483d-81]
[www.pinterest.com/pin/create/button/android-app_/com.pinterest/pinterest/www.pinterest.com/pin/create/button/_media=&url=https_/www.warmyard.co.uk/products/multi-function-silicone-/1_f7c18be0-2dcc-483d-81]
[mirpurshopz.com/product/06-01-2022-03-18-35-270070038_1728445364200397_6265919930116791897_n.html]
[s.pinimg.com/webapp/www/[username]/scheduled-pin/[scheduled_pin_id]-3006bd4c8b7b1da0.css]
[s.pinimg.com/webapp/www/about/[lawName]-fe8f05d428f3ae17.css]
[s.pinimg.com/webapp/www/about/radtc-fe8f05d428f3ae17.css]
[s.pinimg.com/webapp/www/business/business-access/[userBizId]/employees/invites-fe8f05d428f3ae17.css]
[s.pinimg.com/webapp/www/business/business-hierarchy/[businessHierarchyId]/business_security-fe8f05d428f3ae17.css]
[s.pinimg.com/webapp/www/business/business-manager/[userBizId]/dashboard-fe8f05d428f3ae17.css]
[s.pinimg.com/webapp/www/business/business-hierarchy/[businessHierarchyId]/hierarchy-fe8f05d428f3ae17.css]
[s.pinimg.com/webapp/www/business/business-hierarchy/[businessHierarchyId]/managers-fe8f05d428f3ae17.css]
[s.pinimg.com/webapp/www/business/business-manager-fe8f05d428f3ae17.css]
[s.pinimg.com/webapp/www/business/business-manager/[userBizId]-fe8f05d428f3ae17.css]
[s.pinimg.com/webapp/www/business/business-manager/[userBizId]/ad-accounts-fe8f05d428f3ae17.css]
[s.pinimg.com/webapp/www/business/business-manager/[userBizId]/ad-accounts/[detailId]/details-fe8f05d428f3ae17.css]
[s.pinimg.com/webapp/www/business/business-manager/[userBizId]/ad-accounts/cee-migration-fe8f05d428f3ae17.css]
[s.pinimg.com/webapp/www/business/business-manager/[userBizId]/asset-groups-fe8f05d428f3ae17.css]
[s.pinimg.com/webapp/www/business/business-manager/[userBizId]/audiences-fe8f05d428f3ae17.css]
[s.pinimg.com/webapp/www/business/business-manager/[userBizId]/brand-safety-fe8f05d428f3ae17.css]
[mirpurshopz.com/product/images.html]
[s.pinimg.com/webapp/www/business/business-manager/[userBizId]/catalogs-fe8f05d428f3ae17.css]
[s.pinimg.com/webapp/www/business/business-manager/[userBizId]/employees/[detailId]/details-fe8f05d428f3ae17.css]
[s.pinimg.com/webapp/www/business/business-manager/[userBizId]/history-fe8f05d428f3ae17.css]
[s.pinimg.com/webapp/www/business/business-manager/[userBizId]/invoice-management-fe8f05d428f3ae17.css]
[s.pinimg.com/webapp/www/business/business-manager/[userBizId]/partners-fe8f05d428f3ae17.css]
[s.pinimg.com/webapp/www/business/business-manager/[userBizId]/partners/[detailId]/details-fe8f05d428f3ae17.css]
[s.pinimg.com/webapp/www/business/business-manager/[userBizId]/partners/invites-fe8f05d428f3ae17.css]
[s.pinimg.com/webapp/www/business/business-manager/[userBizId]/partners/requests-fe8f05d428f3ae17.css]
[s.pinimg.com/webapp/www/business/business-manager/[userBizId]/profiles-fe8f05d428f3ae17.css]
[s.pinimg.com/webapp/www/business/business-manager/[userBizId]/profiles/[detailId]/details-fe8f05d428f3ae17.css]
[s.pinimg.com/webapp/www/business/business-manager/[userBizId]/security-fe8f05d428f3ae17.css]
[s.pinimg.com/webapp/www/business/business-manager/[userBizId]/shared-tags-fe8f05d428f3ae17.css]
[s.pinimg.com/webapp/www/business/business-manager/[userBizId]/shared/[detailId]/details-fe8f05d428f3ae17.css]
[s.pinimg.com/webapp/www/business/business-manager/[userBizId]/support-fe8f05d428f3ae17.css]
[s.pinimg.com/webapp/www/business/catalogs-6384adea5780b4d1.css]
[s.pinimg.com/webapp/www/business/create-26e2ab5b059ec1be.css]
[s.pinimg.com/webapp/www/business/hub-6384adea5780b4d1.css]
[s.pinimg.com/webapp/www/login-6f2073d1cb79d8bb.css]
[s.pinimg.com/webapp/www/business/schedule_call-6f2073d1cb79d8bb.css]
[s.pinimg.com/webapp/www/business/switch-account-6f2073d1cb79d8bb.css]
[s.pinimg.com/webapp/www/business/update-6f2073d1cb79d8bb.css]
[s.pinimg.com/webapp/www/create-business-fe8f05d428f3ae17.css]
[s.pinimg.com/webapp/www/idea-ads-tool-fe8f05d428f3ae17.css]
[s.pinimg.com/webapp/www/lens-search-6bcba988f4a0415d.css]
[s.pinimg.com/webapp/www/lens-search/history-6bcba988f4a0415d.css]
[s.pinimg.com/webapp/www/pin-builder-fe8f05d428f3ae17.css]
[s.pinimg.com/webapp/www/pin/[id]/analytics-fe8f05d428f3ae17.css]
[mirpurshopz.com/product/c2ca664ddaa2c70402158ecf01a8f88e.html]
[www.pinterest.com/pin/create/button/ios-app_/429047995/pinterest/add_pin/_method=button&image_url=&source_url=https_/www.vyjoy.co.uk/products/portable-retro-camping-lamp-1&media=/w/1_10_21913852-b055-4005]
[www.pinterest.com/pin/create/button/android-app_/com.pinterest/pinterest/www.pinterest.com/pin/create/button/_media=&url=https_/www.vyjoy.co.uk/products/portable-retro-camping-lamp/1_10_21913852-b055-4005]
[mirpurshopz.com/product/29.html]
[mirpurshopz.com/product/30.html]
[mirpurshopz.com/product/ssss.html]
[mirpurshopz.com/product/H3ee148a57e174a98ac481b9bf78437f2V.html]
[mirpurshopz.com/product/Hbf809720dd5f42669ef64d91e13e0bd4d.html]
[mirpurshopz.com/product/06-01-2022-03-18-35-270070038_1728445364200397_6265919930116791897_n.html]
[mirpurshopz.com/product/images.html]
[www.pinterest.com/pin/create/button/index6ef7.html]
[www.pinterest.com/pin/create/button/index6ef7.html]
[mirpurshopz.com/product/06-01-2022-03-18-35-270070038_1728445364200397_6265919930116791897_n.html]
[mirpurshopz.com/product/images.html]
[www.pinterest.com/pin/create/button/android-app_/com.pinterest/pinterest/www.pinterest.com/pin/create/button/_media=&url=https_/www.luckinwish.co.uk/products/easy-shoelaces-one-siz/2_be93cb68-c579-4bbd-b0]
[www.pinterest.com/pin/create/button/ios-app_/429047995/pinterest/add_pin/_method=button&image_url=&source_url=https_/www.luckinwish.co.uk/products/easy-shoelaces-one-size-fits-all&/2_be93cb68-c579-4bbd-b0]
[www.pinterest.com/pin/create/button/ios-app_/429047995/pinterest/add_pin/_method=button&image_url=&source_url=https_/www.luckinwish.co.uk/products/easy-shoelaces-one-size-fits-all&/2_be93cb68-c579-4bbd-b0]
[www.pinterest.com/pin/create/button/android-app_/com.pinterest/pinterest/www.pinterest.com/pin/create/button/_media=&url=https_/www.luckinwish.co.uk/products/easy-shoelaces-one-siz/2_be93cb68-c579-4bbd-b0]
