[html.xpeedstudio.com/upturn/index.html]
[backblue.gif]
[fade.gif]
[index.html]
[html.xpeedstudio.com/upturn/favicon.ico]
[html.xpeedstudio.com/upturn/apple-touch-icon.png]
[html.xpeedstudio.com/upturn/assets/css/font-awesome.min.css]
[html.xpeedstudio.com/upturn/assets/css/bootstrap.min.css]
[html.xpeedstudio.com/upturn/assets/css/animate.css]
[html.xpeedstudio.com/upturn/assets/css/iconfont.css]
[html.xpeedstudio.com/upturn/assets/css/magnific-popup.css]
[html.xpeedstudio.com/upturn/assets/css/owl.carousel.min.css]
[html.xpeedstudio.com/upturn/assets/css/owl.theme.default.min.css]
[html.xpeedstudio.com/upturn/assets/css/rev-settings.css]
[html.xpeedstudio.com/upturn/assets/css/plugins.css]
[html.xpeedstudio.com/upturn/assets/css/style.css]
[html.xpeedstudio.com/upturn/assets/css/responsive.css]
[html.xpeedstudio.com/upturn/assets/images/logo-transparent-header.png]
[html.xpeedstudio.com/upturn/assets/images/logo.png]
[html.xpeedstudio.com/upturn/index-2.html]
[html.xpeedstudio.com/upturn/index-3.html]
[html.xpeedstudio.com/upturn/index-4.html]
[html.xpeedstudio.com/upturn/index-5.html]
[html.xpeedstudio.com/upturn/about.html]
[html.xpeedstudio.com/upturn/case-studies.html]
[html.xpeedstudio.com/upturn/case-details.html]
[html.xpeedstudio.com/upturn/faq.html]
[html.xpeedstudio.com/upturn/team.html]
[html.xpeedstudio.com/upturn/map.html]
[html.xpeedstudio.com/upturn/shop.html]
[html.xpeedstudio.com/upturn/shop-single.html]
[html.xpeedstudio.com/upturn/404.html]
[html.xpeedstudio.com/upturn/pricing.html]
[html.xpeedstudio.com/upturn/typography.html]
[html.xpeedstudio.com/upturn/testimonial.html]
[html.xpeedstudio.com/upturn/email-marketing.html]
[html.xpeedstudio.com/upturn/offline-seo.html]
[html.xpeedstudio.com/upturn/social-media-marketing.html]
[html.xpeedstudio.com/upturn/lead-generation.html]
[html.xpeedstudio.com/upturn/growth-hacking.html]
[html.xpeedstudio.com/upturn/search-engine-optimization.html]
[html.xpeedstudio.com/upturn/blog-grid-with-sidebar.html]
[html.xpeedstudio.com/upturn/blog-list.html]
[html.xpeedstudio.com/upturn/blog-single.html]
[html.xpeedstudio.com/upturn/contact.html]
[html.xpeedstudio.com/upturn/assets/images/flags/006-united-states.svg]
[html.xpeedstudio.com/upturn/assets/images/rev-slider/banner-01/18fc4-slider-bg-1.jpg]
[html.xpeedstudio.com/upturn/assets/images/rev-slider/banner-01/monitor.png]
[html.xpeedstudio.com/upturn/assets/images/rev-slider/banner-01/cloud.png]
[html.xpeedstudio.com/upturn/assets/images/rev-slider/banner-01/level_up.png]
[html.xpeedstudio.com/upturn/assets/images/rev-slider/banner-01/paper.png]
[html.xpeedstudio.com/upturn/assets/images/rev-slider/banner-01/speaker.png]
[html.xpeedstudio.com/upturn/assets/images/rev-slider/banner-01/search.png]
[html.xpeedstudio.com/upturn/assets/images/rev-slider/banner-02/665d1-slider-bg-2.jpg]
[html.xpeedstudio.com/upturn/assets/images/rev-slider/banner-02/smartphone.png]
[html.xpeedstudio.com/upturn/assets/images/rev-slider/banner-02/laptop.png]
[html.xpeedstudio.com/upturn/assets/images/rev-slider/banner-02/search.png]
[html.xpeedstudio.com/upturn/assets/images/rev-slider/banner-02/pie.png]
[html.xpeedstudio.com/upturn/assets/images/rev-slider/banner-02/dollar.png]
[html.xpeedstudio.com/upturn/assets/images/rev-slider/banner-03/aa09a-slider-bg-3.jpg]
[html.xpeedstudio.com/upturn/assets/images/rev-slider/banner-03/chart.png]
[html.xpeedstudio.com/upturn/assets/images/rev-slider/banner-03/smartphone.png]
[html.xpeedstudio.com/upturn/assets/images/rev-slider/banner-03/card.png]
[html.xpeedstudio.com/upturn/assets/images/rev-slider/banner-03/pie.png]
[html.xpeedstudio.com/upturn/assets/images/rev-slider/banner-03/screen.png]
[html.xpeedstudio.com/upturn/assets/images/features/features-1.png]
[html.xpeedstudio.com/upturn/assets/images/features/features-2.png]
[html.xpeedstudio.com/upturn/assets/images/features/features-3.png]
[html.xpeedstudio.com/upturn/assets/images/hand-bloom.png]
[html.xpeedstudio.com/upturn/assets/images/chart.png]
[html.xpeedstudio.com/upturn/assets/images/info/info-1.png]
[html.xpeedstudio.com/upturn/assets/images/work-process/1.png]
[html.xpeedstudio.com/upturn/assets/images/work-process/2.png]
[html.xpeedstudio.com/upturn/assets/images/work-process/3.png]
[html.xpeedstudio.com/upturn/assets/images/work-process/4.png]
[html.xpeedstudio.com/upturn/assets/images/service-tab/icon-1.png]
[html.xpeedstudio.com/upturn/assets/images/service-tab/icon-2.png]
[html.xpeedstudio.com/upturn/assets/images/service-tab/icon-3.png]
[html.xpeedstudio.com/upturn/assets/images/service-tab/icon-4.png]
[html.xpeedstudio.com/upturn/assets/images/service-tab/icon-5.png]
[html.xpeedstudio.com/upturn/assets/images/service-tab/preview-1.png]
[html.xpeedstudio.com/upturn/assets/images/service-tab/preview-2.png]
[html.xpeedstudio.com/upturn/assets/images/service-tab/preview-3.png]
[html.xpeedstudio.com/upturn/assets/images/service-tab/preview-4.png]
[html.xpeedstudio.com/upturn/assets/images/service-tab/preview-5.png]
[html.xpeedstudio.com/upturn/assets/images/case/case-1.png]
[html.xpeedstudio.com/upturn/assets/images/case/case-2.png]
[html.xpeedstudio.com/upturn/assets/images/case/case-3.png]
[html.xpeedstudio.com/upturn/assets/images/pricing/pricing-1.png]
[html.xpeedstudio.com/upturn/assets/images/pricing/pricing-2.png]
[html.xpeedstudio.com/upturn/assets/images/pricing/pricing-3.png]
[html.xpeedstudio.com/upturn/assets/images/testimonial/testimonial-1.jpg]
[html.xpeedstudio.com/upturn/assets/images/testimonial/testimonial-2.jpg]
[html.xpeedstudio.com/upturn/assets/images/testimonial/testimonial-3.jpg]
[html.xpeedstudio.com/upturn/assets/images/testimonial/testimonial-4.jpg]
[html.xpeedstudio.com/upturn/assets/images/blog/blog-1.jpg]
[html.xpeedstudio.com/upturn/assets/images/blog/blog-2.jpg]
[html.xpeedstudio.com/upturn/assets/images/flags/002-canada.svg]
[html.xpeedstudio.com/upturn/assets/images/flags/003-vietnam.svg]
[html.xpeedstudio.com/upturn/assets/images/flags/004-france.svg]
[html.xpeedstudio.com/upturn/assets/images/flags/005-germany.svg]
[html.xpeedstudio.com/upturn/assets/images/location.png]
[html.xpeedstudio.com/upturn/assets/images/mail.png]
[html.xpeedstudio.com/upturn/assets/images/phone.png]
[html.xpeedstudio.com/upturn/assets/images/footer-logo.png]
[html.xpeedstudio.com/upturn/assets/images/pin.png]
[html.xpeedstudio.com/upturn/assets/images/massage.png]
[html.xpeedstudio.com/upturn/assets/images/partner/partner-1.png]
[html.xpeedstudio.com/upturn/assets/images/partner/partner-2.png]
[html.xpeedstudio.com/upturn/assets/images/partner/partner-3.png]
[html.xpeedstudio.com/upturn/assets/images/partner/partner-4.png]
[html.xpeedstudio.com/upturn/assets/images/card/visa.png]
[html.xpeedstudio.com/upturn/assets/images/card/master-card.png]
[html.xpeedstudio.com/upturn/assets/images/card/discover.png]
[html.xpeedstudio.com/upturn/assets/images/card/american-express.png]
[html.xpeedstudio.com/cdn-cgi/scripts/5c5dd728/cloudflare-static/email-decode.min.js]
[html.xpeedstudio.com/upturn/assets/js/jquery-3.2.1.min.js]
[html.xpeedstudio.com/upturn/assets/js/plugins.js]
[html.xpeedstudio.com/upturn/assets/js/Popper.js]
[html.xpeedstudio.com/upturn/assets/js/bootstrap.min.js]
[html.xpeedstudio.com/upturn/assets/js/jquery.magnific-popup.min.js]
[html.xpeedstudio.com/upturn/assets/js/owl.carousel.min.js]
[html.xpeedstudio.com/upturn/assets/js/jquery.ajaxchimp.min.js]
[html.xpeedstudio.com/upturn/assets/js/jquery.waypoints.min.js]
[html.xpeedstudio.com/upturn/assets/js/isotope.pkgd.min.js]
[html.xpeedstudio.com/upturn/assets/js/scrollax.js]
[html.xpeedstudio.com/upturn/assets/js/jquery.themepunch.revolution.min.js]
[html.xpeedstudio.com/upturn/assets/js/jquery.themepunch.tools.min.js]
[html.xpeedstudio.com/upturn/assets/js/extensions/revolution.extension.slideanims.min.js]
[html.xpeedstudio.com/upturn/assets/js/extensions/revolution.extension.layeranimation.min.js]
[html.xpeedstudio.com/upturn/assets/js/extensions/revolution.extension.navigation.min.js]
[html.xpeedstudio.com/upturn/assets/js/extensions/revolution.extension.parallax.min.js]
[html.xpeedstudio.com/upturn/assets/js/jquery.easypiechart.min.js]
[html.xpeedstudio.com/upturn/assets/js/delighters.js]
[html.xpeedstudio.com/upturn/index.html]
[html.xpeedstudio.com/upturn/favicon.html]
[html.xpeedstudio.com/upturn/apple-touch-icon.html]
[html.xpeedstudio.com/upturn/assets/js/main.js]
[html.xpeedstudio.com/upturn/assets/fonts/fontawesome-webfont3e6e.eot]
[html.xpeedstudio.com/upturn/assets/fonts/fontawesome-webfontd41d.eot]
[html.xpeedstudio.com/upturn/assets/fonts/fontawesome-webfont3e6e.woff2]
[html.xpeedstudio.com/upturn/assets/fonts/fontawesome-webfont3e6e.woff]
[html.xpeedstudio.com/upturn/assets/fonts/fontawesome-webfont3e6e.ttf]
[html.xpeedstudio.com/upturn/assets/css/font-awesome.min.css]
[html.xpeedstudio.com/upturn/assets/css/bootstrap.min.css]
[html.xpeedstudio.com/upturn/assets/css/animate.css]
[html.xpeedstudio.com/upturn/assets/fonts/fontawesome-webfont3e6e.svg]
[html.xpeedstudio.com/upturn/assets/fonts/iconfont1da0.ttf]
[html.xpeedstudio.com/upturn/assets/fonts/iconfont1da0.woff]
[html.xpeedstudio.com/upturn/assets/css/iconfont.css]
[html.xpeedstudio.com/upturn/assets/css/magnific-popup.css]
[html.xpeedstudio.com/upturn/assets/fonts/iconfont1da0.svg]
[html.xpeedstudio.com/upturn/assets/css/owl.video.play.png]
[html.xpeedstudio.com/upturn/assets/css/owl.carousel.min.css]
[html.xpeedstudio.com/upturn/assets/css/owl.theme.default.min.css]
[html.xpeedstudio.com/upturn/assets/fonts/revicons90c6.eot]
[html.xpeedstudio.com/upturn/assets/fonts/revicons90c6.woff]
[html.xpeedstudio.com/upturn/assets/fonts/revicons/revicons90c6.ttf]
[html.xpeedstudio.com/upturn/assets/fonts/revicons90c6.svg]
[html.xpeedstudio.com/upturn/assets/css/openhand.cur]
[html.xpeedstudio.com/upturn/assets/css/closedhand.cur]
[html.xpeedstudio.com/upturn/assets/assets/gridtile.png]
[html.xpeedstudio.com/upturn/assets/assets/gridtile_white.png]
[html.xpeedstudio.com/upturn/assets/assets/gridtile_3x3.png]
[html.xpeedstudio.com/upturn/assets/assets/gridtile_3x3_white.png]
[html.xpeedstudio.com/upturn/assets/assets/coloredbg.png]
[html.xpeedstudio.com/upturn/assets/images/coloredbg.png]
[html.xpeedstudio.com/upturn/assets/images/loader.gif]
[html.xpeedstudio.com/upturn/assets/css/rev-settings.css]
[html.xpeedstudio.com/upturn/assets/css/plugins.css]
[html.xpeedstudio.com/upturn/assets/images/cross-out.png]
[html.xpeedstudio.com/upturn/assets/images/footer-overlay-bg.png]
[html.xpeedstudio.com/upturn/assets/images/backgrounds/background-1.jpg]
[html.xpeedstudio.com/upturn/assets/css/style.css]
[html.xpeedstudio.com/upturn/assets/css/responsive.css]
[html.xpeedstudio.com/upturn/assets/images/backgrounds/banner-v2-img.jpg]
[html.xpeedstudio.com/upturn/assets/images/service-info-icon-1.png]
[html.xpeedstudio.com/upturn/assets/images/service-info-icon-2.png]
[html.xpeedstudio.com/upturn/assets/images/service-info-icon-3.png]
[html.xpeedstudio.com/upturn/assets/images/service-info-icon-4.png]
[html.xpeedstudio.com/upturn/assets/images/service-info-icon-5.png]
[html.xpeedstudio.com/upturn/assets/images/service-info-icon-6.png]
[html.xpeedstudio.com/upturn/assets/images/service-img-1.png]
[html.xpeedstudio.com/upturn/assets/images/service-summary-1.png]
[html.xpeedstudio.com/upturn/assets/images/service-summary-2.png]
[html.xpeedstudio.com/upturn/assets/images/case/case-4.png]
[html.xpeedstudio.com/upturn/assets/images/case/case-5.png]
[html.xpeedstudio.com/upturn/assets/images/case/case-6.png]
[html.xpeedstudio.com/upturn/index-2.html]
[html.xpeedstudio.com/upturn/assets/images/slider/slider-bg-1.jpg]
[html.xpeedstudio.com/upturn/assets/images/slider/slider-image-1.png]
[html.xpeedstudio.com/upturn/assets/images/slider/slider-bg-2.jpg]
[html.xpeedstudio.com/upturn/assets/images/slider/slider-image2.png]
[html.xpeedstudio.com/upturn/assets/images/slider/slider-bg-3.jpg]
[html.xpeedstudio.com/upturn/assets/images/slider/slider-image3.png]
[html.xpeedstudio.com/upturn/assets/images/service-img-2.png]
[html.xpeedstudio.com/upturn/index-3.html]
[html.xpeedstudio.com/upturn/assets/images/team/team-5.jpg]
[html.xpeedstudio.com/upturn/assets/images/team/team-6.jpg]
[html.xpeedstudio.com/upturn/assets/images/team/team-7.jpg]
[html.xpeedstudio.com/upturn/assets/images/team/team-8.jpg]
[html.xpeedstudio.com/upturn/index-4.html]
[html.xpeedstudio.com/upturn/assets/images/cases-card/cases-card-1.png]
[html.xpeedstudio.com/upturn/assets/images/cases-card/cases-card-2.png]
[html.xpeedstudio.com/upturn/assets/images/cases-card/cases-card-3.png]
[html.xpeedstudio.com/upturn/assets/images/cases-card/cases-card-4.png]
[html.xpeedstudio.com/upturn/assets/images/cases-card/cases-card-5.png]
[html.xpeedstudio.com/upturn/assets/images/cases-card/cases-card-6.png]
[html.xpeedstudio.com/upturn/index-5.html]
[html.xpeedstudio.com/upturn/assets/images/info/info-2.png]
[html.xpeedstudio.com/upturn/assets/images/team/team-1.jpg]
[html.xpeedstudio.com/upturn/assets/images/team/team-2.jpg]
[html.xpeedstudio.com/upturn/assets/images/team/team-3.jpg]
[html.xpeedstudio.com/upturn/assets/images/team/team-4.jpg]
[html.xpeedstudio.com/upturn/assets/images/info/info-3.jpg]
[html.xpeedstudio.com/upturn/about.html]
[html.xpeedstudio.com/upturn/case-studies.html]
[html.xpeedstudio.com/upturn/assets/images/case-about-image.jpg]
[html.xpeedstudio.com/upturn/assets/images/doodle/doodle-1.png]
[html.xpeedstudio.com/upturn/assets/images/case-study-step/case-study-step-1.png]
[html.xpeedstudio.com/upturn/assets/images/case-study-step/case-study-step-2.png]
[html.xpeedstudio.com/upturn/assets/images/case-study-step/case-study-step-3.png]
[html.xpeedstudio.com/upturn/assets/images/doodle/doodle-2.png]
[html.xpeedstudio.com/upturn/case-details.html]
[html.xpeedstudio.com/upturn/assets/images/faq-ladies-vector.png]
[html.xpeedstudio.com/upturn/assets/images/doodle/2.png]
[html.xpeedstudio.com/upturn/assets/images/man-with-phone.jpg]
[html.xpeedstudio.com/upturn/faq.html]
[html.xpeedstudio.com/upturn/assets/images/team/team-9.jpg]
[html.xpeedstudio.com/upturn/assets/images/team/team-10.jpg]
[html.xpeedstudio.com/upturn/assets/images/team/team-11.jpg]
[html.xpeedstudio.com/upturn/assets/images/team/team-12.jpg]
[html.xpeedstudio.com/upturn/team.html]
[html.xpeedstudio.com/upturn/map.html]
[html.xpeedstudio.com/upturn/assets/images/products/product-1.png]
[html.xpeedstudio.com/upturn/assets/images/products/product-2.png]
[html.xpeedstudio.com/upturn/assets/images/products/product-3.png]
[html.xpeedstudio.com/upturn/assets/images/products/product-4.png]
[html.xpeedstudio.com/upturn/assets/images/products/product-5.png]
[html.xpeedstudio.com/upturn/assets/images/products/product-6.png]
[html.xpeedstudio.com/upturn/assets/images/products/product-7.png]
[html.xpeedstudio.com/upturn/assets/images/products/product-8.png]
[html.xpeedstudio.com/upturn/assets/images/products/product-9.png]
[html.xpeedstudio.com/upturn/assets/images/promo-banner.png]
[html.xpeedstudio.com/upturn/shop.html]
[html.xpeedstudio.com/upturn/assets/css/woocommerce.css]
[html.xpeedstudio.com/upturn/assets/images/products/products-big-1.jpg]
[html.xpeedstudio.com/upturn/assets/images/products/products-big-2.jpg]
[html.xpeedstudio.com/upturn/assets/images/products/products-big-3.jpg]
[html.xpeedstudio.com/upturn/assets/images/products/products-big-4.jpg]
[html.xpeedstudio.com/upturn/assets/images/products/products-big-5.jpg]
[html.xpeedstudio.com/upturn/shop-single.html]
[html.xpeedstudio.com/upturn/assets/images/404.png]
[html.xpeedstudio.com/upturn/404.html]
[html.xpeedstudio.com/upturn/assets/images/pricing/pricing-small-1.png]
[html.xpeedstudio.com/upturn/assets/images/pricing/pricing-small-2.png]
[html.xpeedstudio.com/upturn/assets/images/pricing/pricing-small-3.png]
[html.xpeedstudio.com/upturn/assets/images/pricing/pricing-small-4.png]
[html.xpeedstudio.com/upturn/pricing.html]
[html.xpeedstudio.com/upturn/typography.html]
[html.xpeedstudio.com/upturn/testimonial.html]
[html.xpeedstudio.com/upturn/email-marketing.html]
[html.xpeedstudio.com/upturn/offline-seo.html]
[html.xpeedstudio.com/upturn/social-media-marketing.html]
[html.xpeedstudio.com/upturn/lead-generation.html]
[html.xpeedstudio.com/upturn/growth-hacking.html]
[html.xpeedstudio.com/upturn/search-engine-optimization.html]
[html.xpeedstudio.com/upturn/assets/images/blog/blog-3.jpg]
[html.xpeedstudio.com/upturn/assets/images/blog/blog-4.jpg]
[html.xpeedstudio.com/upturn/assets/images/blog/blog-5.jpg]
[html.xpeedstudio.com/upturn/assets/images/blog/blog-6.jpg]
[html.xpeedstudio.com/upturn/assets/images/blog/blog-7.jpg]
[html.xpeedstudio.com/upturn/assets/images/blog/blog-8.jpg]
[html.xpeedstudio.com/upturn/assets/images/blog/blog-9.jpg]
[html.xpeedstudio.com/upturn/assets/images/sidebar/sidebar-latest-post-1.jpg]
[html.xpeedstudio.com/upturn/assets/images/sidebar/sidebar-latest-post-2.jpg]
[html.xpeedstudio.com/upturn/assets/images/sidebar/sidebar-latest-post-3.jpg]
[html.xpeedstudio.com/upturn/assets/images/sidebar/sidebar-latest-post-4.jpg]
[html.xpeedstudio.com/upturn/assets/images/sidebar/banner.png]
[html.xpeedstudio.com/upturn/blog-grid-with-sidebar.html]
[html.xpeedstudio.com/upturn/assets/images/blog/blog-list-1.jpg]
[html.xpeedstudio.com/upturn/assets/images/blog/blog-list-2.jpg]
[html.xpeedstudio.com/upturn/assets/images/blog/blog-list-3.jpg]
[html.xpeedstudio.com/upturn/assets/images/blog/blog-list-4.jpg]
[html.xpeedstudio.com/upturn/blog-list.html]
[html.xpeedstudio.com/upturn/assets/images/post-naviation-1.png]
[html.xpeedstudio.com/upturn/assets/images/post-naviation-2.png]
[html.xpeedstudio.com/upturn/blog-single.html]
[html.xpeedstudio.com/upturn/contact.html]
[html.xpeedstudio.com/upturn/assets/images/flags/006-united-states.svg]
[html.xpeedstudio.com/upturn/assets/images/flags/002-canada.svg]
[html.xpeedstudio.com/upturn/assets/images/flags/003-vietnam.svg]
[html.xpeedstudio.com/upturn/assets/images/flags/004-france.svg]
[html.xpeedstudio.com/upturn/assets/images/flags/005-germany.svg]
[html.xpeedstudio.com/upturn/assets/fonts/fontawesome-webfont3e6e.svg]
[html.xpeedstudio.com/upturn/assets/fonts/iconfont1da0.svg]
[html.xpeedstudio.com/upturn/assets/css/owl.video.play.html]
[html.xpeedstudio.com/upturn/assets/fonts/revicons/revicons90c6.html]
[html.xpeedstudio.com/upturn/assets/fonts/revicons90c6.svg]
[html.xpeedstudio.com/upturn/assets/css/openhand.html]
[html.xpeedstudio.com/upturn/assets/css/closedhand.html]
[html.xpeedstudio.com/upturn/assets/assets/gridtile.html]
[html.xpeedstudio.com/upturn/assets/assets/gridtile_white.html]
[html.xpeedstudio.com/upturn/assets/assets/gridtile_3x3.html]
[html.xpeedstudio.com/upturn/assets/assets/gridtile_3x3_white.html]
[html.xpeedstudio.com/upturn/assets/assets/coloredbg.html]
[html.xpeedstudio.com/upturn/assets/images/doodle/2.html]
[html.xpeedstudio.com/upturn/assets/fonts/star.eot]
[html.xpeedstudio.com/upturn/assets/fonts/stard41d.eot]
[html.xpeedstudio.com/upturn/assets/fonts/star.woff]
[html.xpeedstudio.com/upturn/assets/fonts/star.ttf]
[html.xpeedstudio.com/upturn/assets/fonts/star.svg]
[html.xpeedstudio.com/upturn/assets/fonts/WooCommerce.eot]
[html.xpeedstudio.com/upturn/assets/fonts/WooCommerced41d.eot]
[html.xpeedstudio.com/upturn/assets/fonts/WooCommerce.woff]
[html.xpeedstudio.com/upturn/assets/fonts/WooCommerce.ttf]
[html.xpeedstudio.com/upturn/assets/fonts/WooCommerce.svg]
[html.xpeedstudio.com/upturn/assets/images/icons/loader.svg]
[html.xpeedstudio.com/upturn/assets/css/photoswipe/default-skin/default-skin.png]
[html.xpeedstudio.com/upturn/assets/images/icons/credit-cards/visa.svg]
[html.xpeedstudio.com/upturn/assets/images/icons/credit-cards/mastercard.svg]
[html.xpeedstudio.com/upturn/assets/images/icons/credit-cards/laser.svg]
[html.xpeedstudio.com/upturn/assets/images/icons/credit-cards/diners.svg]
[html.xpeedstudio.com/upturn/assets/images/icons/credit-cards/maestro.svg]
[html.xpeedstudio.com/upturn/assets/images/icons/credit-cards/jcb.svg]
[html.xpeedstudio.com/upturn/assets/images/icons/credit-cards/amex.svg]
[html.xpeedstudio.com/upturn/assets/images/icons/credit-cards/discover.svg]
[html.xpeedstudio.com/upturn/assets/css/woocommerce.css]
[html.xpeedstudio.com/upturn/assets/fonts/star.html]
[html.xpeedstudio.com/upturn/assets/fonts/stard41d.html]
[html.xpeedstudio.com/upturn/assets/fonts/star-2.html]
[html.xpeedstudio.com/upturn/assets/fonts/star-3.html]
[html.xpeedstudio.com/upturn/assets/fonts/star-4.html]
[html.xpeedstudio.com/upturn/assets/fonts/WooCommerce.html]
[html.xpeedstudio.com/upturn/assets/fonts/WooCommerced41d.html]
[html.xpeedstudio.com/upturn/assets/fonts/WooCommerce-2.html]
[html.xpeedstudio.com/upturn/assets/fonts/WooCommerce-3.html]
[html.xpeedstudio.com/upturn/assets/fonts/WooCommerce-4.html]
[html.xpeedstudio.com/upturn/assets/images/icons/loader.html]
[html.xpeedstudio.com/upturn/assets/css/photoswipe/default-skin/default-skin.html]
[html.xpeedstudio.com/upturn/assets/images/icons/credit-cards/visa.html]
[html.xpeedstudio.com/upturn/assets/images/icons/credit-cards/mastercard.html]
[html.xpeedstudio.com/upturn/assets/images/icons/credit-cards/laser.html]
[html.xpeedstudio.com/upturn/assets/images/icons/credit-cards/diners.html]
[html.xpeedstudio.com/upturn/assets/images/icons/credit-cards/maestro.html]
[html.xpeedstudio.com/upturn/assets/images/icons/credit-cards/jcb.html]
[html.xpeedstudio.com/upturn/assets/images/icons/credit-cards/amex.html]
[html.xpeedstudio.com/upturn/assets/images/icons/credit-cards/discover.html]
