[templates.hibootstrap.com/sanu/default/index.html]
[templates.hibootstrap.com/sanu/default/assets/css/bootstrap.min.css]
[templates.hibootstrap.com/sanu/default/assets/css/meanmenu.css]
[templates.hibootstrap.com/sanu/default/assets/css/owl.carousel.min.css]
[templates.hibootstrap.com/sanu/default/assets/css/owl.theme.default.min.css]
[templates.hibootstrap.com/sanu/default/assets/css/magnific-popup.css]
[templates.hibootstrap.com/sanu/default/assets/css/flaticon.css]
[templates.hibootstrap.com/sanu/default/assets/css/remixicon.css]
[templates.hibootstrap.com/sanu/default/assets/css/odometer.min.css]
[templates.hibootstrap.com/sanu/default/assets/css/aos.css]
[templates.hibootstrap.com/sanu/default/assets/css/style.css]
[templates.hibootstrap.com/sanu/default/assets/css/dark.css]
[templates.hibootstrap.com/sanu/default/assets/css/responsive.css]
[templates.hibootstrap.com/sanu/default/assets/images/favicon.png]
[backblue.gif]
[fade.gif]
[index.html]
[templates.hibootstrap.com/sanu/default/graduate-admission.html]
[templates.hibootstrap.com/sanu/default/campus-life.html]
[templates.hibootstrap.com/sanu/default/admission.html]
[templates.hibootstrap.com/sanu/default/academics.html]
[templates.hibootstrap.com/sanu/default/alumni.html]
[templates.hibootstrap.com/sanu/default/assets/images/logo.png]
[templates.hibootstrap.com/sanu/default/assets/images/white-logo.png]
[templates.hibootstrap.com/sanu/default/index-2.html]
[templates.hibootstrap.com/sanu/default/index-3.html]
[templates.hibootstrap.com/sanu/default/index-4.html]
[templates.hibootstrap.com/sanu/default/index-5.html]
[templates.hibootstrap.com/sanu/default/academics-details.html]
[templates.hibootstrap.com/sanu/default/latest-news.html]
[templates.hibootstrap.com/sanu/default/news-details.html]
[templates.hibootstrap.com/sanu/default/faq.html]
[templates.hibootstrap.com/sanu/default/login.html]
[templates.hibootstrap.com/sanu/default/register.html]
[templates.hibootstrap.com/sanu/default/recover-password.html]
[templates.hibootstrap.com/sanu/default/privacy-policy.html]
[templates.hibootstrap.com/sanu/default/terms-conditions.html]
[templates.hibootstrap.com/sanu/default/coming-soon.html]
[templates.hibootstrap.com/sanu/default/404.html]
[templates.hibootstrap.com/sanu/default/courses.html]
[templates.hibootstrap.com/sanu/default/courses-details.html]
[templates.hibootstrap.com/sanu/default/health-care.html]
[templates.hibootstrap.com/sanu/default/health-care-details.html]
[templates.hibootstrap.com/sanu/default/events.html]
[templates.hibootstrap.com/sanu/default/events-details.html]
[templates.hibootstrap.com/sanu/default/contact-us.html]
[templates.hibootstrap.com/sanu/default/contact.html]
[templates.hibootstrap.com/sanu/default/assets/images/banner/thumb-1.jpg]
[templates.hibootstrap.com/sanu/default/assets/images/banner/thumb-2.jpg]
[templates.hibootstrap.com/sanu/default/assets/images/banner/thumb-3.jpg]
[templates.hibootstrap.com/sanu/default/assets/images/campus-information/campus-1.jpg]
[templates.hibootstrap.com/sanu/default/assets/images/courses/courses-1.jpg]
[templates.hibootstrap.com/sanu/default/assets/images/courses/admin-1.jpg]
[templates.hibootstrap.com/sanu/default/assets/images/courses/courses-2.jpg]
[templates.hibootstrap.com/sanu/default/assets/images/courses/admin-2.jpg]
[templates.hibootstrap.com/sanu/default/assets/images/courses/courses-3.jpg]
[templates.hibootstrap.com/sanu/default/assets/images/courses/admin-3.jpg]
[templates.hibootstrap.com/sanu/default/assets/images/campus-life/campus-life-1.jpg]
[templates.hibootstrap.com/sanu/default/assets/images/campus-life/campus-life-2.jpg]
[templates.hibootstrap.com/sanu/default/assets/images/campus-life/campus-life-3.jpg]
[templates.hibootstrap.com/sanu/default/assets/images/admission/admission-1.jpg]
[templates.hibootstrap.com/sanu/default/assets/images/health-care/health-care-1.jpg]
[templates.hibootstrap.com/sanu/default/assets/images/health-care/health-care-2.jpg]
[templates.hibootstrap.com/sanu/default/assets/images/health-care/health-care-3.jpg]
[templates.hibootstrap.com/sanu/default/assets/images/events/events-1.jpg]
[templates.hibootstrap.com/sanu/default/assets/images/events/events-2.jpg]
[templates.hibootstrap.com/sanu/default/assets/images/events/events-3.jpg]
[templates.hibootstrap.com/sanu/default/assets/images/podcasts/podcasts-1.jpg]
[templates.hibootstrap.com/sanu/default/assets/images/podcasts/podcasts-2.jpg]
[templates.hibootstrap.com/sanu/default/assets/images/podcasts/podcasts-3.jpg]
[templates.hibootstrap.com/sanu/default/assets/images/news/news-1.jpg]
[templates.hibootstrap.com/sanu/default/assets/images/news/news-2.jpg]
[templates.hibootstrap.com/sanu/default/assets/images/news/news-3.jpg]
[templates.hibootstrap.com/sanu/default/assets/images/shape-1.png]
[templates.hibootstrap.com/cdn-cgi/scripts/5c5dd728/cloudflare-static/email-decode.min.js]
[templates.hibootstrap.com/sanu/default/assets/js/jquery.min.js]
[templates.hibootstrap.com/sanu/default/assets/js/bootstrap.bundle.min.js]
[templates.hibootstrap.com/sanu/default/assets/js/jquery.meanmenu.js]
[templates.hibootstrap.com/sanu/default/assets/js/owl.carousel.min.js]
[templates.hibootstrap.com/sanu/default/assets/js/carousel-thumbs.min.js]
[templates.hibootstrap.com/sanu/default/assets/js/jquery.magnific-popup.js]
[templates.hibootstrap.com/sanu/default/assets/js/aos.js]
[templates.hibootstrap.com/sanu/default/assets/js/odometer.min.js]
[templates.hibootstrap.com/sanu/default/assets/js/appear.min.js]
[templates.hibootstrap.com/sanu/default/assets/js/form-validator.min.js]
[templates.hibootstrap.com/sanu/default/assets/js/contact-form-script.js]
[templates.hibootstrap.com/sanu/default/assets/js/ajaxchimp.min.js]
[templates.hibootstrap.com/sanu/default/index.html]
[templates.hibootstrap.com/sanu/default/assets/css/bootstrap.min.css]
[templates.hibootstrap.com/sanu/default/assets/css/meanmenu.css]
[templates.hibootstrap.com/sanu/default/assets/js/custom.js]
[templates.hibootstrap.com/sanu/default/assets/css/owl.video.play.png]
[templates.hibootstrap.com/sanu/default/assets/css/owl.carousel.min.css]
[templates.hibootstrap.com/sanu/default/assets/css/owl.theme.default.min.css]
[templates.hibootstrap.com/sanu/default/assets/css/magnific-popup.css]
[templates.hibootstrap.com/sanu/default/assets/fonts/flaticond976.ttf]
[templates.hibootstrap.com/sanu/default/assets/fonts/flaticond976.woff]
[templates.hibootstrap.com/sanu/default/assets/fonts/flaticond976.woff2]
[templates.hibootstrap.com/sanu/default/assets/fonts/flaticond976.eot]
[templates.hibootstrap.com/sanu/default/assets/css/flaticon.css]
[templates.hibootstrap.com/sanu/default/assets/fonts/flaticond976.svg]
[templates.hibootstrap.com/sanu/default/assets/fonts/remixicon972e.woff2]
[templates.hibootstrap.com/sanu/default/assets/fonts/remixicon972e.woff]
[templates.hibootstrap.com/sanu/default/assets/fonts/remixicon972e.ttf]
[templates.hibootstrap.com/sanu/default/assets/fonts/remixicon972e.eot]
[templates.hibootstrap.com/sanu/default/assets/css/remixicon.css]
[templates.hibootstrap.com/sanu/default/assets/css/odometer.min.css]
[templates.hibootstrap.com/sanu/default/assets/css/aos.css]
[templates.hibootstrap.com/sanu/default/assets/images/banner/banner-img1.jpg]
[templates.hibootstrap.com/sanu/default/assets/images/banner/banner-img2.jpg]
[templates.hibootstrap.com/sanu/default/assets/images/banner/banner-img3.jpg]
[templates.hibootstrap.com/sanu/default/assets/images/banner/banner-img4.jpg]
[templates.hibootstrap.com/sanu/default/assets/images/banner/banner-img5.jpg]
[templates.hibootstrap.com/sanu/default/assets/images/banner/banner-img6.jpg]
[templates.hibootstrap.com/sanu/default/assets/images/banner/banner-img7.jpg]
[templates.hibootstrap.com/sanu/default/assets/images/banner/banner-img8.jpg]
[templates.hibootstrap.com/sanu/default/assets/fonts/remixicon972e.svg]
[templates.hibootstrap.com/sanu/default/assets/images/academics/academic-1.jpg]
[templates.hibootstrap.com/sanu/default/assets/images/academics/academic-2.jpg]
[templates.hibootstrap.com/sanu/default/assets/images/academics/academic-3.jpg]
[templates.hibootstrap.com/sanu/default/assets/images/academics/academic-4.jpg]
[templates.hibootstrap.com/sanu/default/assets/images/academics/academic-5.jpg]
[templates.hibootstrap.com/sanu/default/assets/images/academics/academic-6.jpg]
[templates.hibootstrap.com/sanu/default/assets/images/academics/academic-7.jpg]
[templates.hibootstrap.com/sanu/default/assets/images/admission/admission-3.jpg]
[templates.hibootstrap.com/sanu/default/assets/images/subscribe-img.jpg]
[templates.hibootstrap.com/sanu/default/assets/images/news/news-5.jpg]
[templates.hibootstrap.com/sanu/default/assets/images/page-banner/page-bnner-1.jpg]
[templates.hibootstrap.com/sanu/default/assets/images/page-banner/page-bnner-2.jpg]
[templates.hibootstrap.com/sanu/default/assets/images/alumni/alumni-7.jpg]
[templates.hibootstrap.com/sanu/default/assets/css/style.css]
[templates.hibootstrap.com/sanu/default/assets/images/night.png]
[templates.hibootstrap.com/sanu/default/assets/images/sunny.png]
[templates.hibootstrap.com/sanu/default/assets/css/dark.css]
[templates.hibootstrap.com/sanu/default/assets/css/responsive.css]
[templates.hibootstrap.com/sanu/default/graduate-admission.html]
[templates.hibootstrap.com/sanu/default/assets/images/campus-life/campus-life-4.jpg]
[templates.hibootstrap.com/sanu/default/assets/images/campus-life/campus-life-5.jpg]
[templates.hibootstrap.com/sanu/default/assets/images/campus-life/campus-life-6.jpg]
[templates.hibootstrap.com/sanu/default/assets/images/stundent-life/student-life-1.jpg]
[templates.hibootstrap.com/sanu/default/assets/images/stundent-life/student-life-2.jpg]
[templates.hibootstrap.com/sanu/default/assets/images/stundent-life/student-life-3.jpg]
[templates.hibootstrap.com/sanu/default/campus-life.html]
[templates.hibootstrap.com/sanu/default/admission.html]
[templates.hibootstrap.com/sanu/default/academics.html]
[templates.hibootstrap.com/sanu/default/assets/images/alumni/alumni-1.jpg]
[templates.hibootstrap.com/sanu/default/assets/images/alumni/alumni-2.jpg]
[templates.hibootstrap.com/sanu/default/assets/images/alumni/alumni-3.jpg]
[templates.hibootstrap.com/sanu/default/assets/images/alumni/alumni-4.jpg]
[templates.hibootstrap.com/sanu/default/assets/images/alumni/alumni-5.jpg]
[templates.hibootstrap.com/sanu/default/assets/images/alumni/alumni-6.jpg]
[templates.hibootstrap.com/sanu/default/alumni.html]
[templates.hibootstrap.com/sanu/default/assets/images/admission/admission-2.jpg]
[templates.hibootstrap.com/sanu/default/assets/images/health-care/health-care-4.jpg]
[templates.hibootstrap.com/sanu/default/assets/images/podcasts/podcasts-4.jpg]
[templates.hibootstrap.com/sanu/default/assets/images/podcasts/podcasts-5.jpg]
[templates.hibootstrap.com/sanu/default/assets/images/podcasts/podcasts-6.jpg]
[templates.hibootstrap.com/sanu/default/assets/images/podcasts/podcasts-7.jpg]
[templates.hibootstrap.com/sanu/default/index-2.html]
[templates.hibootstrap.com/sanu/default/assets/images/campus-information/campus-2.jpg]
[templates.hibootstrap.com/sanu/default/assets/images/health-care/health-care-5.jpg]
[templates.hibootstrap.com/sanu/default/assets/images/health-care/health-care-6.jpg]
[templates.hibootstrap.com/sanu/default/assets/images/health-care/health-care-7.jpg]
[templates.hibootstrap.com/sanu/default/assets/images/news/news-4.jpg]
[templates.hibootstrap.com/sanu/default/index-3.html]
[templates.hibootstrap.com/sanu/default/index-4.html]
[templates.hibootstrap.com/sanu/default/assets/images/the-hague-27994.mp4]
[templates.hibootstrap.com/sanu/default/index-5.html]
[templates.hibootstrap.com/sanu/default/assets/images/academics/academic-8.jpg]
[templates.hibootstrap.com/sanu/default/assets/images/academics/academic-9.jpg]
[templates.hibootstrap.com/sanu/default/academics-details.html]
[templates.hibootstrap.com/sanu/default/assets/images/news/news-6.jpg]
[templates.hibootstrap.com/sanu/default/assets/images/news/news-7.jpg]
[templates.hibootstrap.com/sanu/default/latest-news.html]
[templates.hibootstrap.com/sanu/default/assets/images/courses/review-1.png]
[templates.hibootstrap.com/sanu/default/assets/images/courses/review-2.png]
[templates.hibootstrap.com/sanu/default/news-details.html]
[templates.hibootstrap.com/sanu/default/assets/images/faq-img.jpg]
[templates.hibootstrap.com/sanu/default/faq.html]
[templates.hibootstrap.com/sanu/default/login.html]
[templates.hibootstrap.com/sanu/default/register.html]
[templates.hibootstrap.com/sanu/default/recover-password.html]
[templates.hibootstrap.com/sanu/default/privacy-policy.html]
[templates.hibootstrap.com/sanu/default/terms-conditions.html]
[templates.hibootstrap.com/sanu/default/coming-soon.html]
[templates.hibootstrap.com/sanu/default/404.html]
[templates.hibootstrap.com/sanu/default/courses.html]
[templates.hibootstrap.com/sanu/default/assets/images/courses/courses-4.jpg]
[templates.hibootstrap.com/sanu/default/assets/images/courses/instructor.jpg]
[templates.hibootstrap.com/sanu/default/courses-details.html]
[templates.hibootstrap.com/sanu/default/assets/images/health-care/health-care-8.jpg]
[templates.hibootstrap.com/sanu/default/assets/images/health-care/health-care-9.jpg]
[templates.hibootstrap.com/sanu/default/assets/images/health-care/health-care-10.jpg]
[templates.hibootstrap.com/sanu/default/health-care.html]
[templates.hibootstrap.com/sanu/default/assets/images/health-care/health-care-11.jpg]
[templates.hibootstrap.com/sanu/default/health-care-details.html]
[templates.hibootstrap.com/sanu/default/assets/images/events/events-4.jpg]
[templates.hibootstrap.com/sanu/default/assets/images/events/events-5.jpg]
[templates.hibootstrap.com/sanu/default/assets/images/events/events-6.jpg]
[templates.hibootstrap.com/sanu/default/events.html]
[templates.hibootstrap.com/sanu/default/assets/images/events/events-7.jpg]
[templates.hibootstrap.com/sanu/default/assets/images/events/events-8.jpg]
[templates.hibootstrap.com/sanu/default/events-details.html]
[templates.hibootstrap.com/sanu/default/contact-us.html]
[templates.hibootstrap.com/sanu/default/contact.html]
[templates.hibootstrap.com/sanu/default/assets/css/owl.video.play.html]
[templates.hibootstrap.com/sanu/default/assets/fonts/flaticond976.svg]
[templates.hibootstrap.com/sanu/default/assets/fonts/remixicon972e.svg]
