[shivaaythemes.in/morbizz-demo/index.html]
[backblue.gif]
[fade.gif]
[index.html]
[shivaaythemes.in/morbizz-demo/assets/images/favicon1.png]
[shivaaythemes.in/morbizz-demo/assets/css/bootstrap.min.css]
[shivaaythemes.in/morbizz-demo/assets/css/font-awesome.min.css]
[shivaaythemes.in/morbizz-demo/assets/css/slick.css]
[shivaaythemes.in/morbizz-demo/assets/css/slick-theme.css]
[shivaaythemes.in/morbizz-demo/assets/css/animate.min.css]
[shivaaythemes.in/morbizz-demo/assets/css/magnific-popup.min.css]
[shivaaythemes.in/morbizz-demo/assets/css/style.css]
[shivaaythemes.in/morbizz-demo/index-2.html]
[shivaaythemes.in/morbizz-demo/assets/images/logo_white.png]
[shivaaythemes.in/morbizz-demo/index-02.html]
[shivaaythemes.in/morbizz-demo/about-us.html]
[shivaaythemes.in/morbizz-demo/about-us-02.html]
[shivaaythemes.in/morbizz-demo/services.html]
[shivaaythemes.in/morbizz-demo/services-02.html]
[shivaaythemes.in/morbizz-demo/service-detail.html]
[shivaaythemes.in/morbizz-demo/service-detail-02.html]
[shivaaythemes.in/morbizz-demo/portfolio.html]
[shivaaythemes.in/morbizz-demo/portfolio-02.html]
[shivaaythemes.in/morbizz-demo/portfolio-detail.html]
[shivaaythemes.in/morbizz-demo/portfolio-detail-02.html]
[shivaaythemes.in/morbizz-demo/team.html]
[shivaaythemes.in/morbizz-demo/team-02.html]
[shivaaythemes.in/morbizz-demo/team-detail.html]
[shivaaythemes.in/morbizz-demo/team-detail-02.html]
[shivaaythemes.in/morbizz-demo/pricing.html]
[shivaaythemes.in/morbizz-demo/pricing-02.html]
[shivaaythemes.in/morbizz-demo/faq.html]
[shivaaythemes.in/morbizz-demo/faq-02.html]
[shivaaythemes.in/morbizz-demo/404-error.html]
[shivaaythemes.in/morbizz-demo/404-error-02.html]
[shivaaythemes.in/morbizz-demo/blog-grid.html]
[shivaaythemes.in/morbizz-demo/blog-list-02.html]
[shivaaythemes.in/morbizz-demo/blog-detail.html]
[shivaaythemes.in/morbizz-demo/blog-detail-02.html]
[shivaaythemes.in/morbizz-demo/contact-us.html]
[shivaaythemes.in/morbizz-demo/contact-us-02.html]
[shivaaythemes.in/morbizz-demo/assets/images/Blur_1.png]
[shivaaythemes.in/morbizz-demo/assets/images/Blur_2.png]
[shivaaythemes.in/morbizz-demo/assets/images/banner-one-shap4.png]
[shivaaythemes.in/morbizz-demo/assets/images/banner-mob-one.jpg]
[shivaaythemes.in/morbizz-demo/assets/images/banner-img1.jpg]
[shivaaythemes.in/morbizz-demo/assets/images/banner-img2.jpg]
[shivaaythemes.in/morbizz-demo/assets/images/banner-img3.jpg]
[shivaaythemes.in/morbizz-demo/assets/images/banner-video.jpg]
[shivaaythemes.in/morbizz-demo/assets/images/brand1.png]
[shivaaythemes.in/morbizz-demo/assets/images/brand2.png]
[shivaaythemes.in/morbizz-demo/assets/images/brand3.png]
[shivaaythemes.in/morbizz-demo/assets/images/brand4.png]
[shivaaythemes.in/morbizz-demo/assets/images/brand5.png]
[shivaaythemes.in/morbizz-demo/assets/images/brand6.png]
[shivaaythemes.in/morbizz-demo/assets/images/about-shape-one.png]
[shivaaythemes.in/morbizz-demo/assets/images/about-img-one1.png]
[shivaaythemes.in/morbizz-demo/assets/images/about-text-img-one.png]
[shivaaythemes.in/morbizz-demo/assets/images/check.png]
[shivaaythemes.in/morbizz-demo/assets/images/google.png]
[shivaaythemes.in/morbizz-demo/assets/images/service-shape-one.png]
[shivaaythemes.in/morbizz-demo/assets/images/blur_3.png]
[shivaaythemes.in/morbizz-demo/assets/images/service-icon1-one.png]
[shivaaythemes.in/morbizz-demo/assets/images/service-icon1w-one.png]
[shivaaythemes.in/morbizz-demo/assets/images/service-icon2-one.png]
[shivaaythemes.in/morbizz-demo/assets/images/service-icon2w-one.png]
[shivaaythemes.in/morbizz-demo/assets/images/service-icon3-one.png]
[shivaaythemes.in/morbizz-demo/assets/images/service-icon3w-one.png]
[shivaaythemes.in/morbizz-demo/assets/images/service-icon4-one.png]
[shivaaythemes.in/morbizz-demo/assets/images/service-icon4w-one.png]
[shivaaythemes.in/morbizz-demo/assets/images/portfolio-shape-one.png]
[shivaaythemes.in/morbizz-demo/assets/images/portfolio1-one.jpg]
[shivaaythemes.in/morbizz-demo/assets/images/portfolio1-mob-one.jpg]
[shivaaythemes.in/morbizz-demo/assets/images/portfolio2-one.jpg]
[shivaaythemes.in/morbizz-demo/assets/images/portfolio3-one.jpg]
[shivaaythemes.in/morbizz-demo/assets/images/portfolio4-one.jpg]
[shivaaythemes.in/morbizz-demo/assets/images/portfolio5-one.jpg]
[shivaaythemes.in/morbizz-demo/assets/images/portfolio6-one.jpg]
[shivaaythemes.in/morbizz-demo/assets/images/portfolio6-mob-one.jpg]
[shivaaythemes.in/morbizz-demo/assets/images/blur_4.png]
[shivaaythemes.in/morbizz-demo/assets/images/newsletter-icon.png]
[shivaaythemes.in/morbizz-demo/assets/images/pricing-shape-one.png]
[shivaaythemes.in/morbizz-demo/assets/images/blur_5.png]
[shivaaythemes.in/morbizz-demo/assets/images/check-color.png]
[shivaaythemes.in/morbizz-demo/assets/images/member1-one.jpg]
[shivaaythemes.in/morbizz-demo/assets/images/member2-one.jpg]
[shivaaythemes.in/morbizz-demo/assets/images/member3-one.jpg]
[shivaaythemes.in/morbizz-demo/assets/images/member4-one.jpg]
[shivaaythemes.in/morbizz-demo/assets/images/member5-one.jpg]
[shivaaythemes.in/morbizz-demo/assets/images/testimonial-shape-one.png]
[shivaaythemes.in/morbizz-demo/assets/images/quote-one.png]
[shivaaythemes.in/morbizz-demo/assets/images/client1-one.jpg]
[shivaaythemes.in/morbizz-demo/assets/images/client2-one.jpg]
[shivaaythemes.in/morbizz-demo/assets/images/client3-one.jpg]
[shivaaythemes.in/morbizz-demo/assets/images/blur_6.png]
[shivaaythemes.in/morbizz-demo/assets/images/blog1-one.jpg]
[shivaaythemes.in/morbizz-demo/assets/images/blog2-one.jpg]
[shivaaythemes.in/morbizz-demo/assets/images/blog3-one.jpg]
[shivaaythemes.in/morbizz-demo/assets/images/get-touch-shape-one.png]
[shivaaythemes.in/morbizz-demo/assets/images/blur_7.png]
[shivaaythemes.in/morbizz-demo/assets/js/jquery.min.js]
[shivaaythemes.in/morbizz-demo/assets/js/bootstrap.min.js]
[shivaaythemes.in/morbizz-demo/assets/js/popper.min.js]
[shivaaythemes.in/morbizz-demo/assets/js/custom.js]
[shivaaythemes.in/morbizz-demo/assets/js/slick.min.js]
[shivaaythemes.in/morbizz-demo/assets/js/wow.min.js]
[shivaaythemes.in/morbizz-demo/assets/js/magnific-popup.js]
[shivaaythemes.in/morbizz-demo/assets/js/custom-magnific-popup.js]
[shivaaythemes.in/morbizz-demo/assets/js/typed.min.js]
[shivaaythemes.in/morbizz-demo/assets/js/custom-typed.js]
[shivaaythemes.in/morbizz-demo/assets/js/bg-moving.js]
[shivaaythemes.in/morbizz-demo/assets/js/custom-scroll-count.js]
[shivaaythemes.in/morbizz-demo/assets/js/back-to-top.js]
[shivaaythemes.in/morbizz-demo/index.html]
[shivaaythemes.in/morbizz-demo/assets/css/bootstrap.min.css]
[shivaaythemes.in/morbizz-demo/assets/fonts/fontawesome-webfont3e6e.eot]
[shivaaythemes.in/morbizz-demo/assets/fonts/fontawesome-webfontd41d.eot]
[shivaaythemes.in/morbizz-demo/assets/fonts/fontawesome-webfont3e6e.woff2]
[shivaaythemes.in/morbizz-demo/assets/fonts/fontawesome-webfont3e6e.woff]
[shivaaythemes.in/morbizz-demo/assets/fonts/fontawesome-webfont3e6e.ttf]
[shivaaythemes.in/morbizz-demo/assets/css/font-awesome.min.css]
[shivaaythemes.in/morbizz-demo/assets/css/slick.css]
[shivaaythemes.in/morbizz-demo/assets/fonts/fontawesome-webfont3e6e.svg]
[shivaaythemes.in/morbizz-demo/assets/images/ajax-loader.gif]
[shivaaythemes.in/morbizz-demo/assets/css/fonts/slick.eot]
[shivaaythemes.in/morbizz-demo/assets/css/fonts/slickd41d.eot]
[shivaaythemes.in/morbizz-demo/assets/css/fonts/slick.woff]
[shivaaythemes.in/morbizz-demo/assets/css/fonts/slick.ttf]
[shivaaythemes.in/morbizz-demo/assets/css/fonts/slick.svg]
[shivaaythemes.in/morbizz-demo/assets/css/slick-theme.css]
[shivaaythemes.in/morbizz-demo/assets/css/animate.min.css]
[shivaaythemes.in/morbizz-demo/assets/css/magnific-popup.min.css]
[shivaaythemes.in/morbizz-demo/assets/fonts/fontawesome-webfonte0a5.eot]
[shivaaythemes.in/morbizz-demo/assets/fonts/fontawesome-webfonte0a5.woff2]
[shivaaythemes.in/morbizz-demo/assets/fonts/fontawesome-webfonte0a5.woff]
[shivaaythemes.in/morbizz-demo/assets/fonts/fontawesome-webfonte0a5.ttf]
[shivaaythemes.in/morbizz-demo/assets/fonts/fontawesome-webfonte0a5.svg]
[shivaaythemes.in/morbizz-demo/assets/images/service-icon-bg-one.png]
[shivaaythemes.in/morbizz-demo/assets/css/style.css]
[shivaaythemes.in/morbizz-demo/index-2.html]
[shivaaythemes.in/morbizz-demo/assets/images/favicon2.png]
[shivaaythemes.in/morbizz-demo/assets/images/logo_white-two.png]
[shivaaythemes.in/morbizz-demo/assets/images/logo_stickey-two.png]
[shivaaythemes.in/morbizz-demo/assets/images/overlay-two.png]
[shivaaythemes.in/morbizz-demo/assets/images/banner-bgoverlay-two.png]
[shivaaythemes.in/morbizz-demo/assets/images/banner-line1-two.png]
[shivaaythemes.in/morbizz-demo/assets/images/banner-line2-two.png]
[shivaaythemes.in/morbizz-demo/assets/images/banner-shape1-two.png]
[shivaaythemes.in/morbizz-demo/assets/images/banner-shape2-two.png]
[shivaaythemes.in/morbizz-demo/assets/images/banner-img-part1-two.png]
[shivaaythemes.in/morbizz-demo/assets/images/banner-img-part2-two.png]
[shivaaythemes.in/morbizz-demo/assets/images/shape1-two.png]
[shivaaythemes.in/morbizz-demo/assets/images/shape2-two.png]
[shivaaythemes.in/morbizz-demo/assets/images/about-img-part1-two.png]
[shivaaythemes.in/morbizz-demo/assets/images/about-img-part2-two.png]
[shivaaythemes.in/morbizz-demo/assets/images/counter-bgover-two.png]
[shivaaythemes.in/morbizz-demo/assets/images/shape-3-two.png]
[shivaaythemes.in/morbizz-demo/assets/images/shape-4-two.png]
[shivaaythemes.in/morbizz-demo/assets/images/service-icon1-two.png]
[shivaaythemes.in/morbizz-demo/assets/images/service-icon2-two.png]
[shivaaythemes.in/morbizz-demo/assets/images/service-icon3-two.png]
[shivaaythemes.in/morbizz-demo/assets/images/service-img-part1-two.png]
[shivaaythemes.in/morbizz-demo/assets/images/service-img-part2-two.png]
[shivaaythemes.in/morbizz-demo/assets/images/service-icon4-two.png]
[shivaaythemes.in/morbizz-demo/assets/images/service-icon5-two.png]
[shivaaythemes.in/morbizz-demo/assets/images/service-icon6-two.png]
[shivaaythemes.in/morbizz-demo/assets/images/portfolio-img1-two.jpg]
[shivaaythemes.in/morbizz-demo/assets/images/portfolio-img2-two.jpg]
[shivaaythemes.in/morbizz-demo/assets/images/portfolio-img3-two.jpg]
[shivaaythemes.in/morbizz-demo/assets/images/portfolio-img4-two.jpg]
[shivaaythemes.in/morbizz-demo/assets/images/shape-5-two.png]
[shivaaythemes.in/morbizz-demo/assets/images/check-green.png]
[shivaaythemes.in/morbizz-demo/assets/images/testimonial-shape-two.png]
[shivaaythemes.in/morbizz-demo/assets/images/testimonial-bg-two.png]
[shivaaythemes.in/morbizz-demo/assets/images/client1-two.jpg]
[shivaaythemes.in/morbizz-demo/assets/images/client2-two.jpg]
[shivaaythemes.in/morbizz-demo/assets/images/shape-6-two.png]
[shivaaythemes.in/morbizz-demo/assets/images/member1-two.jpg]
[shivaaythemes.in/morbizz-demo/assets/images/member2-two.jpg]
[shivaaythemes.in/morbizz-demo/assets/images/member3-two.jpg]
[shivaaythemes.in/morbizz-demo/assets/images/member4-two.jpg]
[shivaaythemes.in/morbizz-demo/assets/images/member5-two.jpg]
[shivaaythemes.in/morbizz-demo/assets/images/shape-7-two.png]
[shivaaythemes.in/morbizz-demo/assets/images/get-touch-shape-two.png]
[shivaaythemes.in/morbizz-demo/assets/images/blog1-two.jpg]
[shivaaythemes.in/morbizz-demo/assets/images/blog2-two.jpg]
[shivaaythemes.in/morbizz-demo/assets/images/blog3-two.jpg]
[shivaaythemes.in/morbizz-demo/assets/images/footer-overlay-two.png]
[shivaaythemes.in/morbizz-demo/index-02.html]
[shivaaythemes.in/morbizz-demo/assets/images/banner-inner-shape-one.png]
[shivaaythemes.in/morbizz-demo/assets/images/history-shape-one.png]
[shivaaythemes.in/morbizz-demo/assets/images/steps-shape-one.png]
[shivaaythemes.in/morbizz-demo/assets/images/step1-one.png]
[shivaaythemes.in/morbizz-demo/assets/images/step2-one.png]
[shivaaythemes.in/morbizz-demo/assets/images/step3-one.png]
[shivaaythemes.in/morbizz-demo/about-us.html]
[shivaaythemes.in/morbizz-demo/assets/images/features-icon1-two.png]
[shivaaythemes.in/morbizz-demo/assets/images/features-icon2-two.png]
[shivaaythemes.in/morbizz-demo/assets/images/features-icon3-two.png]
[shivaaythemes.in/morbizz-demo/assets/images/feature-img-part1-one.png]
[shivaaythemes.in/morbizz-demo/assets/images/feature-img-part2-one.png]
[shivaaythemes.in/morbizz-demo/about-us-02.html]
[shivaaythemes.in/morbizz-demo/assets/images/service-icon5-one.png]
[shivaaythemes.in/morbizz-demo/assets/images/service-icon5w-one.png]
[shivaaythemes.in/morbizz-demo/assets/images/service-icon6-one.png]
[shivaaythemes.in/morbizz-demo/assets/images/service-icon6w-one.png]
[shivaaythemes.in/morbizz-demo/assets/images/service-icon7-one.png]
[shivaaythemes.in/morbizz-demo/assets/images/service-icon7w-one.png]
[shivaaythemes.in/morbizz-demo/assets/images/service-icon8-one.png]
[shivaaythemes.in/morbizz-demo/assets/images/service-icon8w-one.png]
[shivaaythemes.in/morbizz-demo/assets/images/skill-shape-one.png]
[shivaaythemes.in/morbizz-demo/assets/images/skill-img-one.png]
[shivaaythemes.in/morbizz-demo/assets/js/custom-progress-bar.js]
[shivaaythemes.in/morbizz-demo/services.html]
[shivaaythemes.in/morbizz-demo/assets/images/stragy-icon1-one.png]
[shivaaythemes.in/morbizz-demo/assets/images/stragy-icon2-one.png]
[shivaaythemes.in/morbizz-demo/assets/images/stragy-icon3-one.png]
[shivaaythemes.in/morbizz-demo/services-02.html]
[shivaaythemes.in/morbizz-demo/assets/images/service-detail-shape1-one.png]
[shivaaythemes.in/morbizz-demo/assets/images/service-detail-shape2-one.png]
[shivaaythemes.in/morbizz-demo/assets/images/blur_8.png]
[shivaaythemes.in/morbizz-demo/assets/images/call_service-one.png]
[shivaaythemes.in/morbizz-demo/assets/images/service-detail-img-one.jpg]
[shivaaythemes.in/morbizz-demo/assets/images/service-detail-icon-one.png]
[shivaaythemes.in/morbizz-demo/assets/images/service-detail-img2-one.jpg]
[shivaaythemes.in/morbizz-demo/assets/images/service-detail-img3-one.jpg]
[shivaaythemes.in/morbizz-demo/assets/images/log-arrow-left.png]
[shivaaythemes.in/morbizz-demo/assets/images/log-arrow-left-c.png]
[shivaaythemes.in/morbizz-demo/assets/images/log-arrow-right.png]
[shivaaythemes.in/morbizz-demo/assets/images/log-arrow-right-c.png]
[shivaaythemes.in/morbizz-demo/service-detail.html]
[shivaaythemes.in/morbizz-demo/assets/images/shape2-Two-2.png]
[shivaaythemes.in/morbizz-demo/assets/images/service-detail-img1-two.jpg]
[shivaaythemes.in/morbizz-demo/assets/images/check-2.png]
[shivaaythemes.in/morbizz-demo/service-detail-02.html]
[shivaaythemes.in/morbizz-demo/assets/images/portfolio7-one.jpg]
[shivaaythemes.in/morbizz-demo/assets/images/portfolio7-mob-one.jpg]
[shivaaythemes.in/morbizz-demo/assets/images/portfolio8-one.jpg]
[shivaaythemes.in/morbizz-demo/assets/images/portfolio9-one.jpg]
[shivaaythemes.in/morbizz-demo/portfolio.html]
[shivaaythemes.in/morbizz-demo/assets/images/portfolio-img5-two.jpg]
[shivaaythemes.in/morbizz-demo/assets/images/portfolio-img6-two.jpg]
[shivaaythemes.in/morbizz-demo/assets/js/jquery.mixitup.min.js]
[shivaaythemes.in/morbizz-demo/assets/js/custom-portfolio-filter.js]
[shivaaythemes.in/morbizz-demo/portfolio-02.html]
[shivaaythemes.in/morbizz-demo/assets/images/portfolio-detail-shape1-one.png]
[shivaaythemes.in/morbizz-demo/assets/images/portfolio-detail-shape2-one.png]
[shivaaythemes.in/morbizz-demo/assets/images/portfolio-detail-img1-one.jpg]
[shivaaythemes.in/morbizz-demo/assets/images/blur_9.png]
[shivaaythemes.in/morbizz-demo/assets/images/portfolio-detail-img2-one.jpg]
[shivaaythemes.in/morbizz-demo/assets/images/portfolio-detail-img3-one.jpg]
[shivaaythemes.in/morbizz-demo/assets/images/portfolio-detail-service-icon1-one.png]
[shivaaythemes.in/morbizz-demo/assets/images/portfolio-detail-service-icon2-one.png]
[shivaaythemes.in/morbizz-demo/assets/images/portfolio-detail-service-icon3-one.png]
[shivaaythemes.in/morbizz-demo/portfolio-detail.html]
[shivaaythemes.in/morbizz-demo/assets/images/Placeholder-PDF.pdf]
[shivaaythemes.in/morbizz-demo/Placeholder-PDF.pdf]
[shivaaythemes.in/morbizz-demo/assets/images/pdf-icon-two.png]
[shivaaythemes.in/morbizz-demo/assets/images/portfolio-detail-img1-two.jpg]
[shivaaythemes.in/morbizz-demo/assets/images/portfolio-detail-img2-two.jpg]
[shivaaythemes.in/morbizz-demo/portfolio-detail-02.html]
[shivaaythemes.in/morbizz-demo/assets/images/member6-one.jpg]
[shivaaythemes.in/morbizz-demo/assets/images/member7-one.jpg]
[shivaaythemes.in/morbizz-demo/assets/images/member8-one.jpg]
[shivaaythemes.in/morbizz-demo/team.html]
[shivaaythemes.in/morbizz-demo/assets/images/who-we-are-img-part1-two.png]
[shivaaythemes.in/morbizz-demo/assets/images/who-we-are-img-part2-two.png]
[shivaaythemes.in/morbizz-demo/assets/images/member6-two.jpg]
[shivaaythemes.in/morbizz-demo/assets/images/member7-two.jpg]
[shivaaythemes.in/morbizz-demo/assets/images/member8-two.jpg]
[shivaaythemes.in/morbizz-demo/team-02.html]
[shivaaythemes.in/morbizz-demo/assets/images/team-detail-shape1-one.png]
[shivaaythemes.in/morbizz-demo/assets/images/team-detail-member-img-one.jpg]
[shivaaythemes.in/morbizz-demo/assets/images/team-detail-shape2-one.png]
[shivaaythemes.in/morbizz-demo/assets/images/my-work-img1-one.jpg]
[shivaaythemes.in/morbizz-demo/assets/images/my-work-img2-one.jpg]
[shivaaythemes.in/morbizz-demo/assets/images/my-work-img3-one.jpg]
[shivaaythemes.in/morbizz-demo/assets/images/my-work-img4-one.jpg]
[shivaaythemes.in/morbizz-demo/team-detail.html]
[shivaaythemes.in/morbizz-demo/assets/images/team-detail-member-img-two.jpg]
[shivaaythemes.in/morbizz-demo/team-detail-02.html]
[shivaaythemes.in/morbizz-demo/pricing.html]
[shivaaythemes.in/morbizz-demo/pricing-02.html]
[shivaaythemes.in/morbizz-demo/assets/images/faq-shap1-one.png]
[shivaaythemes.in/morbizz-demo/assets/images/faq-shape2-one.png]
[shivaaythemes.in/morbizz-demo/assets/images/blur_10.png]
[shivaaythemes.in/morbizz-demo/faq.html]
[shivaaythemes.in/morbizz-demo/assets/images/support-center-icon1-two.png]
[shivaaythemes.in/morbizz-demo/assets/images/support-center-icon2-two.png]
[shivaaythemes.in/morbizz-demo/assets/images/support-center-icon3-two.png]
[shivaaythemes.in/morbizz-demo/assets/images/support-center-icon4-two.png]
[shivaaythemes.in/morbizz-demo/assets/images/shape1-Two-2.png]
[shivaaythemes.in/morbizz-demo/faq-02.html]
[shivaaythemes.in/morbizz-demo/assets/images/404-error-shape1-one.png]
[shivaaythemes.in/morbizz-demo/assets/images/404-error-shape2-one.png]
[shivaaythemes.in/morbizz-demo/assets/images/404-error-part1-one.png]
[shivaaythemes.in/morbizz-demo/assets/images/404-error-part2-one.png]
[shivaaythemes.in/morbizz-demo/404-error.html]
[shivaaythemes.in/morbizz-demo/assets/images/404-error-part1-two.png]
[shivaaythemes.in/morbizz-demo/assets/images/404-error-part2-two.png]
[shivaaythemes.in/morbizz-demo/404-error-02.html]
[shivaaythemes.in/morbizz-demo/assets/images/blog-grid-shape1-one.png]
[shivaaythemes.in/morbizz-demo/assets/images/blog-grid-shape2-one.png]
[shivaaythemes.in/morbizz-demo/assets/images/blog4-one.jpg]
[shivaaythemes.in/morbizz-demo/assets/images/blog5-one.jpg]
[shivaaythemes.in/morbizz-demo/assets/images/blog6-one.jpg]
[shivaaythemes.in/morbizz-demo/assets/images/blog7-one.jpg]
[shivaaythemes.in/morbizz-demo/assets/images/blog8-one.jpg]
[shivaaythemes.in/morbizz-demo/assets/images/blog9-one.jpg]
[shivaaythemes.in/morbizz-demo/assets/images/blog10-one.jpg]
[shivaaythemes.in/morbizz-demo/assets/images/blog11-one.jpg]
[shivaaythemes.in/morbizz-demo/assets/images/blog12-one.jpg]
[shivaaythemes.in/morbizz-demo/blog-grid.html]
[shivaaythemes.in/morbizz-demo/assets/images/blog-list-img1-two.jpg]
[shivaaythemes.in/morbizz-demo/assets/images/blog-list-img2-two.jpg]
[shivaaythemes.in/morbizz-demo/assets/images/blog-list-img3-two.jpg]
[shivaaythemes.in/morbizz-demo/assets/images/blog-list-img4-two.jpg]
[shivaaythemes.in/morbizz-demo/assets/images/blog-about-me-img-two.jpg]
[shivaaythemes.in/morbizz-demo/assets/images/plus.png]
[shivaaythemes.in/morbizz-demo/assets/images/blog-recent-post-img1-two.jpg]
[shivaaythemes.in/morbizz-demo/assets/images/blog-recent-post-img2-two.jpg]
[shivaaythemes.in/morbizz-demo/assets/images/blog-recent-post-img3-two.jpg]
[shivaaythemes.in/morbizz-demo/assets/images/blog-recent-post-img4-two.jpg]
[shivaaythemes.in/morbizz-demo/blog-list-02.html]
[shivaaythemes.in/morbizz-demo/assets/images/blog-detail-img1-one.jpg]
[shivaaythemes.in/morbizz-demo/assets/images/blog-detail-img2-one.jpg]
[shivaaythemes.in/morbizz-demo/assets/images/blog-detail-img3-one.jpg]
[shivaaythemes.in/morbizz-demo/assets/images/blog-detail-img4-one.jpg]
[shivaaythemes.in/morbizz-demo/assets/images/quote-white.png]
[shivaaythemes.in/morbizz-demo/assets/images/blog-about-me-img-one.jpg]
[shivaaythemes.in/morbizz-demo/assets/images/blog-detail-comment-img1-one.jpg]
[shivaaythemes.in/morbizz-demo/assets/images/blog-detail-comment-img2-one.jpg]
[shivaaythemes.in/morbizz-demo/assets/images/blog-recent-post-img1-one.jpg]
[shivaaythemes.in/morbizz-demo/assets/images/blog-recent-post-img2-one.jpg]
[shivaaythemes.in/morbizz-demo/assets/images/blog-recent-post-img3-one.jpg]
[shivaaythemes.in/morbizz-demo/assets/images/blog-recent-post-img4-one.jpg]
[shivaaythemes.in/morbizz-demo/assets/images/blog-gallery-img1-up-one.jpg]
[shivaaythemes.in/morbizz-demo/assets/images/blog-gallery-img1-one.jpg]
[shivaaythemes.in/morbizz-demo/assets/images/blog-gallery-img2-up-one.jpg]
[shivaaythemes.in/morbizz-demo/assets/images/blog-gallery-img2-one.jpg]
[shivaaythemes.in/morbizz-demo/assets/images/blog-gallery-img3-up-one.jpg]
[shivaaythemes.in/morbizz-demo/assets/images/blog-gallery-img3-one.jpg]
[shivaaythemes.in/morbizz-demo/assets/images/blog-gallery-img4-up-one.jpg]
[shivaaythemes.in/morbizz-demo/assets/images/blog-gallery-img4-one.jpg]
[shivaaythemes.in/morbizz-demo/assets/images/blog-gallery-img5-up-one.jpg]
[shivaaythemes.in/morbizz-demo/assets/images/blog-gallery-img5-one.jpg]
[shivaaythemes.in/morbizz-demo/assets/images/blog-gallery-img6-up-one.jpg]
[shivaaythemes.in/morbizz-demo/assets/images/blog-gallery-img6-one.jpg]
[shivaaythemes.in/morbizz-demo/assets/images/blog-gallery-img7-up-one.jpg]
[shivaaythemes.in/morbizz-demo/assets/images/blog-gallery-img7-one.jpg]
[shivaaythemes.in/morbizz-demo/assets/images/blog-gallery-img8-up-one.jpg]
[shivaaythemes.in/morbizz-demo/assets/images/blog-gallery-img8-one.jpg]
[shivaaythemes.in/morbizz-demo/assets/images/blog-gallery-img9-up-one.jpg]
[shivaaythemes.in/morbizz-demo/assets/images/blog-gallery-img9-one.jpg]
[shivaaythemes.in/morbizz-demo/assets/js/gallery-lightbox.min.js]
[shivaaythemes.in/morbizz-demo/blog-detail.html]
[shivaaythemes.in/morbizz-demo/assets/images/blog-detail-img1-two.jpg]
[shivaaythemes.in/morbizz-demo/assets/images/blog-detail-comment-img1-two.jpg]
[shivaaythemes.in/morbizz-demo/assets/images/blog-detail-comment-img2-two.jpg]
[shivaaythemes.in/morbizz-demo/blog-detail-02.html]
[shivaaythemes.in/morbizz-demo/assets/images/contact-us-shape-one.png]
[shivaaythemes.in/morbizz-demo/assets/images/contact-email-one.png]
[shivaaythemes.in/morbizz-demo/assets/images/contact-call-one.png]
[shivaaythemes.in/morbizz-demo/assets/images/conatct-location-one.png]
[shivaaythemes.in/morbizz-demo/contact-us.html]
[shivaaythemes.in/morbizz-demo/contact-us-02.html]
[shivaaythemes.in/morbizz-demo/assets/js/jquery.min.js]
[shivaaythemes.in/morbizz-demo/assets/js/bootstrap.min.js]
[shivaaythemes.in/morbizz-demo/assets/js/popper.min.js]
[shivaaythemes.in/morbizz-demo/assets/js/custom.js]
[shivaaythemes.in/morbizz-demo/assets/js/slick.min.js]
[shivaaythemes.in/morbizz-demo/assets/js/wow.min.js]
[shivaaythemes.in/morbizz-demo/assets/js/magnific-popup.js]
[shivaaythemes.in/morbizz-demo/assets/js/custom-magnific-popup.js]
[shivaaythemes.in/morbizz-demo/assets/js/typed.min.js]
[shivaaythemes.in/morbizz-demo/assets/js/custom-typed.js]
[shivaaythemes.in/morbizz-demo/assets/js/bg-moving.js]
[shivaaythemes.in/morbizz-demo/assets/js/custom-scroll-count.js]
[shivaaythemes.in/morbizz-demo/assets/js/back-to-top.js]
[shivaaythemes.in/morbizz-demo/assets/fonts/fontawesome-webfont3e6e.svg]
[shivaaythemes.in/morbizz-demo/assets/css/fonts/slick.html]
[shivaaythemes.in/morbizz-demo/assets/css/fonts/slickd41d.html]
[shivaaythemes.in/morbizz-demo/assets/css/fonts/slick-2.html]
[shivaaythemes.in/morbizz-demo/assets/css/fonts/slick-3.html]
[shivaaythemes.in/morbizz-demo/assets/css/fonts/slick-4.html]
[shivaaythemes.in/morbizz-demo/assets/fonts/fontawesome-webfonte0a5.svg]
[shivaaythemes.in/morbizz-demo/assets/js/custom-progress-bar.js]
[shivaaythemes.in/morbizz-demo/assets/images/shape2-Two.html]
[shivaaythemes.in/morbizz-demo/assets/js/jquery.mixitup.min.js]
[shivaaythemes.in/morbizz-demo/assets/js/custom-portfolio-filter.js]
[shivaaythemes.in/morbizz-demo/Placeholder-PDF.html]
[shivaaythemes.in/morbizz-demo/assets/images/shape1-Two.html]
[shivaaythemes.in/morbizz-demo/e]
[shivaaythemes.in/morbizz-demo/assets/js/gallery-lightbox.min.js]
[shivaaythemes.in/morbizz-demo/e.html]
