[unmeshbd.com/Program.html]
[backblue.gif]
[fade.gif]
[index.html]
[unmeshbd.com/media/Images/Unmesh/favicon2.png]
[unmeshbd.com/Themes/NewUdvashUnmeshTheme/lib/bootstrap/css/bootstrap.min5488.css]
[unmeshbd.com/Themes/NewUdvashUnmeshTheme/lib/bootstrap-icons/bootstrap-icons.css]
[unmeshbd.com/Themes/NewUdvashUnmeshTheme/lib/aos/aos.css]
[unmeshbd.com/Themes/NewUdvashUnmeshTheme/lib/swiper/swiper-bundle.min.css]
[unmeshbd.com/Themes/NewUdvashUnmeshTheme/lib/glightbox/css/glightbox.min.css]
[unmeshbd.com/css/ncc-common.css]
[unmeshbd.com/lib/css-loader/dist/css-loader.css]
[unmeshbd.com/Themes/NewUdvashUnmeshTheme/css/style.css]
[unmeshbd.com/Themes/NewUdvashUnmeshTheme/css/unm_custom56b7.css]
[unmeshbd.com/media/Images/Unmesh/logo.png]
[unmeshbd.com/Branch.html]
[unmeshbd.com/media/Images/UDVASH/Common/callusicon.png]
[unmeshbd.com/UMS.UdvashUnmesh/lib/bootstrap/css/bootstrap.min.css]
[unmeshbd.com/UMS.UdvashUnmesh/lib/bootstrap-icons/bootstrap-icons.css]
[unmeshbd.com/UMS.UdvashUnmesh/lib/aos/aos.css]
[unmeshbd.com/UMS.UdvashUnmesh/lib/swiper/swiper-bundle.min.css]
[unmeshbd.com/UMS.UdvashUnmesh/lib/glightbox/css/glightbox.min.css]
[unmeshbd.com/UMS.UdvashUnmesh/css/uuu_custom.css]
[unmeshbd.com/UMS.UdvashUnmesh/lib/jquery/jquery.min.js]
[unmeshbd.com/UMS.UdvashUnmesh/lib/bootstrap/js/bootstrap.bundle.min.js]
[unmeshbd.com/UMS.UdvashUnmesh/lib/aos/aos.js]
[unmeshbd.com/UMS.UdvashUnmesh/lib/swiper/swiper-bundle.min.js]
[unmeshbd.com/UMS.UdvashUnmesh/lib/purecounter/purecounter.js]
[unmeshbd.com/UMS.UdvashUnmesh/lib/glightbox/js/glightbox.min.js]
[unmeshbd.com/media/Images/Unmesh/Program/2024/ap24/04.png]
[unmeshbd.com/media/Images/Unmesh/Program/2024/2ndTimeMedical24b.png]
[unmeshbd.com/media/Images/Unmesh/Program/2024/KrishiGSPC23.png]
[unmeshbd.com/UMS.UdvashUnmesh/js/udm_custom.js]
[onnorokomprojukti.com/lib/m2-analytics.js]
[unmeshbd.com/media/Images/Unmesh/footer-logo.png]
[unmeshbd.com/about-us.html]
[unmeshbd.com/privacy-policy.html]
[unmeshbd.com/terms-conditions.html]
[unmeshbd.com/cdn-cgi/l/email-protection.html]
[unmeshbd.com/media/Images/Unmesh/facebook.png]
[unmeshbd.com/media/Images/Unmesh/youtube.png]
[unmeshbd.com/media/Images/Unmesh/instagram.png]
[unmeshbd.com/media/Images/Unmesh/linkedIn.png]
[unmeshbd.com/cdn-cgi/scripts/5c5dd728/cloudflare-static/email-decode.min.js]
[connect.facebook.net/en_US/fbevents.js]
[unmeshbd.com/Themes/NewUdvashUnmeshTheme/lib/jquery/jquery.min.js]
[unmeshbd.com/Themes/NewUdvashUnmeshTheme/lib/bootstrap/js/bootstrap.bundle.min.js]
[unmeshbd.com/Themes/NewUdvashUnmeshTheme/lib/aos/aos.js]
[unmeshbd.com/Themes/NewUdvashUnmeshTheme/lib/swiper/swiper-bundle.min.js]
[unmeshbd.com/Themes/NewUdvashUnmeshTheme/lib/purecounter/purecounter.js]
[unmeshbd.com/Themes/NewUdvashUnmeshTheme/lib/glightbox/js/glightbox.min.js]
[unmeshbd.com/Themes/NewUdvashUnmeshTheme/js/main.js]
[unmeshbd.com/Program.html]
[unmeshbd.com/Themes/NewUdvashUnmeshTheme/lib/bootstrap/css/bootstrap.min5488.css]
[unmeshbd.com/Themes/NewUdvashUnmeshTheme/js/custom.js]
[unmeshbd.com/Themes/NewUdvashUnmeshTheme/lib/bootstrap-icons/fonts/bootstrap-iconse36a.woff2]
[unmeshbd.com/Themes/NewUdvashUnmeshTheme/lib/bootstrap-icons/bootstrap-icons.css]
[unmeshbd.com/Themes/NewUdvashUnmeshTheme/lib/aos/aos.css]
[unmeshbd.com/Themes/NewUdvashUnmeshTheme/lib/swiper/swiper-bundle.min.css]
[unmeshbd.com/Themes/NewUdvashUnmeshTheme/lib/glightbox/css/glightbox.min.css]
[unmeshbd.com/Themes/NewUdvashUnmeshTheme/lib/bootstrap-icons/fonts/bootstrap-iconse36a.woff]
[unmeshbd.com/images/circleLoader.gif]
[unmeshbd.com/css/ncc-common.css]
[unmeshbd.com/lib/css-loader/dist/css-loader.css]
[unmeshbd.com/Themes/NewUdvashUnmeshTheme/lib/fonts/Hind_Siliguri-Bold.ttf]
[unmeshbd.com/Themes/NewUdvashUnmeshTheme/lib/fonts/Hind_Siliguri_SemiBold-Regular.ttf]
[unmeshbd.com/Themes/NewUdvashUnmeshTheme/lib/fonts/Hind_Siliguri-Regular_GhOgZt6.ttf]
[unmeshbd.com/Themes/NewUdvashUnmeshTheme/lib/fonts/Lato-Regular.ttf]
[unmeshbd.com/Themes/NewUdvashUnmeshTheme/lib/fonts/Lato-Bold.ttf]
[unmeshbd.com/Themes/NewUdvashUnmeshTheme/lib/fonts/BalooDa2-Regular.ttf]
[unmeshbd.com/Themes/NewUdvashUnmeshTheme/css/style.css]
[unmeshbd.com/Themes/NewUdvashUnmeshTheme/lib/fonts/Lato-Heavy.ttf]
[unmeshbd.com/Themes/NewUdvashUnmeshTheme/lib/fonts/ShobujNoluaUnicode.ttf]
[unmeshbd.com/Themes/NewUdvashUnmeshTheme/img/unmesh/successAfter.png]
[unmeshbd.com/Themes/NewUdvashUnmeshTheme/img/unmesh/counterBefore.png]
[unmeshbd.com/Themes/NewUdvashUnmeshTheme/img/unmesh/testimonialAfter.png]
[unmeshbd.com/Themes/NewUdvashUnmeshTheme/img/unmesh/testimonialBefore.png]
[unmeshbd.com/Themes/NewUdvashUnmeshTheme/img/unmesh/videoBackground.png]
[unmeshbd.com/Themes/NewUdvashUnmeshTheme/img/unmesh/serviceBefore.png]
[unmeshbd.com/Themes/NewUdvashUnmeshTheme/img/unmesh/serviceAfter.png]
[unmeshbd.com/Themes/NewUdvashUnmeshTheme/img/unmesh/haselFreeAfter.png]
[unmeshbd.com/Themes/NewUdvashUnmeshTheme/img/unmesh/haselFreeBefore.png]
[unmeshbd.com/Themes/NewUdvashUnmeshTheme/img/unmesh/easyAfter.png]
[unmeshbd.com/Themes/NewUdvashUnmeshTheme/img/unmesh/easyBefore.png]
[unmeshbd.com/Themes/NewUdvashUnmeshTheme/css/unm_custom56b7.css]
[unmeshbd.com/index.html]
[unmeshbd.com/HomePage.html]
[unmeshbd.com/Branch/Details/20.html]
[unmeshbd.com/media/Images/Udvash/Common/mapicon.png]
[unmeshbd.com/Branch/Details/13.html]
[unmeshbd.com/Branch/Details/18.html]
[unmeshbd.com/Branch/Details/17.html]
[unmeshbd.com/Branch/Details/16.html]
[unmeshbd.com/Branch/Details/1.html]
[unmeshbd.com/Branch/Details/10.html]
[unmeshbd.com/Branch/Details/62.html]
[unmeshbd.com/Branch/Details/15.html]
[unmeshbd.com/Branch/Details/8.html]
[unmeshbd.com/Branch/Details/7.html]
[unmeshbd.com/Branch/Details/12.html]
[unmeshbd.com/Branch/Details/4.html]
[unmeshbd.com/Branch/Details/2.html]
[unmeshbd.com/Branch/Details/66.html]
[unmeshbd.com/Branch/Details/14.html]
[unmeshbd.com/Branch/Details/6.html]
[unmeshbd.com/Branch/Details/3.html]
[unmeshbd.com/Branch/Details/9.html]
[unmeshbd.com/Branch/Details/24.html]
[unmeshbd.com/Branch/Details/19.html]
[unmeshbd.com/Branch/Details/67.html]
[unmeshbd.com/Branch/Details/33.html]
[unmeshbd.com/Branch/Details/55.html]
[unmeshbd.com/Branch/Details/39.html]
[unmeshbd.com/Branch/Details/57.html]
[unmeshbd.com/Branch/Details/58.html]
[unmeshbd.com/Branch/Details/38.html]
[unmeshbd.com/Branch/Details/72.html]
[unmeshbd.com/Branch/Details/74.html]
[unmeshbd.com/Branch/Details/37.html]
[unmeshbd.com/Branch/Details/43.html]
[unmeshbd.com/Branch/Details/60.html]
[unmeshbd.com/Branch/Details/21.html]
[unmeshbd.com/Branch/Details/22.html]
[unmeshbd.com/Branch/Details/29.html]
[unmeshbd.com/Branch/Details/61.html]
[unmeshbd.com/Branch/Details/45.html]
[unmeshbd.com/Branch/Details/44.html]
[unmeshbd.com/Branch/Details/28.html]
[unmeshbd.com/Branch/Details/51.html]
[unmeshbd.com/Branch/Details/48.html]
[unmeshbd.com/Branch/Details/50.html]
[unmeshbd.com/Branch/Details/52.html]
[unmeshbd.com/Branch/Details/36.html]
[unmeshbd.com/Branch/Details/65.html]
[unmeshbd.com/Branch/Details/41.html]
[unmeshbd.com/Branch/Details/59.html]
[unmeshbd.com/Branch/Details/32.html]
[unmeshbd.com/Branch/Details/56.html]
[unmeshbd.com/Branch/Details/23.html]
[unmeshbd.com/Branch/Details/35.html]
[unmeshbd.com/Branch/Details/53.html]
[unmeshbd.com/Branch/Details/77.html]
[unmeshbd.com/Branch/Details/78.html]
[unmeshbd.com/Branch/Details/54.html]
[unmeshbd.com/Branch/Details/31.html]
[unmeshbd.com/Branch/Details/70.html]
[unmeshbd.com/Branch/Details/79.html]
[unmeshbd.com/Branch/Details/80.html]
[unmeshbd.com/Branch/Details/69.html]
[unmeshbd.com/Branch/Details/71.html]
[unmeshbd.com/Branch/Details/75.html]
[unmeshbd.com/Branch/Details/30.html]
[unmeshbd.com/Branch/Details/34.html]
[unmeshbd.com/Branch/Details/47.html]
[unmeshbd.com/Branch/Details/46.html]
[unmeshbd.com/Branch/Details/73.html]
[unmeshbd.com/Branch/Details/76.html]
[unmeshbd.com/Branch/Details/68.html]
[unmeshbd.com/Branch/Details/26.html]
[unmeshbd.com/Branch/Details/42.html]
[unmeshbd.com/Branch/Details/49.html]
[unmeshbd.com/Branch/Details/40.html]
[unmeshbd.com/Branch/Details/25.html]
[unmeshbd.com/Branch/Details/63.html]
[unmeshbd.com/Branch/Details/64.html]
[unmeshbd.com/Branch.html]
[unmeshbd.com/UMS.UdvashUnmesh/lib/bootstrap/css/bootstrap.min.css]
[unmeshbd.com/Branch/Details/27.html]
[unmeshbd.com/UMS.UdvashUnmesh/lib/bootstrap-icons/fonts/bootstrap-iconse36a.woff2]
[unmeshbd.com/UMS.UdvashUnmesh/lib/bootstrap-icons/bootstrap-icons.css]
[unmeshbd.com/UMS.UdvashUnmesh/lib/aos/aos.css]
[unmeshbd.com/UMS.UdvashUnmesh/lib/swiper/swiper-bundle.min.css]
[unmeshbd.com/UMS.UdvashUnmesh/lib/glightbox/css/glightbox.min.css]
[unmeshbd.com/UMS.UdvashUnmesh/lib/bootstrap-icons/fonts/bootstrap-iconse36a.woff]
[unmeshbd.com/UMS.UdvashUnmesh/lib/fonts/Hind_Siliguri-Bold.ttf]
[unmeshbd.com/UMS.UdvashUnmesh/lib/fonts/Hind_Siliguri_SemiBold-Regular.ttf]
[unmeshbd.com/UMS.UdvashUnmesh/lib/fonts/Hind_Siliguri-Regular_GhOgZt6.ttf]
[unmeshbd.com/UMS.UdvashUnmesh/lib/fonts/Lato-Regular.ttf]
[unmeshbd.com/UMS.UdvashUnmesh/lib/fonts/Lato-Bold.ttf]
[unmeshbd.com/UMS.UdvashUnmesh/lib/fonts/BalooDa2-Regular.ttf]
[unmeshbd.com/UMS.UdvashUnmesh/lib/fonts/Lato-Heavy.ttf]
[unmeshbd.com/UMS.UdvashUnmesh/img/heroPattern.html]
[unmeshbd.com/media/Images/UDVASH/Common/courseBefore.html]
[unmeshbd.com/media/Images/UDVASH/Common/courseafter.html]
[udvash.com/media/Images/UDVASH/Testimonial/udvashAfter.png]
[udvash.com/media/Images/UDVASH/Testimonial/unmeshAfter.png]
[unmeshbd.com/UMS.UdvashUnmesh/css/uuu_custom.css]
[udvash.com/media/Images/UDVASH/Testimonial/uttoronAfter.html]
[unmeshbd.com/media/Images/Unmesh/heroimg1.png]
[unmeshbd.com/about-us.html]
[unmeshbd.com/privacy-policy.html]
[unmeshbd.com/terms-conditions.html]
[unmeshbd.com/cdn-cgi/l/email-protection.html]
[unmeshbd.com/Home/ResourceNotFound.html]
[connect.facebook.net/en_US/fbevents.js]
[unmeshbd.com/signals/iwl.html]
[unmeshbd.com/media/Images/Unmesh/SliderImage/2024/MAP23Top3Web1.png]
[unmeshbd.com/media/Images/Unmesh/SliderImage/2024/MAP23Top3Mob1.png]
[unmeshbd.com/media/Images/Unmesh/SliderImage/2/Dental23Top10Web.png]
[unmeshbd.com/media/Images/Unmesh/SliderImage/2/Dental23Top10Mob.png]
[unmeshbd.com/media/Images/Unmesh/Success/Med23Top50Success.png]
[unmeshbd.com/media/Images/Unmesh/Success/Dental23Top10Success.png]
[unmeshbd.com/media/Images/Unmesh/Counter/2023aaaaa.png]
[unmeshbd.com/media/Images/Unmesh/Counter/count2012a.png]
[unmeshbd.com/media/Images/Unmesh/Counter/count2021.png]
[unmeshbd.com/media/Images/Unmesh/Testimonial/F1st_.png]
[unmeshbd.com/media/Images/Unmesh/Testimonial/F2nd.png]
[unmeshbd.com/media/Images/Unmesh/Testimonial/F3rd.png]
[unmeshbd.com/media/Images/Unmesh/Testimonial/Dental23PP1.png]
[unmeshbd.com/media/Images/Unmesh/Testimonial/Dental23PP2.png]
[unmeshbd.com/media/Images/Unmesh/Testimonial/Dental23PP3.png]
[unmeshbd.com/media/Images/Video Slide/Medical.1st.jpg]
[unmeshbd.com/media/Images/Unmesh/Thumbnail/Dental231stVideoThumbnail1.png]
[unmeshbd.com/media/Images/Unmesh/Service/1.onlineofline.png]
[unmeshbd.com/media/Images/Unmesh/Service/2.teacher.png]
[unmeshbd.com/media/Images/Unmesh/Service/3.materials.png]
[unmeshbd.com/media/Images/Unmesh/Service/4.class.png]
[unmeshbd.com/media/Images/Unmesh/Service/5.uniqueExam.png]
[unmeshbd.com/media/Images/Unmesh/Service/Q & A (Unmesh).png]
[unmeshbd.com/media/Images/Unmesh/Service/6.sms.png]
[unmeshbd.com/media/Images/Unmesh/Service/7.analysis.png]
[unmeshbd.com/media/Images/Unmesh/easywritten.png]
[unmeshbd.com/media/Images/Unmesh/uniqueExam.png]
[unmeshbd.com/HomePage.html]
[unmeshbd.com/Branch/Details/20.html]
[unmeshbd.com/Branch/Details/13.html]
[unmeshbd.com/Branch/Details/18.html]
[unmeshbd.com/Branch/Details/17.html]
[unmeshbd.com/Branch/Details/16.html]
[unmeshbd.com/Branch/Details/1.html]
[unmeshbd.com/Branch/Details/10.html]
[unmeshbd.com/Branch/Details/62.html]
[unmeshbd.com/Branch/Details/15.html]
[unmeshbd.com/Branch/Details/8.html]
[unmeshbd.com/Branch/Details/7.html]
[unmeshbd.com/Branch/Details/12.html]
[unmeshbd.com/Branch/Details/4.html]
[unmeshbd.com/Branch/Details/2.html]
[unmeshbd.com/Branch/Details/66.html]
[unmeshbd.com/Branch/Details/14.html]
[unmeshbd.com/Branch/Details/6.html]
[unmeshbd.com/Branch/Details/3.html]
[unmeshbd.com/Branch/Details/9.html]
[unmeshbd.com/Branch/Details/24.html]
[unmeshbd.com/Branch/Details/19.html]
[unmeshbd.com/Branch/Details/67.html]
[unmeshbd.com/Branch/Details/33.html]
[unmeshbd.com/Branch/Details/55.html]
[unmeshbd.com/Branch/Details/39.html]
[unmeshbd.com/Branch/Details/57.html]
[unmeshbd.com/Branch/Details/58.html]
[unmeshbd.com/Branch/Details/38.html]
[unmeshbd.com/Branch/Details/72.html]
[unmeshbd.com/Branch/Details/74.html]
[unmeshbd.com/Branch/Details/37.html]
[unmeshbd.com/Branch/Details/43.html]
[unmeshbd.com/Branch/Details/60.html]
[unmeshbd.com/Branch/Details/21.html]
[unmeshbd.com/Branch/Details/22.html]
[unmeshbd.com/Branch/Details/29.html]
[unmeshbd.com/Branch/Details/61.html]
[unmeshbd.com/Branch/Details/45.html]
[unmeshbd.com/Branch/Details/44.html]
[unmeshbd.com/Branch/Details/28.html]
[unmeshbd.com/Branch/Details/51.html]
[unmeshbd.com/Branch/Details/48.html]
[unmeshbd.com/Branch/Details/50.html]
[unmeshbd.com/Branch/Details/52.html]
[unmeshbd.com/Branch/Details/36.html]
[unmeshbd.com/Branch/Details/65.html]
[unmeshbd.com/Branch/Details/41.html]
[unmeshbd.com/Branch/Details/59.html]
[unmeshbd.com/Branch/Details/32.html]
[unmeshbd.com/Branch/Details/56.html]
[unmeshbd.com/Branch/Details/23.html]
[unmeshbd.com/Branch/Details/35.html]
[unmeshbd.com/Branch/Details/53.html]
[unmeshbd.com/Branch/Details/77.html]
[unmeshbd.com/Branch/Details/78.html]
[unmeshbd.com/Branch/Details/54.html]
[unmeshbd.com/Branch/Details/31.html]
[unmeshbd.com/Branch/Details/70.html]
[unmeshbd.com/Branch/Details/79.html]
[unmeshbd.com/Branch/Details/80.html]
[unmeshbd.com/Branch/Details/69.html]
[unmeshbd.com/Branch/Details/71.html]
[unmeshbd.com/Branch/Details/75.html]
[unmeshbd.com/Branch/Details/30.html]
[unmeshbd.com/Branch/Details/34.html]
[unmeshbd.com/Branch/Details/47.html]
[unmeshbd.com/Branch/Details/46.html]
[unmeshbd.com/Branch/Details/73.html]
[unmeshbd.com/Branch/Details/76.html]
[unmeshbd.com/Branch/Details/68.html]
[unmeshbd.com/Branch/Details/26.html]
[unmeshbd.com/Branch/Details/42.html]
[unmeshbd.com/Branch/Details/49.html]
[unmeshbd.com/Branch/Details/40.html]
[unmeshbd.com/Branch/Details/25.html]
[unmeshbd.com/Branch/Details/63.html]
[unmeshbd.com/Branch/Details/64.html]
[unmeshbd.com/Branch/Details/27.html]
[unmeshbd.com/lib/bootstrap/css/bootstrap.min.css]
[unmeshbd.com/css/metisMenu.min.css]
[unmeshbd.com/css/sb-admin-2.min.css]
[unmeshbd.com/lib/font-awesome/css/font-awesome.min.css]
[unmeshbd.com/lib/jquery/jquery.min.js]
[unmeshbd.com/lib/jquery-serializeObject/jquery.serializeObject.min.js]
[unmeshbd.com/lib/bootstrap/js/bootstrap.min.js]
[unmeshbd.com/lib/notifyjs/notify.min.js]
[unmeshbd.com/js/ncc-commone352.js]
[unmeshbd.com/js/metisMenu.min.js]
[unmeshbd.com/js/sb-admin-2.min.js]
[unmeshbd.com/lib/moment/moment.js]
[unmeshbd.com/lib/bootstrap-datetimepicker/css/bootstrap-datetimepicker.min.css]
[unmeshbd.com/UMS.UdvashUnmesh/img/heroPattern.html]
[unmeshbd.com/media/Images/UDVASH/Common/courseBefore.html]
[unmeshbd.com/media/Images/UDVASH/Common/courseafter.html]
[unmeshbd.com/lib/bootstrap-datetimepicker/js/bootstrap-datetimepicker.min.js]
[udvash.com/media/Images/UDVASH/Common/favicon.png]
[udvash.com/lib/bootstrap/css/bootstrap.min.css]
[udvash.com/css/metisMenu.min.css]
[udvash.com/css/sb-admin-2.min.css]
[udvash.com/lib/font-awesome/css/font-awesome.min.css]
[udvash.com/lib/css-loader/dist/css-loader.css]
[udvash.com/lib/jquery/jquery.min.js]
[udvash.com/lib/jquery-serializeObject/jquery.serializeObject.min.js]
[udvash.com/lib/bootstrap/js/bootstrap.min.js]
[udvash.com/css/ncc-common.css]
[udvash.com/lib/notifyjs/notify.min.js]
[udvash.com/js/ncc-commone352.js]
[udvash.com/js/metisMenu.min.js]
[udvash.com/js/sb-admin-2.min.js]
[udvash.com/lib/moment/moment.js]
[udvash.com/lib/bootstrap-datetimepicker/css/bootstrap-datetimepicker.min.css]
[udvash.com/media/Images/UDVASH/Testimonial/uttoronAfter.html]
[unmeshbd.com/Home/ResourceNotFound.html]
[unmeshbd.com/schema.org/index.html]
[unmeshbd.com/signals/iwl.html]
[udvash.com/lib/bootstrap-datetimepicker/js/bootstrap-datetimepicker.min.js]
[unmeshbd.com/lib/bootstrap/fonts/glyphicons-halflings-regulard41d.eot]
[unmeshbd.com/lib/bootstrap/fonts/glyphicons-halflings-regular.woff2]
[unmeshbd.com/lib/bootstrap/fonts/glyphicons-halflings-regular.woff]
[unmeshbd.com/lib/bootstrap/fonts/glyphicons-halflings-regular.ttf]
[unmeshbd.com/lib/bootstrap/css/bootstrap.min.css]
[unmeshbd.com/css/metisMenu.min.css]
[unmeshbd.com/css/sb-admin-2.min.css]
[unmeshbd.com/lib/bootstrap/fonts/glyphicons-halflings-regular.svg]
[unmeshbd.com/lib/font-awesome/fonts/fontawesome-webfont5b62.eot]
[unmeshbd.com/lib/font-awesome/fonts/fontawesome-webfontd41d.eot]
[unmeshbd.com/lib/font-awesome/fonts/fontawesome-webfont5b62.woff2]
[unmeshbd.com/lib/font-awesome/fonts/fontawesome-webfont5b62.woff]
[unmeshbd.com/lib/font-awesome/fonts/fontawesome-webfont5b62.ttf]
[unmeshbd.com/lib/font-awesome/css/font-awesome.min.css]
[unmeshbd.com/lib/bootstrap-datetimepicker/css/bootstrap-datetimepicker.min.css]
[udvash.com/lib/bootstrap/css/bootstrap.min.css]
[udvash.com/css/metisMenu.min.css]
[udvash.com/css/sb-admin-2.min.css]
[udvash.com/lib/font-awesome/css/font-awesome.min.css]
[udvash.com/lib/css-loader/dist/css-loader.css]
[unmeshbd.com/lib/font-awesome/fonts/fontawesome-webfont5b62.svg]
[udvash.com/images/circleLoader.gif]
[udvash.com/css/ncc-common.css]
[udvash.com/lib/bootstrap-datetimepicker/css/bootstrap-datetimepicker.min.css]
[unmeshbd.com/lib/bootstrap/fonts/glyphicons-halflings-regular.svg]
[unmeshbd.com/lib/font-awesome/fonts/fontawesome-webfont5b62.svg]
